Archive member included to satisfy reference by file (symbol)

/home/materialofmouse/await-glibc/glibc-builder/glibc-2.35/build/elf/rtld-libc.a(rtld-check_fds.os)
                              /home/materialofmouse/await-glibc/glibc-builder/glibc-2.35/build/elf/dl-allobjs.os (__libc_check_standard_fds)
/home/materialofmouse/await-glibc/glibc-builder/glibc-2.35/build/elf/rtld-libc.a(rtld-errno.os)
                              /home/materialofmouse/await-glibc/glibc-builder/glibc-2.35/build/elf/dl-allobjs.os (rtld_errno)
/home/materialofmouse/await-glibc/glibc-builder/glibc-2.35/build/elf/rtld-libc.a(rtld-closedir.os)
                              /home/materialofmouse/await-glibc/glibc-builder/glibc-2.35/build/elf/dl-allobjs.os (__closedir)
/home/materialofmouse/await-glibc/glibc-builder/glibc-2.35/build/elf/rtld-libc.a(rtld-rewinddir.os)
                              /home/materialofmouse/await-glibc/glibc-builder/glibc-2.35/build/elf/dl-allobjs.os (__rewinddir)
/home/materialofmouse/await-glibc/glibc-builder/glibc-2.35/build/elf/rtld-libc.a(rtld-readdir64.os)
                              /home/materialofmouse/await-glibc/glibc-builder/glibc-2.35/build/elf/dl-allobjs.os (__readdir64)
/home/materialofmouse/await-glibc/glibc-builder/glibc-2.35/build/elf/rtld-libc.a(rtld-fdopendir.os)
                              /home/materialofmouse/await-glibc/glibc-builder/glibc-2.35/build/elf/dl-allobjs.os (__fdopendir)
/home/materialofmouse/await-glibc/glibc-builder/glibc-2.35/build/elf/rtld-libc.a(rtld-getdents64.os)
                              /home/materialofmouse/await-glibc/glibc-builder/glibc-2.35/build/elf/rtld-libc.a(rtld-readdir64.os) (__getdents64)
/home/materialofmouse/await-glibc/glibc-builder/glibc-2.35/build/elf/rtld-libc.a(rtld-dl-addr-obj.os)
                              /home/materialofmouse/await-glibc/glibc-builder/glibc-2.35/build/elf/dl-allobjs.os (_dl_addr_inside_object)
/home/materialofmouse/await-glibc/glibc-builder/glibc-2.35/build/elf/rtld-libc.a(rtld-profil.os)
                              /home/materialofmouse/await-glibc/glibc-builder/glibc-2.35/build/elf/dl-allobjs.os (__profil)
/home/materialofmouse/await-glibc/glibc-builder/glibc-2.35/build/elf/rtld-libc.a(rtld-prof-freq.os)
                              /home/materialofmouse/await-glibc/glibc-builder/glibc-2.35/build/elf/dl-allobjs.os (__profile_frequency)
/home/materialofmouse/await-glibc/glibc-builder/glibc-2.35/build/elf/rtld-libc.a(rtld-stat64.os)
                              /home/materialofmouse/await-glibc/glibc-builder/glibc-2.35/build/elf/dl-allobjs.os (__GI___stat64)
/home/materialofmouse/await-glibc/glibc-builder/glibc-2.35/build/elf/rtld-libc.a(rtld-fstat64.os)
                              /home/materialofmouse/await-glibc/glibc-builder/glibc-2.35/build/elf/dl-allobjs.os (__GI___fstat64)
/home/materialofmouse/await-glibc/glibc-builder/glibc-2.35/build/elf/rtld-libc.a(rtld-lstat64.os)
                              /home/materialofmouse/await-glibc/glibc-builder/glibc-2.35/build/elf/dl-allobjs.os (__GI___lstat64)
/home/materialofmouse/await-glibc/glibc-builder/glibc-2.35/build/elf/rtld-libc.a(rtld-fstatat64.os)
                              /home/materialofmouse/await-glibc/glibc-builder/glibc-2.35/build/elf/dl-allobjs.os (__GI___fstatat64)
/home/materialofmouse/await-glibc/glibc-builder/glibc-2.35/build/elf/rtld-libc.a(rtld-openat64.os)
                              /home/materialofmouse/await-glibc/glibc-builder/glibc-2.35/build/elf/dl-allobjs.os (openat)
/home/materialofmouse/await-glibc/glibc-builder/glibc-2.35/build/elf/rtld-libc.a(rtld-lseek64.os)
                              /home/materialofmouse/await-glibc/glibc-builder/glibc-2.35/build/elf/dl-allobjs.os (__lseek)
/home/materialofmouse/await-glibc/glibc-builder/glibc-2.35/build/elf/rtld-libc.a(rtld-access.os)
                              /home/materialofmouse/await-glibc/glibc-builder/glibc-2.35/build/elf/dl-allobjs.os (__access)
/home/materialofmouse/await-glibc/glibc-builder/glibc-2.35/build/elf/rtld-libc.a(rtld-close_nocancel.os)
                              /home/materialofmouse/await-glibc/glibc-builder/glibc-2.35/build/elf/dl-allobjs.os (__GI___close_nocancel)
/home/materialofmouse/await-glibc/glibc-builder/glibc-2.35/build/elf/rtld-libc.a(rtld-fcntl_nocancel.os)
                              /home/materialofmouse/await-glibc/glibc-builder/glibc-2.35/build/elf/dl-allobjs.os (__GI___fcntl64_nocancel)
/home/materialofmouse/await-glibc/glibc-builder/glibc-2.35/build/elf/rtld-libc.a(rtld-open64_nocancel.os)
                              /home/materialofmouse/await-glibc/glibc-builder/glibc-2.35/build/elf/dl-allobjs.os (__GI___open64_nocancel)
/home/materialofmouse/await-glibc/glibc-builder/glibc-2.35/build/elf/rtld-libc.a(rtld-read_nocancel.os)
                              /home/materialofmouse/await-glibc/glibc-builder/glibc-2.35/build/elf/dl-allobjs.os (__GI___read_nocancel)
[...]
Memory Configuration

Name             Origin             Length             Attributes
*default*        0x0000000000000000 0xffffffffffffffff

Linker script and memory map

START GROUP
LOAD /home/materialofmouse/await-glibc/glibc-builder/glibc-2.35/build/elf/dl-allobjs.os
LOAD /home/materialofmouse/await-glibc/glibc-builder/glibc-2.35/build/elf/rtld-libc.a
LOAD /usr/lib/gcc/x86_64-linux-gnu/11/libgcc.a
END GROUP

.interp
 *(.interp)

.note.gnu.property
                0x0000000000000000       0x20
 .note.gnu.property
                0x0000000000000000       0x20 /home/materialofmouse/await-glibc/glibc-builder/glibc-2.35/build/elf/dl-allobjs.os

.note.gnu.build-id
 *(.note.gnu.build-id)

.hash
 *(.hash)

.gnu.hash
 *(.gnu.hash)

.dynsym
 *(.dynsym)

.dynstr
 *(.dynstr)

.gnu.version
 *(.gnu.version)

.gnu.version_d
 *(.gnu.version_d)

.gnu.version_r
 *(.gnu.version_r)

.rela.init
 *(.rela.init)

.rela.text
 *(.rela.text)

.rela.fini
 *(.rela.fini)

.rela.rodata
 *(.rela.rodata)

.rela.data.rel.ro
 *(.rela.data.rel.ro)

.rela.data
 *(.rela.data)

.rela.tdata
 *(.rela.tdata)

.rela.tbss
 *(.rela.tbss)

.rela.ctors
 *(.rela.ctors)

.rela.dtors
 *(.rela.dtors)

.rela.got
 *(.rela.got)

.rela.bss
 *(.rela.bss)

.rela.ldata
 *(.rela.ldata)

.rela.lbss
 *(.rela.lbss)

.rela.lrodata
 *(.rela.lrodata)

.rela.ifunc
 *(.rela.ifunc)

.rela.plt
 *(.rela.plt)

.relr.dyn
 *(.relr.dyn)

.init
 *(SORT_NONE(.init))

.plt
 *(.plt)

.plt.got
 *(.plt.got)

.plt.sec
 *(.plt.sec)

.text           0x0000000000000000    0x26fc3
 *(.text .stub)
 .text          0x0000000000000000    0x21fa4 /home/materialofmouse/await-glibc/glibc-builder/glibc-2.35/build/elf/dl-allobjs.os
                0x0000000000000000                _dl_call_libc_early_init
                0x0000000000000240                _dl_close_worker
                0x0000000000001010                _dl_close
                0x0000000000001080                _dl_debug_state
                0x0000000000001080                __GI__dl_debug_state
                0x0000000000001090                _dl_debug_update
                0x00000000000010e0                _dl_debug_initialize
                0x00000000000012b0                _dl_map_object_deps
                0x00000000000024b0                _dl_error_free
                0x00000000000024e0                _dl_exception_create
                0x00000000000024e0                __GI__dl_exception_create
                0x00000000000025c0                __GI__dl_exception_create_format
                0x00000000000025c0                _dl_exception_create_format
                0x0000000000002a50                _dl_exception_free
                0x0000000000002a50                __GI__dl_exception_free
                0x0000000000002a80                _dl_make_stacks_executable
                0x0000000000002bf0                __GI___nptl_change_stack_perm
                0x0000000000002bf0                __nptl_change_stack_perm
                0x0000000000002e40                __GI__dl_find_object
                0x0000000000002e40                _dl_find_object
                0x00000000000031c0                _dlfo_sort_mappings
                0x0000000000003270                _dl_find_object_init
                0x0000000000003420                _dl_find_object_update
                0x0000000000003930                _dl_find_object_dlclose
                0x0000000000003a00                _dl_find_object_freeres
                0x0000000000003a70                _dl_fini
                0x0000000000003f40                _dl_init
                0x0000000000005350                _dl_dst_count
                0x0000000000005400                _dl_dst_substitute
                0x0000000000005b70                _dl_init_openat_paths
                0x0000000000005d40                _dl_init_paths
                0x00000000000060c0                _dl_process_pt_gnu_property
                0x00000000000078f0                _dl_map_object
                0x00000000000087a0                _dl_rtld_di_serinfo
                0x0000000000009810                _dl_lookup_symbol_x
                0x000000000000a8b0                _dl_lookup_direct
                0x000000000000aa60                __minimal_malloc
                0x000000000000ab80                __minimal_calloc
                0x000000000000abc0                __minimal_free
                0x000000000000ac00                __minimal_realloc
                0x000000000000ac90                _dl_sysdep_read_whole_file
                0x000000000000ad20                _dl_name_match_p
                0x000000000000ad90                _dl_higher_prime_number
                0x000000000000ade0                _dl_strtoul
                0x000000000000af50                _dl_add_to_namespace_list
                0x000000000000aff0                _dl_new_object
                0x000000000000b820                __GI__dl_find_dso_for_object
                0x000000000000b820                _dl_find_dso_for_object
                0x000000000000b8f0                _dl_open
                0x000000000000bbe0                _dl_show_scope
                0x000000000000c750                _dl_get_origin
                0x000000000000cff0                _dl_debug_printf
                0x000000000000d0a0                _dl_debug_printf_c
                0x000000000000d150                _dl_dprintf
                0x000000000000d1f0                _dl_printf
                0x000000000000d2a0                _dl_error_printf
                0x000000000000d350                _dl_fatal_printf
                0x000000000000d350                __GI__dl_fatal_printf
                0x000000000000d400                _dl_start_profile
                0x000000000000dbe0                __GI__dl_mcount
                0x000000000000dbe0                _dl_mcount
                0x000000000000de30                _dl_try_allocate_static_tls
                0x000000000000df50                _dl_allocate_static_tls
                0x000000000000df90                _dl_protect_relro
                0x000000000000e000                _dl_reloc_bad_type
                0x000000000000e0d0                _dl_relocate_object
                0x0000000000010160                _dl_fixup
                0x0000000000010400                _dl_profile_fixup
                0x0000000000010730                _dl_scope_free
                0x0000000000010830                _dl_setup_hash
                0x00000000000109e0                _dl_sort_maps_init
                0x0000000000010a10                _dl_sort_maps
                0x0000000000010e90                __thread_gscope_wait
                0x0000000000011340                _dl_tls_static_surplus_init
                0x00000000000113d0                _dl_assign_tls_modid
                0x00000000000114e0                _dl_count_modids
                0x0000000000011550                _dl_determine_tlsoffset
                0x0000000000011700                _dl_get_tls_static_info
                0x0000000000011720                _dl_allocate_tls_storage
                0x00000000000117f0                __GI__dl_allocate_tls_init
                0x00000000000117f0                _dl_allocate_tls_init
                0x0000000000011a90                __GI__dl_allocate_tls
                0x0000000000011a90                _dl_allocate_tls
                0x0000000000011ad0                _dl_deallocate_tls
                0x0000000000011ad0                __GI__dl_deallocate_tls
                0x0000000000011b60                _dl_update_slotinfo
                0x0000000000011db0                __GI___tls_get_addr
                0x0000000000011db0                ___tls_get_addr
                0x0000000000011df0                _dl_tls_get_addr_soft
                0x0000000000011e70                _dl_add_to_slotinfo
                0x0000000000011f90                _dl_init_static_tls
                0x00000000000120c0                __tls_get_addr_slow
                0x0000000000012100                __tls_pre_init_tp
                0x0000000000012160                __tls_init_tp
                0x00000000000122a0                _dl_runtime_profile_avx512
                0x00000000000126b0                _dl_runtime_profile_avx
                0x0000000000012ac0                _dl_runtime_profile_sse
                0x0000000000012c50                _dl_runtime_resolve_fxsave
                0x0000000000012cd0                _dl_runtime_resolve_xsave
                0x0000000000012da0                _dl_runtime_resolve_xsavec
                0x0000000000012e60                _dl_check_map_versions
                0x00000000000135f0                _dl_check_all_versions
                0x0000000000013670                _dl_write
                0x0000000000013680                _dl_cache_libcmp
                0x0000000000013e40                _dl_load_cache_lookup
                0x00000000000141d0                _dl_unload_cache
                0x0000000000014300                __GI___tunable_set_val
                0x0000000000014330                __GI___tunables_init
                0x00000000000148f0                __GI___tunables_print
                0x0000000000014a00                __tunable_get_val
                0x0000000000014a00                __GI___tunable_get_val
                0x0000000000014a70                _dl_make_tlsdesc_dynamic
                0x0000000000014d20                _dl_unmap
                0x0000000000014da0                _dl_tlsdesc_return
                0x0000000000014db0                _dl_tlsdesc_undefweak
                0x0000000000014dd0                _dl_tlsdesc_dynamic
                0x0000000000014e70                __tls_get_addr
                0x0000000000017010                __x86_cpu_features
                0x0000000000017040                _dl_x86_init_cpu_features
                0x0000000000017060                _dl_x86_get_cpu_features
                0x0000000000017500                _dl_cet_open_check
                0x0000000000017510                _dl_cet_check
                0x0000000000017520                _dl_audit_activity_map
                0x00000000000175b0                _dl_audit_activity_nsid
                0x00000000000175f0                _dl_audit_objsearch
                0x00000000000176c0                _dl_audit_objopen
                0x0000000000017770                _dl_audit_objclose
                0x0000000000017810                _dl_audit_preinit
                0x00000000000178a0                _dl_audit_symbind_alt
                0x00000000000178a0                __GI__dl_audit_symbind_alt
                0x0000000000017a80                _dl_audit_symbind
                0x0000000000017d50                _dl_audit_pltenter
                0x0000000000017fa0                _dl_audit_pltexit
                0x0000000000018130                _dl_resolve_conflicts
                0x0000000000018350                _dl_diagnostics_print_string
                0x00000000000183d0                _dl_diagnostics_print_labeled_string
                0x0000000000018420                _dl_diagnostics_print_labeled_value
                0x0000000000018440                _dl_print_diagnostics
                0x0000000000018860                _dl_diagnostics_cpu
                0x0000000000018f60                _dl_diagnostics_kernel
                0x0000000000019000                _dl_next_ld_env_entry
                0x0000000000019050                unsetenv
                0x0000000000019180                _dl_signal_exception
                0x00000000000191d0                _dl_signal_error
                0x0000000000019230                _dl_signal_cexception
                0x00000000000192c0                _dl_signal_cerror
                0x0000000000019350                _dl_catch_exception
                0x0000000000019440                _dl_catch_error
                0x0000000000019490                _dl_receive_error
                0x00000000000194e0                _rtld_catch_error
                0x0000000000019590                _dl_important_hwcaps
                0x0000000000019f00                _dl_hwcaps_subdirs_active
                0x0000000000019fd0                _dl_hwcaps_split
                0x000000000001a070                _dl_hwcaps_contains
                0x000000000001a0e0                _dl_hwcaps_split_masked
                0x000000000001a130                __rtld_libc_freeres
                0x000000000001a140                __rtld_malloc_init_stubs
                0x000000000001a180                __sigjmp_save
                0x000000000001a190                __strerror_r
                0x000000000001a280                __GI___libc_fatal
                0x000000000001a280                __libc_fatal
                0x000000000001a2a0                __GI___chk_fail
                0x000000000001a2a0                __chk_fail
                0x000000000001a2c0                __GI___assert_fail
                0x000000000001a2c0                __assert_fail
                0x000000000001a300                __rtld_malloc_is_complete
                0x000000000001a410                __rtld_malloc_init_real
                0x000000000001a510                __GI___assert_perror_fail
                0x000000000001a510                __assert_perror_fail
                0x000000000001a570                _itoa
                0x000000000001a5d0                __strsep
                0x000000000001a5d0                strsep
                0x000000000001a5d0                __strsep_g
                0x000000000001a660                __rtld_mutex_init
                0x000000000001a760                _dl_tunable_set_hwcaps
                0x000000000001b1c0                _dl_tunable_set_x86_ibt
                0x000000000001b240                _dl_tunable_set_x86_shstk
                0x000000000001b2c0                _dl_sysdep_start
                0x000000000001b700                _dl_sysdep_start_cleanup
                0x000000000001b710                _dl_show_auxv
                0x000000000001b8c0                _dl_discover_osversion
                0x000000000001bb50                _dl_usage
                0x000000000001bbc0                _dl_version
                0x000000000001bbe0                _dl_help
                0x000000000001c100                _start
                0x000000000001c108                _dl_start_user
                0x000000000001d500                handle_preload_list
                0x0000000000021710                __brk
                0x0000000000021710                brk
                0x0000000000021740                sbrk
                0x0000000000021740                __sbrk
                0x00000000000217d0                __getcwd
                0x00000000000217d0                getcwd
                0x0000000000021dc0                openat64
                0x0000000000021e20                __alloc_dir
                0x0000000000021f00                __opendir
                0x0000000000021f00                opendir
 *fill*         0x0000000000021fa4        0xc 
 .text          0x0000000000021fb0       0xd6 /home/materialofmouse/await-glibc/glibc-builder/glibc-2.35/build/elf/rtld-libc.a(rtld-check_fds.os)
                0x0000000000022050                __libc_check_standard_fds
 .text          0x0000000000022086        0x0 /home/materialofmouse/await-glibc/glibc-builder/glibc-2.35/build/elf/rtld-libc.a(rtld-errno.os)
 *fill*         0x0000000000022086        0xa 
 .text          0x0000000000022090       0x2a /home/materialofmouse/await-glibc/glibc-builder/glibc-2.35/build/elf/rtld-libc.a(rtld-closedir.os)
                0x0000000000022090                __closedir
                0x0000000000022090                closedir
 *fill*         0x00000000000220ba        0x6 
 .text          0x00000000000220c0       0x34 /home/materialofmouse/await-glibc/glibc-builder/glibc-2.35/build/elf/rtld-libc.a(rtld-rewinddir.os)
                0x00000000000220c0                rewinddir
                0x00000000000220c0                __rewinddir
 *fill*         0x00000000000220f4        0xc 
 .text          0x0000000000022100       0x90 /home/materialofmouse/await-glibc/glibc-builder/glibc-2.35/build/elf/rtld-libc.a(rtld-readdir64.os)
                0x0000000000022100                readdir
                0x0000000000022100                __readdir64
                0x0000000000022100                __readdir
                0x0000000000022100                readdir64
 .text          0x0000000000022190       0x8e /home/materialofmouse/await-glibc/glibc-builder/glibc-2.35/build/elf/rtld-libc.a(rtld-fdopendir.os)
                0x0000000000022190                fdopendir
                0x0000000000022190                __fdopendir
 *fill*         0x000000000002221e        0x2 
 .text          0x0000000000022220       0x30 /home/materialofmouse/await-glibc/glibc-builder/glibc-2.35/build/elf/rtld-libc.a(rtld-getdents64.os)
                0x0000000000022220                __getdents
                0x0000000000022220                getdents64
                0x0000000000022220                __getdents64
 .text          0x0000000000022250       0x7b /home/materialofmouse/await-glibc/glibc-builder/glibc-2.35/build/elf/rtld-libc.a(rtld-dl-addr-obj.os)
                0x0000000000022250                _dl_addr_inside_object
 *fill*         0x00000000000222cb        0x5 
 .text          0x00000000000222d0       0xf7 /home/materialofmouse/await-glibc/glibc-builder/glibc-2.35/build/elf/rtld-libc.a(rtld-profil.os)
                0x0000000000022320                __profil
                0x0000000000022320                profil
 *fill*         0x00000000000223c7        0x9 
 .text          0x00000000000223d0        0xb /home/materialofmouse/await-glibc/glibc-builder/glibc-2.35/build/elf/rtld-libc.a(rtld-prof-freq.os)
                0x00000000000223d0                __profile_frequency
 *fill*         0x00000000000223db        0x5 
 .text          0x00000000000223e0       0x16 /home/materialofmouse/await-glibc/glibc-builder/glibc-2.35/build/elf/rtld-libc.a(rtld-stat64.os)
                0x00000000000223e0                stat64
                0x00000000000223e0                __stat
                0x00000000000223e0                __stat64
                0x00000000000223e0                stat
                0x00000000000223e0                __GI___stat64
 *fill*         0x00000000000223f6        0xa 
 .text          0x0000000000022400       0x30 /home/materialofmouse/await-glibc/glibc-builder/glibc-2.35/build/elf/rtld-libc.a(rtld-fstat64.os)
                0x0000000000022400                __GI___fstat64
                0x0000000000022400                fstat64
                0x0000000000022400                fstat
                0x0000000000022400                __fstat64
                0x0000000000022400                __fstat
 .text          0x0000000000022430       0x19 /home/materialofmouse/await-glibc/glibc-builder/glibc-2.35/build/elf/rtld-libc.a(rtld-lstat64.os)
                0x0000000000022430                __lstat64
                0x0000000000022430                lstat
                0x0000000000022430                lstat64
                0x0000000000022430                __GI___lstat64
                0x0000000000022430                __lstat
 *fill*         0x0000000000022449        0x7 
 .text          0x0000000000022450       0x2e /home/materialofmouse/await-glibc/glibc-builder/glibc-2.35/build/elf/rtld-libc.a(rtld-fstatat64.os)
                0x0000000000022450                fstatat
                0x0000000000022450                __fstatat
                0x0000000000022450                fstatat64
                0x0000000000022450                __fstatat64
                0x0000000000022450                __GI___fstatat
                0x0000000000022450                __GI___fstatat64
 *fill*         0x000000000002247e        0x2 
 .text          0x0000000000022480       0x66 /home/materialofmouse/await-glibc/glibc-builder/glibc-2.35/build/elf/rtld-libc.a(rtld-openat64.os)
                0x0000000000022480                __openat64
                0x0000000000022480                __libc_openat64
                0x0000000000022480                __openat
                0x0000000000022480                openat
 *fill*         0x00000000000224e6        0xa 
 .text          0x00000000000224f0       0x28 /home/materialofmouse/await-glibc/glibc-builder/glibc-2.35/build/elf/rtld-libc.a(rtld-lseek64.os)
                0x00000000000224f0                __lseek64
                0x00000000000224f0                lseek
                0x00000000000224f0                __libc_lseek64
                0x00000000000224f0                __lseek
                0x00000000000224f0                __libc_lseek
                0x00000000000224f0                lseek64
 *fill*         0x0000000000022518        0x8 
 .text          0x0000000000022520       0x26 /home/materialofmouse/await-glibc/glibc-builder/glibc-2.35/build/elf/rtld-libc.a(rtld-access.os)
                0x0000000000022520                access
                0x0000000000022520                __access
 *fill*         0x0000000000022546        0xa 
 .text          0x0000000000022550       0x26 /home/materialofmouse/await-glibc/glibc-builder/glibc-2.35/build/elf/rtld-libc.a(rtld-close_nocancel.os)
                0x0000000000022550                __GI___close_nocancel
 *fill*         0x0000000000022576        0xa 
 .text          0x0000000000022580       0xde /home/materialofmouse/await-glibc/glibc-builder/glibc-2.35/build/elf/rtld-libc.a(rtld-fcntl_nocancel.os)
                0x0000000000022580                __fcntl64_nocancel
                0x0000000000022580                __GI___fcntl64_nocancel
                0x0000000000022600                __fcntl64_nocancel_adjusted
 *fill*         0x000000000002265e        0x2 
 .text          0x0000000000022660       0x7e /home/materialofmouse/await-glibc/glibc-builder/glibc-2.35/build/elf/rtld-libc.a(rtld-open64_nocancel.os)
                0x0000000000022660                __GI___open_nocancel
                0x0000000000022660                __open_nocancel
                0x0000000000022660                __GI___open64_nocancel
                0x0000000000022660                __open64_nocancel
 *fill*         0x00000000000226de        0x2 
 .text          0x00000000000226e0       0x28 /home/materialofmouse/await-glibc/glibc-builder/glibc-2.35/build/elf/rtld-libc.a(rtld-read_nocancel.os)
                0x00000000000226e0                __read_nocancel
                0x00000000000226e0                __GI___read_nocancel
 *fill*         0x0000000000022708        0x8 
 .text          0x0000000000022710       0x30 /home/materialofmouse/await-glibc/glibc-builder/glibc-2.35/build/elf/rtld-libc.a(rtld-pread64_nocancel.os)
                0x0000000000022710                __GI___pread64_nocancel
                0x0000000000022710                __pread64_nocancel
 .text          0x0000000000022740       0x28 /home/materialofmouse/await-glibc/glibc-builder/glibc-2.35/build/elf/rtld-libc.a(rtld-write_nocancel.os)
                0x0000000000022740                __GI___write_nocancel
                0x0000000000022740                __write_nocancel
 *fill*         0x0000000000022768        0x8 
 .text          0x0000000000022770       0xb0 /home/materialofmouse/await-glibc/glibc-builder/glibc-2.35/build/elf/rtld-libc.a(rtld-scratch_buffer_set_array_size.os)
                0x0000000000022770                __libc_scratch_buffer_set_array_size
 .text          0x0000000000022820       0x48 /home/materialofmouse/await-glibc/glibc-builder/glibc-2.35/build/elf/rtld-libc.a(rtld-mmap64.os)
                0x0000000000022820                __mmap
                0x0000000000022820                mmap
                0x0000000000022820                __mmap64
                0x0000000000022820                mmap64
 *fill*         0x0000000000022868        0x8 
 .text          0x0000000000022870       0x24 /home/materialofmouse/await-glibc/glibc-builder/glibc-2.35/build/elf/rtld-libc.a(rtld-munmap.os)
                0x0000000000022870                munmap
                0x0000000000022870                __GI___munmap
                0x0000000000022870                __GI_munmap
                0x0000000000022870                __munmap
 *fill*         0x0000000000022894        0xc 
 .text          0x00000000000228a0       0x24 /home/materialofmouse/await-glibc/glibc-builder/glibc-2.35/build/elf/rtld-libc.a(rtld-mprotect.os)
                0x00000000000228a0                __mprotect
                0x00000000000228a0                __GI___mprotect
                0x00000000000228a0                __GI_mprotect
                0x00000000000228a0                mprotect
 *fill*         0x00000000000228c4        0xc 
 .text          0x00000000000228d0      0x108 /home/materialofmouse/await-glibc/glibc-builder/glibc-2.35/build/elf/rtld-libc.a(rtld-lowlevellock.os)
                0x00000000000228d0                __lll_lock_wait_private
                0x0000000000022930                __lll_lock_wait
                0x00000000000229a0                __lll_lock_wake_private
                0x00000000000229c0                __lll_lock_wake
 *fill*         0x00000000000229d8        0x8 
 .text          0x00000000000229e0       0x24 /home/materialofmouse/await-glibc/glibc-builder/glibc-2.35/build/elf/rtld-libc.a(rtld-uname.os)
                0x00000000000229e0                uname
                0x00000000000229e0                __GI_uname
                0x00000000000229e0                __uname
                0x00000000000229e0                __GI___uname
 *fill*         0x0000000000022a04        0xc 
 .text          0x0000000000022a10       0x42 /home/materialofmouse/await-glibc/glibc-builder/glibc-2.35/build/elf/rtld-libc.a(rtld-_exit.os)
                0x0000000000022a10                _Exit
                0x0000000000022a10                __GI__exit
                0x0000000000022a10                _exit
 *fill*         0x0000000000022a52        0xe 
 .text          0x0000000000022a60        0xc /home/materialofmouse/await-glibc/glibc-builder/glibc-2.35/build/elf/rtld-libc.a(rtld-getpid.os)
                0x0000000000022a60                __getpid
                0x0000000000022a60                getpid
                0x0000000000022a60                __GI_getpid
                0x0000000000022a60                __GI___getpid
 .text          0x0000000000022a6c        0x0 /home/materialofmouse/await-glibc/glibc-builder/glibc-2.35/build/elf/rtld-libc.a(rtld-environ.os)
 *fill*         0x0000000000022a6c        0x4 
 .text          0x0000000000022a70       0x5e /home/materialofmouse/await-glibc/glibc-builder/glibc-2.35/build/elf/rtld-libc.a(rtld-setjmp.os)
                0x0000000000022a70                __sigsetjmp
                0x0000000000022a70                __GI___sigsetjmp
 *fill*         0x0000000000022ace        0x2 
 .text          0x0000000000022ad0       0x7c /home/materialofmouse/await-glibc/glibc-builder/glibc-2.35/build/elf/rtld-libc.a(rtld-__longjmp.os)
                0x0000000000022ad0                __longjmp
 *fill*         0x0000000000022b4c        0x4 
 .text          0x0000000000022b50       0x30 /home/materialofmouse/await-glibc/glibc-builder/glibc-2.35/build/elf/rtld-libc.a(rtld-sigaction.os)
                0x0000000000022b50                sigaction
                0x0000000000022b50                __sigaction
 .text          0x0000000000022b80      0x1b1 /home/materialofmouse/await-glibc/glibc-builder/glibc-2.35/build/elf/rtld-libc.a(rtld-libc_sigaction.os)
                0x0000000000022ba0                __libc_sigaction
 *fill*         0x0000000000022d31        0xf 
 .text          0x0000000000022d40       0x4a /home/materialofmouse/await-glibc/glibc-builder/glibc-2.35/build/elf/rtld-libc.a(rtld-strdup.os)
                0x0000000000022d40                __strdup
                0x0000000000022d40                strdup
 *fill*         0x0000000000022d8a        0x6 
 .text          0x0000000000022d90       0x10 /home/materialofmouse/await-glibc/glibc-builder/glibc-2.35/build/elf/rtld-libc.a(rtld-strtok.os)
                0x0000000000022d90                strtok
 .text          0x0000000000022da0       0x75 /home/materialofmouse/await-glibc/glibc-builder/glibc-2.35/build/elf/rtld-libc.a(rtld-strtok_r.os)
                0x0000000000022da0                strtok_r
                0x0000000000022da0                __strtok_r
 *fill*         0x0000000000022e15        0xb 
 .text          0x0000000000022e20        0x9 /home/materialofmouse/await-glibc/glibc-builder/glibc-2.35/build/elf/rtld-libc.a(rtld-strerrorname_np.os)
                0x0000000000022e20                strerrorname_np
 *fill*         0x0000000000022e29        0x7 
 .text          0x0000000000022e30     0x1449 /home/materialofmouse/await-glibc/glibc-builder/glibc-2.35/build/elf/rtld-libc.a(rtld-strcmp-sse2.os)
                0x0000000000022e30                strcmp
 *fill*         0x0000000000024279        0x7 
 .text          0x0000000000024280     0x1859 /home/materialofmouse/await-glibc/glibc-builder/glibc-2.35/build/elf/rtld-libc.a(rtld-strncmp-sse2.os)
                0x0000000000024280                strncmp
 *fill*         0x0000000000025ad9        0x7 
 .text          0x0000000000025ae0      0x323 /home/materialofmouse/await-glibc/glibc-builder/glibc-2.35/build/elf/rtld-libc.a(rtld-memchr-sse2.os)
                0x0000000000025ae0                memchr
                0x0000000000025ae0                __memchr
 *fill*         0x0000000000025e03        0xd 
 .text          0x0000000000025e10      0x209 /home/materialofmouse/await-glibc/glibc-builder/glibc-2.35/build/elf/rtld-libc.a(rtld-rawmemchr-sse2.os)
                0x0000000000025e10                __rawmemchr
                0x0000000000025e10                rawmemchr
 *fill*         0x0000000000026019        0x7 
 .text          0x0000000000026020      0x400 /home/materialofmouse/await-glibc/glibc-builder/glibc-2.35/build/elf/rtld-libc.a(rtld-memcmp-sse2.os)
                0x0000000000026020                bcmp
                0x0000000000026020                memcmp
 .text          0x0000000000026420      0x22a /home/materialofmouse/await-glibc/glibc-builder/glibc-2.35/build/elf/rtld-libc.a(rtld-strchr-sse2.os)
                0x0000000000026420                index
                0x0000000000026420                strchr
 *fill*         0x000000000002664a        0x6 
 .text          0x0000000000026650      0x19c /home/materialofmouse/await-glibc/glibc-builder/glibc-2.35/build/elf/rtld-libc.a(rtld-strlen-sse2.os)
                0x0000000000026650                strlen
 *fill*         0x00000000000267ec        0x4 
 .text          0x00000000000267f0      0x218 /home/materialofmouse/await-glibc/glibc-builder/glibc-2.35/build/elf/rtld-libc.a(rtld-strnlen-sse2.os)
                0x00000000000267f0                __strnlen
                0x00000000000267f0                strnlen
 *fill*         0x0000000000026a08        0x8 
 .text          0x0000000000026a10       0xec /home/materialofmouse/await-glibc/glibc-builder/glibc-2.35/build/elf/rtld-libc.a(rtld-stpcpy-sse2.os)
                0x0000000000026a10                stpcpy
                0x0000000000026a10                __stpcpy
 *fill*         0x0000000000026afc        0x4 
 .text          0x0000000000026b00       0xa7 /home/materialofmouse/await-glibc/glibc-builder/glibc-2.35/build/elf/rtld-libc.a(rtld-strcspn-sse2.os)
                0x0000000000026b00                strcspn
 *fill*         0x0000000000026ba7        0x9 
 .text          0x0000000000026bb0      0x1f1 /home/materialofmouse/await-glibc/glibc-builder/glibc-2.35/build/elf/rtld-libc.a(rtld-memmove-sse2-unaligned-erms.os)
                0x0000000000026bb0                mempcpy
                0x0000000000026bb0                __mempcpy
                0x0000000000026bc0                memmove
                0x0000000000026bc0                memcpy
 *fill*         0x0000000000026da1        0xf 
 .text          0x0000000000026db0       0xd9 /home/materialofmouse/await-glibc/glibc-builder/glibc-2.35/build/elf/rtld-libc.a(rtld-memset-sse2-unaligned-erms.os)
                0x0000000000026db0                memset
 *fill*         0x0000000000026e89        0x7 
 .text          0x0000000000026e90       0xa7 /home/materialofmouse/await-glibc/glibc-builder/glibc-2.35/build/elf/rtld-libc.a(rtld-strspn-sse2.os)
                0x0000000000026e90                strspn
 *fill*         0x0000000000026f37        0x9 
 .text          0x0000000000026f40       0x26 /home/materialofmouse/await-glibc/glibc-builder/glibc-2.35/build/elf/rtld-libc.a(rtld-setitimer.os)
                0x0000000000026f40                setitimer
                0x0000000000026f40                __setitimer
 *fill*         0x0000000000026f66        0xa 
 .text          0x0000000000026f70       0x53 /home/materialofmouse/await-glibc/glibc-builder/glibc-2.35/build/elf/rtld-libc.a(rtld-errlist.os)
                0x0000000000026f70                __get_errlist
                0x0000000000026f90                __get_errname
 *(.gnu.warning)

.text.compat    0x0000000000000000        0x5
 .text.compat   0x0000000000000000        0x5 /home/materialofmouse/await-glibc/glibc-builder/glibc-2.35/build/elf/dl-allobjs.os
                0x0000000000000000                __rtld_version_placeholder_1
                0x0000000000000000                __rtld_version_placeholder@GLIBC_2.34

.fini
 *(SORT_NONE(.fini))

.rodata         0x0000000000000000     0x198c
 *(.rodata)
 .rodata        0x0000000000000000     0x1393 /home/materialofmouse/await-glibc/glibc-builder/glibc-2.35/build/elf/dl-allobjs.os
 *fill*         0x0000000000001393        0x5 
 .rodata        0x0000000000001398       0x40 /home/materialofmouse/await-glibc/glibc-builder/glibc-2.35/build/elf/rtld-libc.a(rtld-strcmp-sse2.os)
 .rodata        0x00000000000013d8       0x40 /home/materialofmouse/await-glibc/glibc-builder/glibc-2.35/build/elf/rtld-libc.a(rtld-strncmp-sse2.os)
 *fill*         0x0000000000001418        0x8 
 .rodata        0x0000000000001420      0x56c /home/materialofmouse/await-glibc/glibc-builder/glibc-2.35/build/elf/rtld-libc.a(rtld-errlist.os)

.rodata.str1.1  0x0000000000000000     0x23ad
 .rodata.str1.1
                0x0000000000000000     0x1ae6 /home/materialofmouse/await-glibc/glibc-builder/glibc-2.35/build/elf/dl-allobjs.os
 .rodata.str1.1
                0x0000000000001ae6       0x14 /home/materialofmouse/await-glibc/glibc-builder/glibc-2.35/build/elf/rtld-libc.a(rtld-check_fds.os)
 .rodata.str1.1
                0x0000000000001afa        0x1 /home/materialofmouse/await-glibc/glibc-builder/glibc-2.35/build/elf/rtld-libc.a(rtld-fstat64.os)
 .rodata.str1.1
                0x0000000000001afb      0x8b2 /home/materialofmouse/await-glibc/glibc-builder/glibc-2.35/build/elf/rtld-libc.a(rtld-errlist.os)

.rodata.str1.16
                0x0000000000000000      0x595
 .rodata.str1.16
                0x0000000000000000      0x595 /home/materialofmouse/await-glibc/glibc-builder/glibc-2.35/build/elf/dl-allobjs.os
                0x0000000000000400                _dl_hwcaps_subdirs
                0x0000000000000460                __GI__itoa_lower_digits
                0x0000000000000460                _itoa_lower_digits

.rodata.str1.8  0x0000000000000000     0x33f7
 .rodata.str1.8
                0x0000000000000000     0x2ff9 /home/materialofmouse/await-glibc/glibc-builder/glibc-2.35/build/elf/dl-allobjs.os
 *fill*         0x0000000000002ff9        0x7 
 .rodata.str1.8
                0x0000000000003000       0x37 /home/materialofmouse/await-glibc/glibc-builder/glibc-2.35/build/elf/rtld-libc.a(rtld-lowlevellock.os)
 *fill*         0x0000000000003037        0x1 
 .rodata.str1.8
                0x0000000000003038      0x3bf /home/materialofmouse/await-glibc/glibc-builder/glibc-2.35/build/elf/rtld-libc.a(rtld-errlist.os)

.rodata.str1.32
                0x0000000000000000       0x5b
 .rodata.str1.32
                0x0000000000000000       0x5b /home/materialofmouse/await-glibc/glibc-builder/glibc-2.35/build/elf/dl-allobjs.os

.rodata.cst16   0x0000000000000000       0x10
 .rodata.cst16  0x0000000000000000       0x10 /home/materialofmouse/await-glibc/glibc-builder/glibc-2.35/build/elf/dl-allobjs.os

.rodata.cst4    0x0000000000000000        0x8
 .rodata.cst4   0x0000000000000000        0x8 /home/materialofmouse/await-glibc/glibc-builder/glibc-2.35/build/elf/dl-allobjs.os
                0x0000000000000004                __rseq_flags

.rodata1
 *(.rodata1)

.eh_frame_hdr
 *(.eh_frame_hdr)

.eh_frame       0x0000000000000000     0x40f8
 *(.eh_frame)
 .eh_frame      0x0000000000000000     0x34c0 /home/materialofmouse/await-glibc/glibc-builder/glibc-2.35/build/elf/dl-allobjs.os
                                       0x3540 (size before relaxing)
 .eh_frame      0x00000000000034c0       0x68 /home/materialofmouse/await-glibc/glibc-builder/glibc-2.35/build/elf/rtld-libc.a(rtld-check_fds.os)
 .eh_frame      0x0000000000003528       0x38 /home/materialofmouse/await-glibc/glibc-builder/glibc-2.35/build/elf/rtld-libc.a(rtld-closedir.os)
 .eh_frame      0x0000000000003560       0x38 /home/materialofmouse/await-glibc/glibc-builder/glibc-2.35/build/elf/rtld-libc.a(rtld-rewinddir.os)
 .eh_frame      0x0000000000003598       0x50 /home/materialofmouse/await-glibc/glibc-builder/glibc-2.35/build/elf/rtld-libc.a(rtld-readdir64.os)
 .eh_frame      0x00000000000035e8       0x50 /home/materialofmouse/await-glibc/glibc-builder/glibc-2.35/build/elf/rtld-libc.a(rtld-fdopendir.os)
 .eh_frame      0x0000000000003638       0x30 /home/materialofmouse/await-glibc/glibc-builder/glibc-2.35/build/elf/rtld-libc.a(rtld-getdents64.os)
 .eh_frame      0x0000000000003668       0x30 /home/materialofmouse/await-glibc/glibc-builder/glibc-2.35/build/elf/rtld-libc.a(rtld-dl-addr-obj.os)
 .eh_frame      0x0000000000003698       0x48 /home/materialofmouse/await-glibc/glibc-builder/glibc-2.35/build/elf/rtld-libc.a(rtld-profil.os)
 .eh_frame      0x00000000000036e0       0x30 /home/materialofmouse/await-glibc/glibc-builder/glibc-2.35/build/elf/rtld-libc.a(rtld-prof-freq.os)
 .eh_frame      0x0000000000003710       0x30 /home/materialofmouse/await-glibc/glibc-builder/glibc-2.35/build/elf/rtld-libc.a(rtld-stat64.os)
 .eh_frame      0x0000000000003740       0x30 /home/materialofmouse/await-glibc/glibc-builder/glibc-2.35/build/elf/rtld-libc.a(rtld-fstat64.os)
 .eh_frame      0x0000000000003770       0x30 /home/materialofmouse/await-glibc/glibc-builder/glibc-2.35/build/elf/rtld-libc.a(rtld-lstat64.os)
 .eh_frame      0x00000000000037a0       0x30 /home/materialofmouse/await-glibc/glibc-builder/glibc-2.35/build/elf/rtld-libc.a(rtld-fstatat64.os)
 .eh_frame      0x00000000000037d0       0x30 /home/materialofmouse/await-glibc/glibc-builder/glibc-2.35/build/elf/rtld-libc.a(rtld-openat64.os)
 .eh_frame      0x0000000000003800       0x30 /home/materialofmouse/await-glibc/glibc-builder/glibc-2.35/build/elf/rtld-libc.a(rtld-lseek64.os)
 .eh_frame      0x0000000000003830       0x30 /home/materialofmouse/await-glibc/glibc-builder/glibc-2.35/build/elf/rtld-libc.a(rtld-access.os)
 .eh_frame      0x0000000000003860       0x30 /home/materialofmouse/await-glibc/glibc-builder/glibc-2.35/build/elf/rtld-libc.a(rtld-close_nocancel.os)
 .eh_frame      0x0000000000003890       0x40 /home/materialofmouse/await-glibc/glibc-builder/glibc-2.35/build/elf/rtld-libc.a(rtld-fcntl_nocancel.os)
 .eh_frame      0x00000000000038d0       0x30 /home/materialofmouse/await-glibc/glibc-builder/glibc-2.35/build/elf/rtld-libc.a(rtld-open64_nocancel.os)
 .eh_frame      0x0000000000003900       0x30 /home/materialofmouse/await-glibc/glibc-builder/glibc-2.35/build/elf/rtld-libc.a(rtld-read_nocancel.os)
 .eh_frame      0x0000000000003930       0x30 /home/materialofmouse/await-glibc/glibc-builder/glibc-2.35/build/elf/rtld-libc.a(rtld-pread64_nocancel.os)
 .eh_frame      0x0000000000003960       0x30 /home/materialofmouse/await-glibc/glibc-builder/glibc-2.35/build/elf/rtld-libc.a(rtld-write_nocancel.os)
 .eh_frame      0x0000000000003990       0x60 /home/materialofmouse/await-glibc/glibc-builder/glibc-2.35/build/elf/rtld-libc.a(rtld-scratch_buffer_set_array_size.os)
 .eh_frame      0x00000000000039f0       0x30 /home/materialofmouse/await-glibc/glibc-builder/glibc-2.35/build/elf/rtld-libc.a(rtld-mmap64.os)
 .eh_frame      0x0000000000003a20       0x30 /home/materialofmouse/await-glibc/glibc-builder/glibc-2.35/build/elf/rtld-libc.a(rtld-munmap.os)
 .eh_frame      0x0000000000003a50       0x30 /home/materialofmouse/await-glibc/glibc-builder/glibc-2.35/build/elf/rtld-libc.a(rtld-mprotect.os)
 .eh_frame      0x0000000000003a80       0x70 /home/materialofmouse/await-glibc/glibc-builder/glibc-2.35/build/elf/rtld-libc.a(rtld-lowlevellock.os)
 .eh_frame      0x0000000000003af0       0x30 /home/materialofmouse/await-glibc/glibc-builder/glibc-2.35/build/elf/rtld-libc.a(rtld-uname.os)
 .eh_frame      0x0000000000003b20       0x30 /home/materialofmouse/await-glibc/glibc-builder/glibc-2.35/build/elf/rtld-libc.a(rtld-_exit.os)
 .eh_frame      0x0000000000003b50       0x30 /home/materialofmouse/await-glibc/glibc-builder/glibc-2.35/build/elf/rtld-libc.a(rtld-getpid.os)
 .eh_frame      0x0000000000003b80       0x30 /home/materialofmouse/await-glibc/glibc-builder/glibc-2.35/build/elf/rtld-libc.a(rtld-setjmp.os)
 .eh_frame      0x0000000000003bb0       0x48 /home/materialofmouse/await-glibc/glibc-builder/glibc-2.35/build/elf/rtld-libc.a(rtld-__longjmp.os)
 .eh_frame      0x0000000000003bf8       0x30 /home/materialofmouse/await-glibc/glibc-builder/glibc-2.35/build/elf/rtld-libc.a(rtld-sigaction.os)
 .eh_frame      0x0000000000003c28       0xc8 /home/materialofmouse/await-glibc/glibc-builder/glibc-2.35/build/elf/rtld-libc.a(rtld-libc_sigaction.os)
                                         0xd0 (size before relaxing)
 .eh_frame      0x0000000000003cf0       0x50 /home/materialofmouse/await-glibc/glibc-builder/glibc-2.35/build/elf/rtld-libc.a(rtld-strdup.os)
 .eh_frame      0x0000000000003d40       0x30 /home/materialofmouse/await-glibc/glibc-builder/glibc-2.35/build/elf/rtld-libc.a(rtld-strtok.os)
 .eh_frame      0x0000000000003d70       0x58 /home/materialofmouse/await-glibc/glibc-builder/glibc-2.35/build/elf/rtld-libc.a(rtld-strtok_r.os)
 .eh_frame      0x0000000000003dc8       0x30 /home/materialofmouse/await-glibc/glibc-builder/glibc-2.35/build/elf/rtld-libc.a(rtld-strerrorname_np.os)
 .eh_frame      0x0000000000003df8       0x30 /home/materialofmouse/await-glibc/glibc-builder/glibc-2.35/build/elf/rtld-libc.a(rtld-strcmp-sse2.os)
 .eh_frame      0x0000000000003e28       0x30 /home/materialofmouse/await-glibc/glibc-builder/glibc-2.35/build/elf/rtld-libc.a(rtld-strncmp-sse2.os)
 .eh_frame      0x0000000000003e58       0x30 /home/materialofmouse/await-glibc/glibc-builder/glibc-2.35/build/elf/rtld-libc.a(rtld-memchr-sse2.os)
 .eh_frame      0x0000000000003e88       0x30 /home/materialofmouse/await-glibc/glibc-builder/glibc-2.35/build/elf/rtld-libc.a(rtld-rawmemchr-sse2.os)
 .eh_frame      0x0000000000003eb8       0x30 /home/materialofmouse/await-glibc/glibc-builder/glibc-2.35/build/elf/rtld-libc.a(rtld-memcmp-sse2.os)
 .eh_frame      0x0000000000003ee8       0x30 /home/materialofmouse/await-glibc/glibc-builder/glibc-2.35/build/elf/rtld-libc.a(rtld-strchr-sse2.os)
 .eh_frame      0x0000000000003f18       0x30 /home/materialofmouse/await-glibc/glibc-builder/glibc-2.35/build/elf/rtld-libc.a(rtld-strlen-sse2.os)
 .eh_frame      0x0000000000003f48       0x30 /home/materialofmouse/await-glibc/glibc-builder/glibc-2.35/build/elf/rtld-libc.a(rtld-strnlen-sse2.os)
 .eh_frame      0x0000000000003f78       0x30 /home/materialofmouse/await-glibc/glibc-builder/glibc-2.35/build/elf/rtld-libc.a(rtld-stpcpy-sse2.os)
 .eh_frame      0x0000000000003fa8       0x38 /home/materialofmouse/await-glibc/glibc-builder/glibc-2.35/build/elf/rtld-libc.a(rtld-strcspn-sse2.os)
 .eh_frame      0x0000000000003fe0       0x40 /home/materialofmouse/await-glibc/glibc-builder/glibc-2.35/build/elf/rtld-libc.a(rtld-memmove-sse2-unaligned-erms.os)
 .eh_frame      0x0000000000004020       0x30 /home/materialofmouse/await-glibc/glibc-builder/glibc-2.35/build/elf/rtld-libc.a(rtld-memset-sse2-unaligned-erms.os)
 .eh_frame      0x0000000000004050       0x38 /home/materialofmouse/await-glibc/glibc-builder/glibc-2.35/build/elf/rtld-libc.a(rtld-strspn-sse2.os)
 .eh_frame      0x0000000000004088       0x30 /home/materialofmouse/await-glibc/glibc-builder/glibc-2.35/build/elf/rtld-libc.a(rtld-setitimer.os)
 .eh_frame      0x00000000000040b8       0x40 /home/materialofmouse/await-glibc/glibc-builder/glibc-2.35/build/elf/rtld-libc.a(rtld-errlist.os)

.gcc_except_table
 *(.gcc_except_table)

.gnu_extab
 *(.gnu_extab*)

.exception_ranges
 *(.exception_ranges)

.eh_frame
 *(.eh_frame)

.gnu_extab
 *(.gnu_extab)

.gcc_except_table
 *(.gcc_except_table)

.exception_ranges
 *(.exception_ranges)

.tdata
 *(.tdata)

.tbss
 *(.tbss)

.jcr
 *(.jcr)

.dynamic
 *(.dynamic)

.got
 *(.got)

.got.plt
 *(.got.plt)

.data           0x0000000000000000     0x10e0
 *(.data)
 .data          0x0000000000000000     0x10e0 /home/materialofmouse/await-glibc/glibc-builder/glibc-2.35/build/elf/dl-allobjs.os
                0x0000000000000000                _rtld_global
                0x0000000000000000                _rtld_local
 .data          0x00000000000010e0        0x0 /home/materialofmouse/await-glibc/glibc-builder/glibc-2.35/build/elf/rtld-libc.a(rtld-check_fds.os)
 .data          0x00000000000010e0        0x0 /home/materialofmouse/await-glibc/glibc-builder/glibc-2.35/build/elf/rtld-libc.a(rtld-errno.os)
 .data          0x00000000000010e0        0x0 /home/materialofmouse/await-glibc/glibc-builder/glibc-2.35/build/elf/rtld-libc.a(rtld-closedir.os)
 .data          0x00000000000010e0        0x0 /home/materialofmouse/await-glibc/glibc-builder/glibc-2.35/build/elf/rtld-libc.a(rtld-rewinddir.os)
 .data          0x00000000000010e0        0x0 /home/materialofmouse/await-glibc/glibc-builder/glibc-2.35/build/elf/rtld-libc.a(rtld-readdir64.os)
 .data          0x00000000000010e0        0x0 /home/materialofmouse/await-glibc/glibc-builder/glibc-2.35/build/elf/rtld-libc.a(rtld-fdopendir.os)
 .data          0x00000000000010e0        0x0 /home/materialofmouse/await-glibc/glibc-builder/glibc-2.35/build/elf/rtld-libc.a(rtld-getdents64.os)
 .data          0x00000000000010e0        0x0 /home/materialofmouse/await-glibc/glibc-builder/glibc-2.35/build/elf/rtld-libc.a(rtld-dl-addr-obj.os)
 .data          0x00000000000010e0        0x0 /home/materialofmouse/await-glibc/glibc-builder/glibc-2.35/build/elf/rtld-libc.a(rtld-profil.os)
 .data          0x00000000000010e0        0x0 /home/materialofmouse/await-glibc/glibc-builder/glibc-2.35/build/elf/rtld-libc.a(rtld-prof-freq.os)
 .data          0x00000000000010e0        0x0 /home/materialofmouse/await-glibc/glibc-builder/glibc-2.35/build/elf/rtld-libc.a(rtld-stat64.os)
 .data          0x00000000000010e0        0x0 /home/materialofmouse/await-glibc/glibc-builder/glibc-2.35/build/elf/rtld-libc.a(rtld-fstat64.os)
 .data          0x00000000000010e0        0x0 /home/materialofmouse/await-glibc/glibc-builder/glibc-2.35/build/elf/rtld-libc.a(rtld-lstat64.os)
 .data          0x00000000000010e0        0x0 /home/materialofmouse/await-glibc/glibc-builder/glibc-2.35/build/elf/rtld-libc.a(rtld-fstatat64.os)
 .data          0x00000000000010e0        0x0 /home/materialofmouse/await-glibc/glibc-builder/glibc-2.35/build/elf/rtld-libc.a(rtld-openat64.os)
 .data          0x00000000000010e0        0x0 /home/materialofmouse/await-glibc/glibc-builder/glibc-2.35/build/elf/rtld-libc.a(rtld-lseek64.os)
 .data          0x00000000000010e0        0x0 /home/materialofmouse/await-glibc/glibc-builder/glibc-2.35/build/elf/rtld-libc.a(rtld-access.os)
 .data          0x00000000000010e0        0x0 /home/materialofmouse/await-glibc/glibc-builder/glibc-2.35/build/elf/rtld-libc.a(rtld-close_nocancel.os)
 .data          0x00000000000010e0        0x0 /home/materialofmouse/await-glibc/glibc-builder/glibc-2.35/build/elf/rtld-libc.a(rtld-fcntl_nocancel.os)
 .data          0x00000000000010e0        0x0 /home/materialofmouse/await-glibc/glibc-builder/glibc-2.35/build/elf/rtld-libc.a(rtld-open64_nocancel.os)
 .data          0x00000000000010e0        0x0 /home/materialofmouse/await-glibc/glibc-builder/glibc-2.35/build/elf/rtld-libc.a(rtld-read_nocancel.os)
 .data          0x00000000000010e0        0x0 /home/materialofmouse/await-glibc/glibc-builder/glibc-2.35/build/elf/rtld-libc.a(rtld-pread64_nocancel.os)
 .data          0x00000000000010e0        0x0 /home/materialofmouse/await-glibc/glibc-builder/glibc-2.35/build/elf/rtld-libc.a(rtld-write_nocancel.os)
 .data          0x00000000000010e0        0x0 /home/materialofmouse/await-glibc/glibc-builder/glibc-2.35/build/elf/rtld-libc.a(rtld-scratch_buffer_set_array_size.os)
 .data          0x00000000000010e0        0x0 /home/materialofmouse/await-glibc/glibc-builder/glibc-2.35/build/elf/rtld-libc.a(rtld-mmap64.os)
 .data          0x00000000000010e0        0x0 /home/materialofmouse/await-glibc/glibc-builder/glibc-2.35/build/elf/rtld-libc.a(rtld-munmap.os)
 .data          0x00000000000010e0        0x0 /home/materialofmouse/await-glibc/glibc-builder/glibc-2.35/build/elf/rtld-libc.a(rtld-mprotect.os)
 .data          0x00000000000010e0        0x0 /home/materialofmouse/await-glibc/glibc-builder/glibc-2.35/build/elf/rtld-libc.a(rtld-lowlevellock.os)
 .data          0x00000000000010e0        0x0 /home/materialofmouse/await-glibc/glibc-builder/glibc-2.35/build/elf/rtld-libc.a(rtld-uname.os)
 .data          0x00000000000010e0        0x0 /home/materialofmouse/await-glibc/glibc-builder/glibc-2.35/build/elf/rtld-libc.a(rtld-_exit.os)
 .data          0x00000000000010e0        0x0 /home/materialofmouse/await-glibc/glibc-builder/glibc-2.35/build/elf/rtld-libc.a(rtld-getpid.os)
 .data          0x00000000000010e0        0x0 /home/materialofmouse/await-glibc/glibc-builder/glibc-2.35/build/elf/rtld-libc.a(rtld-environ.os)
 .data          0x00000000000010e0        0x0 /home/materialofmouse/await-glibc/glibc-builder/glibc-2.35/build/elf/rtld-libc.a(rtld-setjmp.os)
 .data          0x00000000000010e0        0x0 /home/materialofmouse/await-glibc/glibc-builder/glibc-2.35/build/elf/rtld-libc.a(rtld-__longjmp.os)
 .data          0x00000000000010e0        0x0 /home/materialofmouse/await-glibc/glibc-builder/glibc-2.35/build/elf/rtld-libc.a(rtld-sigaction.os)
 .data          0x00000000000010e0        0x0 /home/materialofmouse/await-glibc/glibc-builder/glibc-2.35/build/elf/rtld-libc.a(rtld-libc_sigaction.os)
 .data          0x00000000000010e0        0x0 /home/materialofmouse/await-glibc/glibc-builder/glibc-2.35/build/elf/rtld-libc.a(rtld-strdup.os)
 .data          0x00000000000010e0        0x0 /home/materialofmouse/await-glibc/glibc-builder/glibc-2.35/build/elf/rtld-libc.a(rtld-strtok.os)
 .data          0x00000000000010e0        0x0 /home/materialofmouse/await-glibc/glibc-builder/glibc-2.35/build/elf/rtld-libc.a(rtld-strtok_r.os)
 .data          0x00000000000010e0        0x0 /home/materialofmouse/await-glibc/glibc-builder/glibc-2.35/build/elf/rtld-libc.a(rtld-strerrorname_np.os)
 .data          0x00000000000010e0        0x0 /home/materialofmouse/await-glibc/glibc-builder/glibc-2.35/build/elf/rtld-libc.a(rtld-strcmp-sse2.os)
 .data          0x00000000000010e0        0x0 /home/materialofmouse/await-glibc/glibc-builder/glibc-2.35/build/elf/rtld-libc.a(rtld-strncmp-sse2.os)
 .data          0x00000000000010e0        0x0 /home/materialofmouse/await-glibc/glibc-builder/glibc-2.35/build/elf/rtld-libc.a(rtld-memchr-sse2.os)
 .data          0x00000000000010e0        0x0 /home/materialofmouse/await-glibc/glibc-builder/glibc-2.35/build/elf/rtld-libc.a(rtld-rawmemchr-sse2.os)
 .data          0x00000000000010e0        0x0 /home/materialofmouse/await-glibc/glibc-builder/glibc-2.35/build/elf/rtld-libc.a(rtld-memcmp-sse2.os)
 .data          0x00000000000010e0        0x0 /home/materialofmouse/await-glibc/glibc-builder/glibc-2.35/build/elf/rtld-libc.a(rtld-strchr-sse2.os)
 .data          0x00000000000010e0        0x0 /home/materialofmouse/await-glibc/glibc-builder/glibc-2.35/build/elf/rtld-libc.a(rtld-strlen-sse2.os)
 .data          0x00000000000010e0        0x0 /home/materialofmouse/await-glibc/glibc-builder/glibc-2.35/build/elf/rtld-libc.a(rtld-strnlen-sse2.os)
 .data          0x00000000000010e0        0x0 /home/materialofmouse/await-glibc/glibc-builder/glibc-2.35/build/elf/rtld-libc.a(rtld-stpcpy-sse2.os)
 .data          0x00000000000010e0        0x0 /home/materialofmouse/await-glibc/glibc-builder/glibc-2.35/build/elf/rtld-libc.a(rtld-strcspn-sse2.os)
 .data          0x00000000000010e0        0x0 /home/materialofmouse/await-glibc/glibc-builder/glibc-2.35/build/elf/rtld-libc.a(rtld-memmove-sse2-unaligned-erms.os)
 .data          0x00000000000010e0        0x0 /home/materialofmouse/await-glibc/glibc-builder/glibc-2.35/build/elf/rtld-libc.a(rtld-memset-sse2-unaligned-erms.os)
 .data          0x00000000000010e0        0x0 /home/materialofmouse/await-glibc/glibc-builder/glibc-2.35/build/elf/rtld-libc.a(rtld-strspn-sse2.os)
 .data          0x00000000000010e0        0x0 /home/materialofmouse/await-glibc/glibc-builder/glibc-2.35/build/elf/rtld-libc.a(rtld-setitimer.os)
 .data          0x00000000000010e0        0x0 /home/materialofmouse/await-glibc/glibc-builder/glibc-2.35/build/elf/rtld-libc.a(rtld-errlist.os)

.data.rel.ro    0x0000000000000000     0x1428
 .data.rel.ro   0x0000000000000000     0x1428 /home/materialofmouse/await-glibc/glibc-builder/glibc-2.35/build/elf/dl-allobjs.os
                0x0000000000000040                __rtld_search_dirs
                0x0000000000000070                __rtld_env_path_list
                0x0000000000000080                __stack_prot
                0x0000000000000088                __rseq_offset
                0x0000000000000090                __rseq_size
                0x0000000000000ff0                __x86_cpu_features_p
                0x0000000000000ff8                __rtld_realloc
                0x0000000000001000                __rtld_malloc
                0x0000000000001008                __rtld_free
                0x0000000000001010                __rtld_calloc
                0x0000000000001018                ___rtld_mutex_unlock
                0x0000000000001020                ___rtld_mutex_lock
                0x0000000000001028                _dl_random
                0x0000000000001030                __libc_stack_end
                0x0000000000001030                __GI___libc_stack_end
                0x0000000000001038                __GI___libc_enable_secure
                0x0000000000001038                __libc_enable_secure
                0x0000000000001050                __pointer_chk_guard_local
                0x0000000000001058                _dl_skip_args
                0x0000000000001060                __GI__dl_argv
                0x0000000000001060                _dl_argv
                0x0000000000001068                _dl_argc
                0x0000000000001080                _rtld_global_ro
                0x0000000000001080                _rtld_local_ro

.data.rel.ro.local
                0x0000000000000000      0x430
 .data.rel.ro.local
                0x0000000000000000      0x430 /home/materialofmouse/await-glibc/glibc-builder/glibc-2.35/build/elf/rtld-libc.a(rtld-errlist.os)
                0x0000000000000000                _sys_errlist_internal

.data1
 *(.data1)

.bss            0x0000000000000000      0x1e0
 *(.bss)
 .bss           0x0000000000000000      0x1a0 /home/materialofmouse/await-glibc/glibc-builder/glibc-2.35/build/elf/dl-allobjs.os
                0x0000000000000008                _r_debug_extended
                0x0000000000000008                _r_debug
                0x0000000000000060                openat_paths
                0x00000000000000d0                __nptl_initial_report_events
                0x00000000000000d0                __GI___nptl_initial_report_events
                0x0000000000000118                _dl_hwcaps_priorities_length
                0x0000000000000120                _dl_hwcaps_priorities
                0x0000000000000198                __curbrk
 .bss           0x00000000000001a0        0x0 /home/materialofmouse/await-glibc/glibc-builder/glibc-2.35/build/elf/rtld-libc.a(rtld-check_fds.os)
 .bss           0x00000000000001a0        0x4 /home/materialofmouse/await-glibc/glibc-builder/glibc-2.35/build/elf/rtld-libc.a(rtld-errno.os)
                0x00000000000001a0                rtld_errno
 .bss           0x00000000000001a4        0x0 /home/materialofmouse/await-glibc/glibc-builder/glibc-2.35/build/elf/rtld-libc.a(rtld-closedir.os)
 .bss           0x00000000000001a4        0x0 /home/materialofmouse/await-glibc/glibc-builder/glibc-2.35/build/elf/rtld-libc.a(rtld-rewinddir.os)
 .bss           0x00000000000001a4        0x0 /home/materialofmouse/await-glibc/glibc-builder/glibc-2.35/build/elf/rtld-libc.a(rtld-readdir64.os)
 .bss           0x00000000000001a4        0x0 /home/materialofmouse/await-glibc/glibc-builder/glibc-2.35/build/elf/rtld-libc.a(rtld-fdopendir.os)
 .bss           0x00000000000001a4        0x0 /home/materialofmouse/await-glibc/glibc-builder/glibc-2.35/build/elf/rtld-libc.a(rtld-getdents64.os)
 .bss           0x00000000000001a4        0x0 /home/materialofmouse/await-glibc/glibc-builder/glibc-2.35/build/elf/rtld-libc.a(rtld-dl-addr-obj.os)
 *fill*         0x00000000000001a4        0x4 
 .bss           0x00000000000001a8       0x20 /home/materialofmouse/await-glibc/glibc-builder/glibc-2.35/build/elf/rtld-libc.a(rtld-profil.os)
 .bss           0x00000000000001c8        0x0 /home/materialofmouse/await-glibc/glibc-builder/glibc-2.35/build/elf/rtld-libc.a(rtld-prof-freq.os)
 .bss           0x00000000000001c8        0x0 /home/materialofmouse/await-glibc/glibc-builder/glibc-2.35/build/elf/rtld-libc.a(rtld-stat64.os)
 .bss           0x00000000000001c8        0x0 /home/materialofmouse/await-glibc/glibc-builder/glibc-2.35/build/elf/rtld-libc.a(rtld-fstat64.os)
 .bss           0x00000000000001c8        0x0 /home/materialofmouse/await-glibc/glibc-builder/glibc-2.35/build/elf/rtld-libc.a(rtld-lstat64.os)
 .bss           0x00000000000001c8        0x0 /home/materialofmouse/await-glibc/glibc-builder/glibc-2.35/build/elf/rtld-libc.a(rtld-fstatat64.os)
 .bss           0x00000000000001c8        0x0 /home/materialofmouse/await-glibc/glibc-builder/glibc-2.35/build/elf/rtld-libc.a(rtld-openat64.os)
 .bss           0x00000000000001c8        0x0 /home/materialofmouse/await-glibc/glibc-builder/glibc-2.35/build/elf/rtld-libc.a(rtld-lseek64.os)
 .bss           0x00000000000001c8        0x0 /home/materialofmouse/await-glibc/glibc-builder/glibc-2.35/build/elf/rtld-libc.a(rtld-access.os)
 .bss           0x00000000000001c8        0x0 /home/materialofmouse/await-glibc/glibc-builder/glibc-2.35/build/elf/rtld-libc.a(rtld-close_nocancel.os)
 .bss           0x00000000000001c8        0x0 /home/materialofmouse/await-glibc/glibc-builder/glibc-2.35/build/elf/rtld-libc.a(rtld-fcntl_nocancel.os)
 .bss           0x00000000000001c8        0x0 /home/materialofmouse/await-glibc/glibc-builder/glibc-2.35/build/elf/rtld-libc.a(rtld-open64_nocancel.os)
 .bss           0x00000000000001c8        0x0 /home/materialofmouse/await-glibc/glibc-builder/glibc-2.35/build/elf/rtld-libc.a(rtld-read_nocancel.os)
 .bss           0x00000000000001c8        0x0 /home/materialofmouse/await-glibc/glibc-builder/glibc-2.35/build/elf/rtld-libc.a(rtld-pread64_nocancel.os)
 .bss           0x00000000000001c8        0x0 /home/materialofmouse/await-glibc/glibc-builder/glibc-2.35/build/elf/rtld-libc.a(rtld-write_nocancel.os)
 .bss           0x00000000000001c8        0x0 /home/materialofmouse/await-glibc/glibc-builder/glibc-2.35/build/elf/rtld-libc.a(rtld-scratch_buffer_set_array_size.os)
 .bss           0x00000000000001c8        0x0 /home/materialofmouse/await-glibc/glibc-builder/glibc-2.35/build/elf/rtld-libc.a(rtld-mmap64.os)
 .bss           0x00000000000001c8        0x0 /home/materialofmouse/await-glibc/glibc-builder/glibc-2.35/build/elf/rtld-libc.a(rtld-munmap.os)
 .bss           0x00000000000001c8        0x0 /home/materialofmouse/await-glibc/glibc-builder/glibc-2.35/build/elf/rtld-libc.a(rtld-mprotect.os)
 .bss           0x00000000000001c8        0x4 /home/materialofmouse/await-glibc/glibc-builder/glibc-2.35/build/elf/rtld-libc.a(rtld-lowlevellock.os)
                0x00000000000001c8                __pthread_force_elision
 .bss           0x00000000000001cc        0x0 /home/materialofmouse/await-glibc/glibc-builder/glibc-2.35/build/elf/rtld-libc.a(rtld-uname.os)
 .bss           0x00000000000001cc        0x0 /home/materialofmouse/await-glibc/glibc-builder/glibc-2.35/build/elf/rtld-libc.a(rtld-_exit.os)
 .bss           0x00000000000001cc        0x0 /home/materialofmouse/await-glibc/glibc-builder/glibc-2.35/build/elf/rtld-libc.a(rtld-getpid.os)
 *fill*         0x00000000000001cc        0x4 
 .bss           0x00000000000001d0        0x8 /home/materialofmouse/await-glibc/glibc-builder/glibc-2.35/build/elf/rtld-libc.a(rtld-environ.os)
                0x00000000000001d0                _environ
                0x00000000000001d0                __environ
                0x00000000000001d0                environ
 .bss           0x00000000000001d8        0x0 /home/materialofmouse/await-glibc/glibc-builder/glibc-2.35/build/elf/rtld-libc.a(rtld-setjmp.os)
 .bss           0x00000000000001d8        0x0 /home/materialofmouse/await-glibc/glibc-builder/glibc-2.35/build/elf/rtld-libc.a(rtld-__longjmp.os)
 .bss           0x00000000000001d8        0x0 /home/materialofmouse/await-glibc/glibc-builder/glibc-2.35/build/elf/rtld-libc.a(rtld-sigaction.os)
 .bss           0x00000000000001d8        0x0 /home/materialofmouse/await-glibc/glibc-builder/glibc-2.35/build/elf/rtld-libc.a(rtld-libc_sigaction.os)
 .bss           0x00000000000001d8        0x0 /home/materialofmouse/await-glibc/glibc-builder/glibc-2.35/build/elf/rtld-libc.a(rtld-strdup.os)
 .bss           0x00000000000001d8        0x8 /home/materialofmouse/await-glibc/glibc-builder/glibc-2.35/build/elf/rtld-libc.a(rtld-strtok.os)
 .bss           0x00000000000001e0        0x0 /home/materialofmouse/await-glibc/glibc-builder/glibc-2.35/build/elf/rtld-libc.a(rtld-strtok_r.os)
 .bss           0x00000000000001e0        0x0 /home/materialofmouse/await-glibc/glibc-builder/glibc-2.35/build/elf/rtld-libc.a(rtld-strerrorname_np.os)
 .bss           0x00000000000001e0        0x0 /home/materialofmouse/await-glibc/glibc-builder/glibc-2.35/build/elf/rtld-libc.a(rtld-strcmp-sse2.os)
 .bss           0x00000000000001e0        0x0 /home/materialofmouse/await-glibc/glibc-builder/glibc-2.35/build/elf/rtld-libc.a(rtld-strncmp-sse2.os)
 .bss           0x00000000000001e0        0x0 /home/materialofmouse/await-glibc/glibc-builder/glibc-2.35/build/elf/rtld-libc.a(rtld-memchr-sse2.os)
 .bss           0x00000000000001e0        0x0 /home/materialofmouse/await-glibc/glibc-builder/glibc-2.35/build/elf/rtld-libc.a(rtld-rawmemchr-sse2.os)
 .bss           0x00000000000001e0        0x0 /home/materialofmouse/await-glibc/glibc-builder/glibc-2.35/build/elf/rtld-libc.a(rtld-memcmp-sse2.os)
 .bss           0x00000000000001e0        0x0 /home/materialofmouse/await-glibc/glibc-builder/glibc-2.35/build/elf/rtld-libc.a(rtld-strchr-sse2.os)
 .bss           0x00000000000001e0        0x0 /home/materialofmouse/await-glibc/glibc-builder/glibc-2.35/build/elf/rtld-libc.a(rtld-strlen-sse2.os)
 .bss           0x00000000000001e0        0x0 /home/materialofmouse/await-glibc/glibc-builder/glibc-2.35/build/elf/rtld-libc.a(rtld-strnlen-sse2.os)
 .bss           0x00000000000001e0        0x0 /home/materialofmouse/await-glibc/glibc-builder/glibc-2.35/build/elf/rtld-libc.a(rtld-stpcpy-sse2.os)
 .bss           0x00000000000001e0        0x0 /home/materialofmouse/await-glibc/glibc-builder/glibc-2.35/build/elf/rtld-libc.a(rtld-strcspn-sse2.os)
 .bss           0x00000000000001e0        0x0 /home/materialofmouse/await-glibc/glibc-builder/glibc-2.35/build/elf/rtld-libc.a(rtld-memmove-sse2-unaligned-erms.os)
 .bss           0x00000000000001e0        0x0 /home/materialofmouse/await-glibc/glibc-builder/glibc-2.35/build/elf/rtld-libc.a(rtld-memset-sse2-unaligned-erms.os)
 .bss           0x00000000000001e0        0x0 /home/materialofmouse/await-glibc/glibc-builder/glibc-2.35/build/elf/rtld-libc.a(rtld-strspn-sse2.os)
 .bss           0x00000000000001e0        0x0 /home/materialofmouse/await-glibc/glibc-builder/glibc-2.35/build/elf/rtld-libc.a(rtld-setitimer.os)
 .bss           0x00000000000001e0        0x0 /home/materialofmouse/await-glibc/glibc-builder/glibc-2.35/build/elf/rtld-libc.a(rtld-errlist.os)

.lbss
 *(.lbss)

.lrodata
 *(.lrodata)

.ldata
 *(.ldata)

.stab
 *(.stab)

.stabstr
 *(.stabstr)

.stab.excl
 *(.stab.excl)

.stab.exclstr
 *(.stab.exclstr)

.stab.index
 *(.stab.index)

.stab.indexstr
 *(.stab.indexstr)

.comment        0x0000000000000000      0xfd0
 *(.comment)
 .comment       0x0000000000000000      0x9a0 /home/materialofmouse/await-glibc/glibc-builder/glibc-2.35/build/elf/dl-allobjs.os
 .comment       0x00000000000009a0       0x2c /home/materialofmouse/await-glibc/glibc-builder/glibc-2.35/build/elf/rtld-libc.a(rtld-check_fds.os)
 .comment       0x00000000000009cc       0x2c /home/materialofmouse/await-glibc/glibc-builder/glibc-2.35/build/elf/rtld-libc.a(rtld-errno.os)
 .comment       0x00000000000009f8       0x2c /home/materialofmouse/await-glibc/glibc-builder/glibc-2.35/build/elf/rtld-libc.a(rtld-closedir.os)
 .comment       0x0000000000000a24       0x2c /home/materialofmouse/await-glibc/glibc-builder/glibc-2.35/build/elf/rtld-libc.a(rtld-rewinddir.os)
 .comment       0x0000000000000a50       0x2c /home/materialofmouse/await-glibc/glibc-builder/glibc-2.35/build/elf/rtld-libc.a(rtld-readdir64.os)
 .comment       0x0000000000000a7c       0x2c /home/materialofmouse/await-glibc/glibc-builder/glibc-2.35/build/elf/rtld-libc.a(rtld-fdopendir.os)
 .comment       0x0000000000000aa8       0x2c /home/materialofmouse/await-glibc/glibc-builder/glibc-2.35/build/elf/rtld-libc.a(rtld-getdents64.os)
 .comment       0x0000000000000ad4       0x2c /home/materialofmouse/await-glibc/glibc-builder/glibc-2.35/build/elf/rtld-libc.a(rtld-dl-addr-obj.os)
 .comment       0x0000000000000b00       0x2c /home/materialofmouse/await-glibc/glibc-builder/glibc-2.35/build/elf/rtld-libc.a(rtld-profil.os)
 .comment       0x0000000000000b2c       0x2c /home/materialofmouse/await-glibc/glibc-builder/glibc-2.35/build/elf/rtld-libc.a(rtld-prof-freq.os)
 .comment       0x0000000000000b58       0x2c /home/materialofmouse/await-glibc/glibc-builder/glibc-2.35/build/elf/rtld-libc.a(rtld-stat64.os)
 .comment       0x0000000000000b84       0x2c /home/materialofmouse/await-glibc/glibc-builder/glibc-2.35/build/elf/rtld-libc.a(rtld-fstat64.os)
 .comment       0x0000000000000bb0       0x2c /home/materialofmouse/await-glibc/glibc-builder/glibc-2.35/build/elf/rtld-libc.a(rtld-lstat64.os)
 .comment       0x0000000000000bdc       0x2c /home/materialofmouse/await-glibc/glibc-builder/glibc-2.35/build/elf/rtld-libc.a(rtld-fstatat64.os)
 .comment       0x0000000000000c08       0x2c /home/materialofmouse/await-glibc/glibc-builder/glibc-2.35/build/elf/rtld-libc.a(rtld-openat64.os)
 .comment       0x0000000000000c34       0x2c /home/materialofmouse/await-glibc/glibc-builder/glibc-2.35/build/elf/rtld-libc.a(rtld-lseek64.os)
 .comment       0x0000000000000c60       0x2c /home/materialofmouse/await-glibc/glibc-builder/glibc-2.35/build/elf/rtld-libc.a(rtld-access.os)
 .comment       0x0000000000000c8c       0x2c /home/materialofmouse/await-glibc/glibc-builder/glibc-2.35/build/elf/rtld-libc.a(rtld-close_nocancel.os)
 .comment       0x0000000000000cb8       0x2c /home/materialofmouse/await-glibc/glibc-builder/glibc-2.35/build/elf/rtld-libc.a(rtld-fcntl_nocancel.os)
 .comment       0x0000000000000ce4       0x2c /home/materialofmouse/await-glibc/glibc-builder/glibc-2.35/build/elf/rtld-libc.a(rtld-open64_nocancel.os)
 .comment       0x0000000000000d10       0x2c /home/materialofmouse/await-glibc/glibc-builder/glibc-2.35/build/elf/rtld-libc.a(rtld-read_nocancel.os)
 .comment       0x0000000000000d3c       0x2c /home/materialofmouse/await-glibc/glibc-builder/glibc-2.35/build/elf/rtld-libc.a(rtld-pread64_nocancel.os)
 .comment       0x0000000000000d68       0x2c /home/materialofmouse/await-glibc/glibc-builder/glibc-2.35/build/elf/rtld-libc.a(rtld-write_nocancel.os)
 .comment       0x0000000000000d94       0x2c /home/materialofmouse/await-glibc/glibc-builder/glibc-2.35/build/elf/rtld-libc.a(rtld-scratch_buffer_set_array_size.os)
 .comment       0x0000000000000dc0       0x2c /home/materialofmouse/await-glibc/glibc-builder/glibc-2.35/build/elf/rtld-libc.a(rtld-mmap64.os)
 .comment       0x0000000000000dec       0x2c /home/materialofmouse/await-glibc/glibc-builder/glibc-2.35/build/elf/rtld-libc.a(rtld-lowlevellock.os)
 .comment       0x0000000000000e18       0x2c /home/materialofmouse/await-glibc/glibc-builder/glibc-2.35/build/elf/rtld-libc.a(rtld-_exit.os)
 .comment       0x0000000000000e44       0x2c /home/materialofmouse/await-glibc/glibc-builder/glibc-2.35/build/elf/rtld-libc.a(rtld-environ.os)
 .comment       0x0000000000000e70       0x2c /home/materialofmouse/await-glibc/glibc-builder/glibc-2.35/build/elf/rtld-libc.a(rtld-sigaction.os)
 .comment       0x0000000000000e9c       0x2c /home/materialofmouse/await-glibc/glibc-builder/glibc-2.35/build/elf/rtld-libc.a(rtld-libc_sigaction.os)
 .comment       0x0000000000000ec8       0x2c /home/materialofmouse/await-glibc/glibc-builder/glibc-2.35/build/elf/rtld-libc.a(rtld-strdup.os)
 .comment       0x0000000000000ef4       0x2c /home/materialofmouse/await-glibc/glibc-builder/glibc-2.35/build/elf/rtld-libc.a(rtld-strtok.os)
 .comment       0x0000000000000f20       0x2c /home/materialofmouse/await-glibc/glibc-builder/glibc-2.35/build/elf/rtld-libc.a(rtld-strtok_r.os)
 .comment       0x0000000000000f4c       0x2c /home/materialofmouse/await-glibc/glibc-builder/glibc-2.35/build/elf/rtld-libc.a(rtld-strerrorname_np.os)
 .comment       0x0000000000000f78       0x2c /home/materialofmouse/await-glibc/glibc-builder/glibc-2.35/build/elf/rtld-libc.a(rtld-setitimer.os)
 .comment       0x0000000000000fa4       0x2c /home/materialofmouse/await-glibc/glibc-builder/glibc-2.35/build/elf/rtld-libc.a(rtld-errlist.os)

.note.GNU-stack
                0x0000000000000000        0x0
 .note.GNU-stack
                0x0000000000000000        0x0 /home/materialofmouse/await-glibc/glibc-builder/glibc-2.35/build/elf/dl-allobjs.os
 .note.GNU-stack
                0x0000000000000000        0x0 /home/materialofmouse/await-glibc/glibc-builder/glibc-2.35/build/elf/rtld-libc.a(rtld-check_fds.os)
 .note.GNU-stack
                0x0000000000000000        0x0 /home/materialofmouse/await-glibc/glibc-builder/glibc-2.35/build/elf/rtld-libc.a(rtld-errno.os)
 .note.GNU-stack
                0x0000000000000000        0x0 /home/materialofmouse/await-glibc/glibc-builder/glibc-2.35/build/elf/rtld-libc.a(rtld-closedir.os)
 .note.GNU-stack
                0x0000000000000000        0x0 /home/materialofmouse/await-glibc/glibc-builder/glibc-2.35/build/elf/rtld-libc.a(rtld-rewinddir.os)
 .note.GNU-stack
                0x0000000000000000        0x0 /home/materialofmouse/await-glibc/glibc-builder/glibc-2.35/build/elf/rtld-libc.a(rtld-readdir64.os)
 .note.GNU-stack
                0x0000000000000000        0x0 /home/materialofmouse/await-glibc/glibc-builder/glibc-2.35/build/elf/rtld-libc.a(rtld-fdopendir.os)
 .note.GNU-stack
                0x0000000000000000        0x0 /home/materialofmouse/await-glibc/glibc-builder/glibc-2.35/build/elf/rtld-libc.a(rtld-getdents64.os)
 .note.GNU-stack
                0x0000000000000000        0x0 /home/materialofmouse/await-glibc/glibc-builder/glibc-2.35/build/elf/rtld-libc.a(rtld-dl-addr-obj.os)
 .note.GNU-stack
                0x0000000000000000        0x0 /home/materialofmouse/await-glibc/glibc-builder/glibc-2.35/build/elf/rtld-libc.a(rtld-profil.os)
 .note.GNU-stack
                0x0000000000000000        0x0 /home/materialofmouse/await-glibc/glibc-builder/glibc-2.35/build/elf/rtld-libc.a(rtld-prof-freq.os)
 .note.GNU-stack
                0x0000000000000000        0x0 /home/materialofmouse/await-glibc/glibc-builder/glibc-2.35/build/elf/rtld-libc.a(rtld-stat64.os)
 .note.GNU-stack
                0x0000000000000000        0x0 /home/materialofmouse/await-glibc/glibc-builder/glibc-2.35/build/elf/rtld-libc.a(rtld-fstat64.os)
 .note.GNU-stack
                0x0000000000000000        0x0 /home/materialofmouse/await-glibc/glibc-builder/glibc-2.35/build/elf/rtld-libc.a(rtld-lstat64.os)
 .note.GNU-stack
                0x0000000000000000        0x0 /home/materialofmouse/await-glibc/glibc-builder/glibc-2.35/build/elf/rtld-libc.a(rtld-fstatat64.os)
 .note.GNU-stack
                0x0000000000000000        0x0 /home/materialofmouse/await-glibc/glibc-builder/glibc-2.35/build/elf/rtld-libc.a(rtld-openat64.os)
 .note.GNU-stack
                0x0000000000000000        0x0 /home/materialofmouse/await-glibc/glibc-builder/glibc-2.35/build/elf/rtld-libc.a(rtld-lseek64.os)
 .note.GNU-stack
                0x0000000000000000        0x0 /home/materialofmouse/await-glibc/glibc-builder/glibc-2.35/build/elf/rtld-libc.a(rtld-access.os)
 .note.GNU-stack
                0x0000000000000000        0x0 /home/materialofmouse/await-glibc/glibc-builder/glibc-2.35/build/elf/rtld-libc.a(rtld-close_nocancel.os)
 .note.GNU-stack
                0x0000000000000000        0x0 /home/materialofmouse/await-glibc/glibc-builder/glibc-2.35/build/elf/rtld-libc.a(rtld-fcntl_nocancel.os)
 .note.GNU-stack
                0x0000000000000000        0x0 /home/materialofmouse/await-glibc/glibc-builder/glibc-2.35/build/elf/rtld-libc.a(rtld-open64_nocancel.os)
 .note.GNU-stack
                0x0000000000000000        0x0 /home/materialofmouse/await-glibc/glibc-builder/glibc-2.35/build/elf/rtld-libc.a(rtld-read_nocancel.os)
 .note.GNU-stack
                0x0000000000000000        0x0 /home/materialofmouse/await-glibc/glibc-builder/glibc-2.35/build/elf/rtld-libc.a(rtld-pread64_nocancel.os)
 .note.GNU-stack
                0x0000000000000000        0x0 /home/materialofmouse/await-glibc/glibc-builder/glibc-2.35/build/elf/rtld-libc.a(rtld-write_nocancel.os)
 .note.GNU-stack
                0x0000000000000000        0x0 /home/materialofmouse/await-glibc/glibc-builder/glibc-2.35/build/elf/rtld-libc.a(rtld-scratch_buffer_set_array_size.os)
 .note.GNU-stack
                0x0000000000000000        0x0 /home/materialofmouse/await-glibc/glibc-builder/glibc-2.35/build/elf/rtld-libc.a(rtld-mmap64.os)
 .note.GNU-stack
                0x0000000000000000        0x0 /home/materialofmouse/await-glibc/glibc-builder/glibc-2.35/build/elf/rtld-libc.a(rtld-munmap.os)
 .note.GNU-stack
                0x0000000000000000        0x0 /home/materialofmouse/await-glibc/glibc-builder/glibc-2.35/build/elf/rtld-libc.a(rtld-mprotect.os)
 .note.GNU-stack
                0x0000000000000000        0x0 /home/materialofmouse/await-glibc/glibc-builder/glibc-2.35/build/elf/rtld-libc.a(rtld-lowlevellock.os)
 .note.GNU-stack
                0x0000000000000000        0x0 /home/materialofmouse/await-glibc/glibc-builder/glibc-2.35/build/elf/rtld-libc.a(rtld-uname.os)
 .note.GNU-stack
                0x0000000000000000        0x0 /home/materialofmouse/await-glibc/glibc-builder/glibc-2.35/build/elf/rtld-libc.a(rtld-_exit.os)
 .note.GNU-stack
                0x0000000000000000        0x0 /home/materialofmouse/await-glibc/glibc-builder/glibc-2.35/build/elf/rtld-libc.a(rtld-getpid.os)
 .note.GNU-stack
                0x0000000000000000        0x0 /home/materialofmouse/await-glibc/glibc-builder/glibc-2.35/build/elf/rtld-libc.a(rtld-environ.os)
 .note.GNU-stack
                0x0000000000000000        0x0 /home/materialofmouse/await-glibc/glibc-builder/glibc-2.35/build/elf/rtld-libc.a(rtld-setjmp.os)
 .note.GNU-stack
                0x0000000000000000        0x0 /home/materialofmouse/await-glibc/glibc-builder/glibc-2.35/build/elf/rtld-libc.a(rtld-__longjmp.os)
 .note.GNU-stack
                0x0000000000000000        0x0 /home/materialofmouse/await-glibc/glibc-builder/glibc-2.35/build/elf/rtld-libc.a(rtld-sigaction.os)
 .note.GNU-stack
                0x0000000000000000        0x0 /home/materialofmouse/await-glibc/glibc-builder/glibc-2.35/build/elf/rtld-libc.a(rtld-libc_sigaction.os)
 .note.GNU-stack
                0x0000000000000000        0x0 /home/materialofmouse/await-glibc/glibc-builder/glibc-2.35/build/elf/rtld-libc.a(rtld-strdup.os)
 .note.GNU-stack
                0x0000000000000000        0x0 /home/materialofmouse/await-glibc/glibc-builder/glibc-2.35/build/elf/rtld-libc.a(rtld-strtok.os)
 .note.GNU-stack
                0x0000000000000000        0x0 /home/materialofmouse/await-glibc/glibc-builder/glibc-2.35/build/elf/rtld-libc.a(rtld-strtok_r.os)
 .note.GNU-stack
                0x0000000000000000        0x0 /home/materialofmouse/await-glibc/glibc-builder/glibc-2.35/build/elf/rtld-libc.a(rtld-strerrorname_np.os)
 .note.GNU-stack
                0x0000000000000000        0x0 /home/materialofmouse/await-glibc/glibc-builder/glibc-2.35/build/elf/rtld-libc.a(rtld-strcmp-sse2.os)
 .note.GNU-stack
                0x0000000000000000        0x0 /home/materialofmouse/await-glibc/glibc-builder/glibc-2.35/build/elf/rtld-libc.a(rtld-strncmp-sse2.os)
 .note.GNU-stack
                0x0000000000000000        0x0 /home/materialofmouse/await-glibc/glibc-builder/glibc-2.35/build/elf/rtld-libc.a(rtld-memchr-sse2.os)
 .note.GNU-stack
                0x0000000000000000        0x0 /home/materialofmouse/await-glibc/glibc-builder/glibc-2.35/build/elf/rtld-libc.a(rtld-rawmemchr-sse2.os)
 .note.GNU-stack
                0x0000000000000000        0x0 /home/materialofmouse/await-glibc/glibc-builder/glibc-2.35/build/elf/rtld-libc.a(rtld-memcmp-sse2.os)
 .note.GNU-stack
                0x0000000000000000        0x0 /home/materialofmouse/await-glibc/glibc-builder/glibc-2.35/build/elf/rtld-libc.a(rtld-strchr-sse2.os)
 .note.GNU-stack
                0x0000000000000000        0x0 /home/materialofmouse/await-glibc/glibc-builder/glibc-2.35/build/elf/rtld-libc.a(rtld-strlen-sse2.os)
 .note.GNU-stack
                0x0000000000000000        0x0 /home/materialofmouse/await-glibc/glibc-builder/glibc-2.35/build/elf/rtld-libc.a(rtld-strnlen-sse2.os)
 .note.GNU-stack
                0x0000000000000000        0x0 /home/materialofmouse/await-glibc/glibc-builder/glibc-2.35/build/elf/rtld-libc.a(rtld-stpcpy-sse2.os)
 .note.GNU-stack
                0x0000000000000000        0x0 /home/materialofmouse/await-glibc/glibc-builder/glibc-2.35/build/elf/rtld-libc.a(rtld-strcspn-sse2.os)
 .note.GNU-stack
                0x0000000000000000        0x0 /home/materialofmouse/await-glibc/glibc-builder/glibc-2.35/build/elf/rtld-libc.a(rtld-memmove-sse2-unaligned-erms.os)
 .note.GNU-stack
                0x0000000000000000        0x0 /home/materialofmouse/await-glibc/glibc-builder/glibc-2.35/build/elf/rtld-libc.a(rtld-memset-sse2-unaligned-erms.os)
 .note.GNU-stack
                0x0000000000000000        0x0 /home/materialofmouse/await-glibc/glibc-builder/glibc-2.35/build/elf/rtld-libc.a(rtld-strspn-sse2.os)
 .note.GNU-stack
                0x0000000000000000        0x0 /home/materialofmouse/await-glibc/glibc-builder/glibc-2.35/build/elf/rtld-libc.a(rtld-setitimer.os)
 .note.GNU-stack
                0x0000000000000000        0x0 /home/materialofmouse/await-glibc/glibc-builder/glibc-2.35/build/elf/rtld-libc.a(rtld-errlist.os)

.gnu.build.attributes
 *(.gnu.build.attributes)

.debug
 *(.debug)

.line
 *(.line)

.debug_srcinfo
 *(.debug_srcinfo)

.debug_sfnames
 *(.debug_sfnames)

.debug_aranges  0x0000000000000000     0x1540
 *(.debug_aranges)
 .debug_aranges
                0x0000000000000000      0xb10 /home/materialofmouse/await-glibc/glibc-builder/glibc-2.35/build/elf/dl-allobjs.os
 .debug_aranges
                0x0000000000000b10       0x30 /home/materialofmouse/await-glibc/glibc-builder/glibc-2.35/build/elf/rtld-libc.a(rtld-check_fds.os)
 .debug_aranges
                0x0000000000000b40       0x20 /home/materialofmouse/await-glibc/glibc-builder/glibc-2.35/build/elf/rtld-libc.a(rtld-errno.os)
 .debug_aranges
                0x0000000000000b60       0x30 /home/materialofmouse/await-glibc/glibc-builder/glibc-2.35/build/elf/rtld-libc.a(rtld-closedir.os)
 .debug_aranges
                0x0000000000000b90       0x30 /home/materialofmouse/await-glibc/glibc-builder/glibc-2.35/build/elf/rtld-libc.a(rtld-rewinddir.os)
 .debug_aranges
                0x0000000000000bc0       0x30 /home/materialofmouse/await-glibc/glibc-builder/glibc-2.35/build/elf/rtld-libc.a(rtld-readdir64.os)
 .debug_aranges
                0x0000000000000bf0       0x30 /home/materialofmouse/await-glibc/glibc-builder/glibc-2.35/build/elf/rtld-libc.a(rtld-fdopendir.os)
 .debug_aranges
                0x0000000000000c20       0x30 /home/materialofmouse/await-glibc/glibc-builder/glibc-2.35/build/elf/rtld-libc.a(rtld-getdents64.os)
 .debug_aranges
                0x0000000000000c50       0x30 /home/materialofmouse/await-glibc/glibc-builder/glibc-2.35/build/elf/rtld-libc.a(rtld-dl-addr-obj.os)
 .debug_aranges
                0x0000000000000c80       0x30 /home/materialofmouse/await-glibc/glibc-builder/glibc-2.35/build/elf/rtld-libc.a(rtld-profil.os)
 .debug_aranges
                0x0000000000000cb0       0x30 /home/materialofmouse/await-glibc/glibc-builder/glibc-2.35/build/elf/rtld-libc.a(rtld-prof-freq.os)
 .debug_aranges
                0x0000000000000ce0       0x30 /home/materialofmouse/await-glibc/glibc-builder/glibc-2.35/build/elf/rtld-libc.a(rtld-stat64.os)
 .debug_aranges
                0x0000000000000d10       0x30 /home/materialofmouse/await-glibc/glibc-builder/glibc-2.35/build/elf/rtld-libc.a(rtld-fstat64.os)
 .debug_aranges
                0x0000000000000d40       0x30 /home/materialofmouse/await-glibc/glibc-builder/glibc-2.35/build/elf/rtld-libc.a(rtld-lstat64.os)
 .debug_aranges
                0x0000000000000d70       0x30 /home/materialofmouse/await-glibc/glibc-builder/glibc-2.35/build/elf/rtld-libc.a(rtld-fstatat64.os)
 .debug_aranges
                0x0000000000000da0       0x30 /home/materialofmouse/await-glibc/glibc-builder/glibc-2.35/build/elf/rtld-libc.a(rtld-openat64.os)
 .debug_aranges
                0x0000000000000dd0       0x30 /home/materialofmouse/await-glibc/glibc-builder/glibc-2.35/build/elf/rtld-libc.a(rtld-lseek64.os)
 .debug_aranges
                0x0000000000000e00       0x30 /home/materialofmouse/await-glibc/glibc-builder/glibc-2.35/build/elf/rtld-libc.a(rtld-access.os)
 .debug_aranges
                0x0000000000000e30       0x30 /home/materialofmouse/await-glibc/glibc-builder/glibc-2.35/build/elf/rtld-libc.a(rtld-close_nocancel.os)
 .debug_aranges
                0x0000000000000e60       0x30 /home/materialofmouse/await-glibc/glibc-builder/glibc-2.35/build/elf/rtld-libc.a(rtld-fcntl_nocancel.os)
 .debug_aranges
                0x0000000000000e90       0x30 /home/materialofmouse/await-glibc/glibc-builder/glibc-2.35/build/elf/rtld-libc.a(rtld-open64_nocancel.os)
 .debug_aranges
                0x0000000000000ec0       0x30 /home/materialofmouse/await-glibc/glibc-builder/glibc-2.35/build/elf/rtld-libc.a(rtld-read_nocancel.os)
 .debug_aranges
                0x0000000000000ef0       0x30 /home/materialofmouse/await-glibc/glibc-builder/glibc-2.35/build/elf/rtld-libc.a(rtld-pread64_nocancel.os)
 .debug_aranges
                0x0000000000000f20       0x30 /home/materialofmouse/await-glibc/glibc-builder/glibc-2.35/build/elf/rtld-libc.a(rtld-write_nocancel.os)
 .debug_aranges
                0x0000000000000f50       0x30 /home/materialofmouse/await-glibc/glibc-builder/glibc-2.35/build/elf/rtld-libc.a(rtld-scratch_buffer_set_array_size.os)
 .debug_aranges
                0x0000000000000f80       0x30 /home/materialofmouse/await-glibc/glibc-builder/glibc-2.35/build/elf/rtld-libc.a(rtld-mmap64.os)
 .debug_aranges
                0x0000000000000fb0       0x30 /home/materialofmouse/await-glibc/glibc-builder/glibc-2.35/build/elf/rtld-libc.a(rtld-munmap.os)
 .debug_aranges
                0x0000000000000fe0       0x30 /home/materialofmouse/await-glibc/glibc-builder/glibc-2.35/build/elf/rtld-libc.a(rtld-mprotect.os)
 .debug_aranges
                0x0000000000001010       0x30 /home/materialofmouse/await-glibc/glibc-builder/glibc-2.35/build/elf/rtld-libc.a(rtld-lowlevellock.os)
 .debug_aranges
                0x0000000000001040       0x30 /home/materialofmouse/await-glibc/glibc-builder/glibc-2.35/build/elf/rtld-libc.a(rtld-uname.os)
 .debug_aranges
                0x0000000000001070       0x30 /home/materialofmouse/await-glibc/glibc-builder/glibc-2.35/build/elf/rtld-libc.a(rtld-_exit.os)
 .debug_aranges
                0x00000000000010a0       0x30 /home/materialofmouse/await-glibc/glibc-builder/glibc-2.35/build/elf/rtld-libc.a(rtld-getpid.os)
 .debug_aranges
                0x00000000000010d0       0x20 /home/materialofmouse/await-glibc/glibc-builder/glibc-2.35/build/elf/rtld-libc.a(rtld-environ.os)
 .debug_aranges
                0x00000000000010f0       0x30 /home/materialofmouse/await-glibc/glibc-builder/glibc-2.35/build/elf/rtld-libc.a(rtld-setjmp.os)
 .debug_aranges
                0x0000000000001120       0x30 /home/materialofmouse/await-glibc/glibc-builder/glibc-2.35/build/elf/rtld-libc.a(rtld-__longjmp.os)
 .debug_aranges
                0x0000000000001150       0x30 /home/materialofmouse/await-glibc/glibc-builder/glibc-2.35/build/elf/rtld-libc.a(rtld-sigaction.os)
 .debug_aranges
                0x0000000000001180       0x30 /home/materialofmouse/await-glibc/glibc-builder/glibc-2.35/build/elf/rtld-libc.a(rtld-libc_sigaction.os)
 .debug_aranges
                0x00000000000011b0       0x30 /home/materialofmouse/await-glibc/glibc-builder/glibc-2.35/build/elf/rtld-libc.a(rtld-strdup.os)
 .debug_aranges
                0x00000000000011e0       0x30 /home/materialofmouse/await-glibc/glibc-builder/glibc-2.35/build/elf/rtld-libc.a(rtld-strtok.os)
 .debug_aranges
                0x0000000000001210       0x30 /home/materialofmouse/await-glibc/glibc-builder/glibc-2.35/build/elf/rtld-libc.a(rtld-strtok_r.os)
 .debug_aranges
                0x0000000000001240       0x30 /home/materialofmouse/await-glibc/glibc-builder/glibc-2.35/build/elf/rtld-libc.a(rtld-strerrorname_np.os)
 .debug_aranges
                0x0000000000001270       0x30 /home/materialofmouse/await-glibc/glibc-builder/glibc-2.35/build/elf/rtld-libc.a(rtld-strcmp-sse2.os)
 .debug_aranges
                0x00000000000012a0       0x30 /home/materialofmouse/await-glibc/glibc-builder/glibc-2.35/build/elf/rtld-libc.a(rtld-strncmp-sse2.os)
 .debug_aranges
                0x00000000000012d0       0x30 /home/materialofmouse/await-glibc/glibc-builder/glibc-2.35/build/elf/rtld-libc.a(rtld-memchr-sse2.os)
 .debug_aranges
                0x0000000000001300       0x30 /home/materialofmouse/await-glibc/glibc-builder/glibc-2.35/build/elf/rtld-libc.a(rtld-rawmemchr-sse2.os)
 .debug_aranges
                0x0000000000001330       0x30 /home/materialofmouse/await-glibc/glibc-builder/glibc-2.35/build/elf/rtld-libc.a(rtld-memcmp-sse2.os)
 .debug_aranges
                0x0000000000001360       0x30 /home/materialofmouse/await-glibc/glibc-builder/glibc-2.35/build/elf/rtld-libc.a(rtld-strchr-sse2.os)
 .debug_aranges
                0x0000000000001390       0x30 /home/materialofmouse/await-glibc/glibc-builder/glibc-2.35/build/elf/rtld-libc.a(rtld-strlen-sse2.os)
 .debug_aranges
                0x00000000000013c0       0x30 /home/materialofmouse/await-glibc/glibc-builder/glibc-2.35/build/elf/rtld-libc.a(rtld-strnlen-sse2.os)
 .debug_aranges
                0x00000000000013f0       0x30 /home/materialofmouse/await-glibc/glibc-builder/glibc-2.35/build/elf/rtld-libc.a(rtld-stpcpy-sse2.os)
 .debug_aranges
                0x0000000000001420       0x30 /home/materialofmouse/await-glibc/glibc-builder/glibc-2.35/build/elf/rtld-libc.a(rtld-strcspn-sse2.os)
 .debug_aranges
                0x0000000000001450       0x30 /home/materialofmouse/await-glibc/glibc-builder/glibc-2.35/build/elf/rtld-libc.a(rtld-memmove-sse2-unaligned-erms.os)
 .debug_aranges
                0x0000000000001480       0x30 /home/materialofmouse/await-glibc/glibc-builder/glibc-2.35/build/elf/rtld-libc.a(rtld-memset-sse2-unaligned-erms.os)
 .debug_aranges
                0x00000000000014b0       0x30 /home/materialofmouse/await-glibc/glibc-builder/glibc-2.35/build/elf/rtld-libc.a(rtld-strspn-sse2.os)
 .debug_aranges
                0x00000000000014e0       0x30 /home/materialofmouse/await-glibc/glibc-builder/glibc-2.35/build/elf/rtld-libc.a(rtld-setitimer.os)
 .debug_aranges
                0x0000000000001510       0x30 /home/materialofmouse/await-glibc/glibc-builder/glibc-2.35/build/elf/rtld-libc.a(rtld-errlist.os)

.debug_pubnames
 *(.debug_pubnames)

.debug_info     0x0000000000000000    0xa8250
 *(.debug_info)
 .debug_info    0x0000000000000000    0x99767 /home/materialofmouse/await-glibc/glibc-builder/glibc-2.35/build/elf/dl-allobjs.os
 .debug_info    0x0000000000099767      0x811 /home/materialofmouse/await-glibc/glibc-builder/glibc-2.35/build/elf/rtld-libc.a(rtld-check_fds.os)
 .debug_info    0x0000000000099f78      0x407 /home/materialofmouse/await-glibc/glibc-builder/glibc-2.35/build/elf/rtld-libc.a(rtld-errno.os)
 .debug_info    0x000000000009a37f      0x592 /home/materialofmouse/await-glibc/glibc-builder/glibc-2.35/build/elf/rtld-libc.a(rtld-closedir.os)
 .debug_info    0x000000000009a911      0x504 /home/materialofmouse/await-glibc/glibc-builder/glibc-2.35/build/elf/rtld-libc.a(rtld-rewinddir.os)
 .debug_info    0x000000000009ae15      0x616 /home/materialofmouse/await-glibc/glibc-builder/glibc-2.35/build/elf/rtld-libc.a(rtld-readdir64.os)
 .debug_info    0x000000000009b42b      0x749 /home/materialofmouse/await-glibc/glibc-builder/glibc-2.35/build/elf/rtld-libc.a(rtld-fdopendir.os)
 .debug_info    0x000000000009bb74      0x4de /home/materialofmouse/await-glibc/glibc-builder/glibc-2.35/build/elf/rtld-libc.a(rtld-getdents64.os)
 .debug_info    0x000000000009c052      0xe23 /home/materialofmouse/await-glibc/glibc-builder/glibc-2.35/build/elf/rtld-libc.a(rtld-dl-addr-obj.os)
 .debug_info    0x000000000009ce75      0xb68 /home/materialofmouse/await-glibc/glibc-builder/glibc-2.35/build/elf/rtld-libc.a(rtld-profil.os)
 .debug_info    0x000000000009d9dd     0x219e /home/materialofmouse/await-glibc/glibc-builder/glibc-2.35/build/elf/rtld-libc.a(rtld-prof-freq.os)
 .debug_info    0x000000000009fb7b      0x298 /home/materialofmouse/await-glibc/glibc-builder/glibc-2.35/build/elf/rtld-libc.a(rtld-stat64.os)
 .debug_info    0x000000000009fe13      0x2a8 /home/materialofmouse/await-glibc/glibc-builder/glibc-2.35/build/elf/rtld-libc.a(rtld-fstat64.os)
 .debug_info    0x00000000000a00bb      0x29a /home/materialofmouse/await-glibc/glibc-builder/glibc-2.35/build/elf/rtld-libc.a(rtld-lstat64.os)
 .debug_info    0x00000000000a0355      0x75c /home/materialofmouse/await-glibc/glibc-builder/glibc-2.35/build/elf/rtld-libc.a(rtld-fstatat64.os)
 .debug_info    0x00000000000a0ab1      0x61a /home/materialofmouse/await-glibc/glibc-builder/glibc-2.35/build/elf/rtld-libc.a(rtld-openat64.os)
 .debug_info    0x00000000000a10cb      0x4ca /home/materialofmouse/await-glibc/glibc-builder/glibc-2.35/build/elf/rtld-libc.a(rtld-lseek64.os)
 .debug_info    0x00000000000a1595      0x493 /home/materialofmouse/await-glibc/glibc-builder/glibc-2.35/build/elf/rtld-libc.a(rtld-access.os)
 .debug_info    0x00000000000a1a28      0x469 /home/materialofmouse/await-glibc/glibc-builder/glibc-2.35/build/elf/rtld-libc.a(rtld-close_nocancel.os)
 .debug_info    0x00000000000a1e91      0x8d6 /home/materialofmouse/await-glibc/glibc-builder/glibc-2.35/build/elf/rtld-libc.a(rtld-fcntl_nocancel.os)
 .debug_info    0x00000000000a2767      0x590 /home/materialofmouse/await-glibc/glibc-builder/glibc-2.35/build/elf/rtld-libc.a(rtld-open64_nocancel.os)
 .debug_info    0x00000000000a2cf7      0x4dc /home/materialofmouse/await-glibc/glibc-builder/glibc-2.35/build/elf/rtld-libc.a(rtld-read_nocancel.os)
 .debug_info    0x00000000000a31d3      0x518 /home/materialofmouse/await-glibc/glibc-builder/glibc-2.35/build/elf/rtld-libc.a(rtld-pread64_nocancel.os)
 .debug_info    0x00000000000a36eb      0x4e0 /home/materialofmouse/await-glibc/glibc-builder/glibc-2.35/build/elf/rtld-libc.a(rtld-write_nocancel.os)
 .debug_info    0x00000000000a3bcb      0x3ca /home/materialofmouse/await-glibc/glibc-builder/glibc-2.35/build/elf/rtld-libc.a(rtld-scratch_buffer_set_array_size.os)
 .debug_info    0x00000000000a3f95      0x633 /home/materialofmouse/await-glibc/glibc-builder/glibc-2.35/build/elf/rtld-libc.a(rtld-mmap64.os)
 .debug_info    0x00000000000a45c8       0x28 /home/materialofmouse/await-glibc/glibc-builder/glibc-2.35/build/elf/rtld-libc.a(rtld-munmap.os)
 .debug_info    0x00000000000a45f0       0x28 /home/materialofmouse/await-glibc/glibc-builder/glibc-2.35/build/elf/rtld-libc.a(rtld-mprotect.os)
 .debug_info    0x00000000000a4618      0x966 /home/materialofmouse/await-glibc/glibc-builder/glibc-2.35/build/elf/rtld-libc.a(rtld-lowlevellock.os)
 .debug_info    0x00000000000a4f7e       0x28 /home/materialofmouse/await-glibc/glibc-builder/glibc-2.35/build/elf/rtld-libc.a(rtld-uname.os)
 .debug_info    0x00000000000a4fa6      0x4ad /home/materialofmouse/await-glibc/glibc-builder/glibc-2.35/build/elf/rtld-libc.a(rtld-_exit.os)
 .debug_info    0x00000000000a5453       0x28 /home/materialofmouse/await-glibc/glibc-builder/glibc-2.35/build/elf/rtld-libc.a(rtld-getpid.os)
 .debug_info    0x00000000000a547b       0xb2 /home/materialofmouse/await-glibc/glibc-builder/glibc-2.35/build/elf/rtld-libc.a(rtld-environ.os)
 .debug_info    0x00000000000a552d       0x28 /home/materialofmouse/await-glibc/glibc-builder/glibc-2.35/build/elf/rtld-libc.a(rtld-setjmp.os)
 .debug_info    0x00000000000a5555       0x28 /home/materialofmouse/await-glibc/glibc-builder/glibc-2.35/build/elf/rtld-libc.a(rtld-__longjmp.os)