Archive member included to satisfy reference by file (symbol)

/home/mouse/await-glibc/build/elf/rtld-libc.a(rtld-check_fds.os)
                              /home/mouse/await-glibc/build/elf/dl-allobjs.os (__libc_check_standard_fds)
/home/mouse/await-glibc/build/elf/rtld-libc.a(rtld-errno.os)
                              /home/mouse/await-glibc/build/elf/dl-allobjs.os (rtld_errno)
/home/mouse/await-glibc/build/elf/rtld-libc.a(rtld-closedir.os)
                              /home/mouse/await-glibc/build/elf/dl-allobjs.os (__closedir)
/home/mouse/await-glibc/build/elf/rtld-libc.a(rtld-rewinddir.os)
                              /home/mouse/await-glibc/build/elf/dl-allobjs.os (__rewinddir)
/home/mouse/await-glibc/build/elf/rtld-libc.a(rtld-readdir64.os)
                              /home/mouse/await-glibc/build/elf/dl-allobjs.os (__readdir64)
/home/mouse/await-glibc/build/elf/rtld-libc.a(rtld-fdopendir.os)
                              /home/mouse/await-glibc/build/elf/dl-allobjs.os (__fdopendir)
/home/mouse/await-glibc/build/elf/rtld-libc.a(rtld-getdents64.os)
                              /home/mouse/await-glibc/build/elf/rtld-libc.a(rtld-readdir64.os) (__getdents64)
/home/mouse/await-glibc/build/elf/rtld-libc.a(rtld-dl-addr-obj.os)
                              /home/mouse/await-glibc/build/elf/dl-allobjs.os (_dl_addr_inside_object)
/home/mouse/await-glibc/build/elf/rtld-libc.a(rtld-profil.os)
                              /home/mouse/await-glibc/build/elf/dl-allobjs.os (__profil)
/home/mouse/await-glibc/build/elf/rtld-libc.a(rtld-prof-freq.os)
                              /home/mouse/await-glibc/build/elf/dl-allobjs.os (__profile_frequency)
/home/mouse/await-glibc/build/elf/rtld-libc.a(rtld-stat64.os)
                              /home/mouse/await-glibc/build/elf/dl-allobjs.os (__GI___stat64)
/home/mouse/await-glibc/build/elf/rtld-libc.a(rtld-fstat64.os)
                              /home/mouse/await-glibc/build/elf/dl-allobjs.os (__GI___fstat64)
/home/mouse/await-glibc/build/elf/rtld-libc.a(rtld-lstat64.os)
                              /home/mouse/await-glibc/build/elf/dl-allobjs.os (__GI___lstat64)
/home/mouse/await-glibc/build/elf/rtld-libc.a(rtld-fstatat64.os)
                              /home/mouse/await-glibc/build/elf/dl-allobjs.os (__GI___fstatat64)
/home/mouse/await-glibc/build/elf/rtld-libc.a(rtld-openat64.os)
                              /home/mouse/await-glibc/build/elf/dl-allobjs.os (__openat64)
/home/mouse/await-glibc/build/elf/rtld-libc.a(rtld-lseek64.os)
                              /home/mouse/await-glibc/build/elf/dl-allobjs.os (__lseek)
/home/mouse/await-glibc/build/elf/rtld-libc.a(rtld-access.os)
                              /home/mouse/await-glibc/build/elf/dl-allobjs.os (__access)
/home/mouse/await-glibc/build/elf/rtld-libc.a(rtld-close_nocancel.os)
                              /home/mouse/await-glibc/build/elf/dl-allobjs.os (__GI___close_nocancel)
/home/mouse/await-glibc/build/elf/rtld-libc.a(rtld-fcntl_nocancel.os)
                              /home/mouse/await-glibc/build/elf/dl-allobjs.os (__GI___fcntl64_nocancel)
/home/mouse/await-glibc/build/elf/rtld-libc.a(rtld-open64_nocancel.os)
                              /home/mouse/await-glibc/build/elf/dl-allobjs.os (__GI___open64_nocancel)
/home/mouse/await-glibc/build/elf/rtld-libc.a(rtld-read_nocancel.os)
                              /home/mouse/await-glibc/build/elf/dl-allobjs.os (__GI___read_nocancel)
/home/mouse/await-glibc/build/elf/rtld-libc.a(rtld-pread64_nocancel.os)
                              /home/mouse/await-glibc/build/elf/dl-allobjs.os (__GI___pread64_nocancel)
/home/mouse/await-glibc/build/elf/rtld-libc.a(rtld-write_nocancel.os)
                              /home/mouse/await-glibc/build/elf/dl-allobjs.os (__GI___write_nocancel)
/home/mouse/await-glibc/build/elf/rtld-libc.a(rtld-scratch_buffer_set_array_size.os)
                              /home/mouse/await-glibc/build/elf/dl-allobjs.os (__libc_scratch_buffer_set_array_size)
/home/mouse/await-glibc/build/elf/rtld-libc.a(rtld-mmap64.os)
                              /home/mouse/await-glibc/build/elf/dl-allobjs.os (__mmap)
/home/mouse/await-glibc/build/elf/rtld-libc.a(rtld-munmap.os)
                              /home/mouse/await-glibc/build/elf/dl-allobjs.os (__munmap)
/home/mouse/await-glibc/build/elf/rtld-libc.a(rtld-mprotect.os)
                              /home/mouse/await-glibc/build/elf/dl-allobjs.os (__mprotect)
/home/mouse/await-glibc/build/elf/rtld-libc.a(rtld-lowlevellock.os)
                              /home/mouse/await-glibc/build/elf/dl-allobjs.os (__lll_lock_wait_private)
/home/mouse/await-glibc/build/elf/rtld-libc.a(rtld-uname.os)
                              /home/mouse/await-glibc/build/elf/dl-allobjs.os (__uname)
/home/mouse/await-glibc/build/elf/rtld-libc.a(rtld-_exit.os)
                              /home/mouse/await-glibc/build/elf/dl-allobjs.os (__GI__exit)
/home/mouse/await-glibc/build/elf/rtld-libc.a(rtld-getpid.os)
[...]
Memory Configuration

Name             Origin             Length             Attributes
*default*        0x0000000000000000 0xffffffffffffffff

Linker script and memory map

START GROUP
LOAD /home/mouse/await-glibc/build/elf/dl-allobjs.os
LOAD /home/mouse/await-glibc/build/elf/rtld-libc.a
LOAD /usr/lib/gcc/x86_64-linux-gnu/11/libgcc.a
END GROUP

.interp
 *(.interp)

.note.gnu.property
                0x0000000000000000       0x20
 .note.gnu.property
                0x0000000000000000       0x20 /home/mouse/await-glibc/build/elf/dl-allobjs.os

.note.gnu.build-id
 *(.note.gnu.build-id)

.hash
 *(.hash)

.gnu.hash
 *(.gnu.hash)

.dynsym
 *(.dynsym)

.dynstr
 *(.dynstr)

.gnu.version
 *(.gnu.version)

.gnu.version_d
 *(.gnu.version_d)

.gnu.version_r
 *(.gnu.version_r)

.rela.init
 *(.rela.init)

.rela.text
 *(.rela.text)

.rela.fini
 *(.rela.fini)

.rela.rodata
 *(.rela.rodata)

.rela.data.rel.ro
 *(.rela.data.rel.ro)

.rela.data
 *(.rela.data)

.rela.tdata
 *(.rela.tdata)

.rela.tbss
 *(.rela.tbss)

.rela.ctors
 *(.rela.ctors)

.rela.dtors
 *(.rela.dtors)

.rela.got
 *(.rela.got)

.rela.bss
 *(.rela.bss)

.rela.ldata
 *(.rela.ldata)

.rela.lbss
 *(.rela.lbss)

.rela.lrodata
 *(.rela.lrodata)

.rela.ifunc
 *(.rela.ifunc)

.rela.plt
 *(.rela.plt)

.relr.dyn
 *(.relr.dyn)

.init
 *(SORT_NONE(.init))

.plt
 *(.plt)

.plt.got
 *(.plt.got)

.plt.sec
 *(.plt.sec)

.text           0x0000000000000000    0x26493
 *(.text .stub)
 .text          0x0000000000000000    0x215b4 /home/mouse/await-glibc/build/elf/dl-allobjs.os
                0x0000000000000000                _dl_call_libc_early_init
                0x0000000000000240                _dl_close_worker
                0x0000000000001010                _dl_close
                0x0000000000001080                _dl_debug_state
                0x0000000000001080                __GI__dl_debug_state
                0x0000000000001090                _dl_debug_update
                0x00000000000010e0                _dl_debug_initialize
                0x00000000000012b0                _dl_map_object_deps
                0x00000000000024b0                _dl_error_free
                0x00000000000024e0                _dl_exception_create
                0x00000000000024e0                __GI__dl_exception_create
                0x00000000000025c0                __GI__dl_exception_create_format
                0x00000000000025c0                _dl_exception_create_format
                0x0000000000002a50                _dl_exception_free
                0x0000000000002a50                __GI__dl_exception_free
                0x0000000000002a80                _dl_make_stacks_executable
                0x0000000000002bf0                __GI___nptl_change_stack_perm
                0x0000000000002bf0                __nptl_change_stack_perm
                0x0000000000002e40                __GI__dl_find_object
                0x0000000000002e40                _dl_find_object
                0x00000000000031c0                _dlfo_sort_mappings
                0x0000000000003270                _dl_find_object_init
                0x0000000000003420                _dl_find_object_update
                0x0000000000003930                _dl_find_object_dlclose
                0x0000000000003a00                _dl_find_object_freeres
                0x0000000000003a70                _dl_fini
                0x0000000000003f40                _dl_init
                0x0000000000005210                _dl_dst_count
                0x00000000000052c0                _dl_dst_substitute
                0x0000000000005a30                _dl_init_paths
                0x0000000000005db0                _dl_process_pt_gnu_property
                0x00000000000075b0                _dl_map_object
                0x0000000000007f90                _dl_rtld_di_serinfo
                0x0000000000009000                _dl_lookup_symbol_x
                0x000000000000a0a0                _dl_lookup_direct
                0x000000000000a250                __minimal_malloc
                0x000000000000a370                __minimal_calloc
                0x000000000000a3b0                __minimal_free
                0x000000000000a3f0                __minimal_realloc
                0x000000000000a480                _dl_sysdep_read_whole_file
                0x000000000000a510                _dl_name_match_p
                0x000000000000a580                _dl_higher_prime_number
                0x000000000000a5d0                _dl_strtoul
                0x000000000000a740                _dl_add_to_namespace_list
                0x000000000000a7e0                _dl_new_object
                0x000000000000b010                __GI__dl_find_dso_for_object
                0x000000000000b010                _dl_find_dso_for_object
                0x000000000000b0e0                _dl_open
                0x000000000000b3d0                _dl_show_scope
                0x000000000000bf40                _dl_get_origin
                0x000000000000c7e0                _dl_debug_printf
                0x000000000000c890                _dl_debug_printf_c
                0x000000000000c940                _dl_dprintf
                0x000000000000c9e0                _dl_printf
                0x000000000000ca90                _dl_error_printf
                0x000000000000cb40                _dl_fatal_printf
                0x000000000000cb40                __GI__dl_fatal_printf
                0x000000000000cbf0                _dl_start_profile
                0x000000000000d3d0                __GI__dl_mcount
                0x000000000000d3d0                _dl_mcount
                0x000000000000d620                _dl_try_allocate_static_tls
                0x000000000000d740                _dl_allocate_static_tls
                0x000000000000d780                _dl_protect_relro
                0x000000000000d7f0                _dl_reloc_bad_type
                0x000000000000d8c0                _dl_relocate_object
                0x000000000000f950                _dl_fixup
                0x000000000000fbf0                _dl_profile_fixup
                0x000000000000ff20                _dl_scope_free
                0x0000000000010020                _dl_setup_hash
                0x00000000000101d0                _dl_sort_maps_init
                0x0000000000010200                _dl_sort_maps
                0x0000000000010680                __thread_gscope_wait
                0x0000000000010b30                _dl_tls_static_surplus_init
                0x0000000000010bc0                _dl_assign_tls_modid
                0x0000000000010cd0                _dl_count_modids
                0x0000000000010d40                _dl_determine_tlsoffset
                0x0000000000010ef0                _dl_get_tls_static_info
                0x0000000000010f10                _dl_allocate_tls_storage
                0x0000000000010fe0                __GI__dl_allocate_tls_init
                0x0000000000010fe0                _dl_allocate_tls_init
                0x0000000000011280                __GI__dl_allocate_tls
                0x0000000000011280                _dl_allocate_tls
                0x00000000000112c0                _dl_deallocate_tls
                0x00000000000112c0                __GI__dl_deallocate_tls
                0x0000000000011350                _dl_update_slotinfo
                0x00000000000115a0                __GI___tls_get_addr
                0x00000000000115a0                ___tls_get_addr
                0x00000000000115e0                _dl_tls_get_addr_soft
                0x0000000000011660                _dl_add_to_slotinfo
                0x0000000000011780                _dl_init_static_tls
                0x00000000000118b0                __tls_get_addr_slow
                0x00000000000118f0                __tls_pre_init_tp
                0x0000000000011950                __tls_init_tp
                0x0000000000011a90                _dl_runtime_profile_avx512
                0x0000000000011ea0                _dl_runtime_profile_avx
                0x00000000000122b0                _dl_runtime_profile_sse
                0x0000000000012440                _dl_runtime_resolve_fxsave
                0x00000000000124c0                _dl_runtime_resolve_xsave
                0x0000000000012590                _dl_runtime_resolve_xsavec
                0x0000000000012650                _dl_check_map_versions
                0x0000000000012de0                _dl_check_all_versions
                0x0000000000012e60                _dl_write
                0x0000000000012e70                _dl_cache_libcmp
                0x0000000000013630                _dl_load_cache_lookup
                0x00000000000139c0                _dl_unload_cache
                0x0000000000013af0                __GI___tunable_set_val
                0x0000000000013b20                __GI___tunables_init
                0x00000000000140e0                __GI___tunables_print
                0x00000000000141f0                __tunable_get_val
                0x00000000000141f0                __GI___tunable_get_val
                0x0000000000014260                _dl_make_tlsdesc_dynamic
                0x0000000000014510                _dl_unmap
                0x0000000000014590                _dl_tlsdesc_return
                0x00000000000145a0                _dl_tlsdesc_undefweak
                0x00000000000145c0                _dl_tlsdesc_dynamic
                0x0000000000014660                __tls_get_addr
                0x0000000000016800                __x86_cpu_features
                0x0000000000016830                _dl_x86_init_cpu_features
                0x0000000000016850                _dl_x86_get_cpu_features
                0x0000000000016cf0                _dl_cet_open_check
                0x0000000000016d00                _dl_cet_check
                0x0000000000016d10                _dl_audit_activity_map
                0x0000000000016da0                _dl_audit_activity_nsid
                0x0000000000016de0                _dl_audit_objsearch
                0x0000000000016eb0                _dl_audit_objopen
                0x0000000000016f60                _dl_audit_objclose
                0x0000000000017000                _dl_audit_preinit
                0x0000000000017090                _dl_audit_symbind_alt
                0x0000000000017090                __GI__dl_audit_symbind_alt
                0x0000000000017270                _dl_audit_symbind
                0x0000000000017540                _dl_audit_pltenter
                0x0000000000017790                _dl_audit_pltexit
                0x0000000000017920                _dl_resolve_conflicts
                0x0000000000017b40                _dl_diagnostics_print_string
                0x0000000000017bc0                _dl_diagnostics_print_labeled_string
                0x0000000000017c10                _dl_diagnostics_print_labeled_value
                0x0000000000017c30                _dl_print_diagnostics
                0x0000000000018050                _dl_diagnostics_cpu
                0x0000000000018750                _dl_diagnostics_kernel
                0x00000000000187f0                _dl_next_ld_env_entry
                0x0000000000018840                unsetenv
                0x0000000000018970                _dl_signal_exception
                0x00000000000189c0                _dl_signal_error
                0x0000000000018a20                _dl_signal_cexception
                0x0000000000018ab0                _dl_signal_cerror
                0x0000000000018b40                _dl_catch_exception
                0x0000000000018c30                _dl_catch_error
                0x0000000000018c80                _dl_receive_error
                0x0000000000018cd0                _rtld_catch_error
                0x0000000000018d80                _dl_important_hwcaps
                0x00000000000196f0                _dl_hwcaps_subdirs_active
                0x00000000000197c0                _dl_hwcaps_split
                0x0000000000019860                _dl_hwcaps_contains
                0x00000000000198d0                _dl_hwcaps_split_masked
                0x0000000000019920                __rtld_libc_freeres
                0x0000000000019930                __rtld_malloc_init_stubs
                0x0000000000019970                __sigjmp_save
                0x0000000000019980                __strerror_r
                0x0000000000019a70                __GI___libc_fatal
                0x0000000000019a70                __libc_fatal
                0x0000000000019a90                __GI___chk_fail
                0x0000000000019a90                __chk_fail
                0x0000000000019ab0                __GI___assert_fail
                0x0000000000019ab0                __assert_fail
                0x0000000000019af0                __rtld_malloc_is_complete
                0x0000000000019c00                __rtld_malloc_init_real
                0x0000000000019d00                __GI___assert_perror_fail
                0x0000000000019d00                __assert_perror_fail
                0x0000000000019d60                _itoa
                0x0000000000019dc0                __strsep
                0x0000000000019dc0                strsep
                0x0000000000019dc0                __strsep_g
                0x0000000000019e50                __rtld_mutex_init
                0x0000000000019f50                _dl_tunable_set_hwcaps
                0x000000000001a9b0                _dl_tunable_set_x86_ibt
                0x000000000001aa30                _dl_tunable_set_x86_shstk
                0x000000000001aab0                _dl_sysdep_start
                0x000000000001aef0                _dl_sysdep_start_cleanup
                0x000000000001af00                _dl_show_auxv
                0x000000000001b0b0                _dl_discover_osversion
                0x000000000001b340                _dl_usage
                0x000000000001b390                _dl_version
                0x000000000001b3b0                _dl_help
                0x000000000001b8d0                _start
                0x000000000001b8d8                _dl_start_user
                0x000000000001ccd0                handle_preload_list
                0x0000000000020d20                __brk
                0x0000000000020d20                brk
                0x0000000000020d50                sbrk
                0x0000000000020d50                __sbrk
                0x0000000000020de0                __getcwd
                0x0000000000020de0                getcwd
                0x00000000000213d0                openat64
                0x0000000000021430                __alloc_dir
                0x0000000000021510                __opendir
                0x0000000000021510                opendir
 *fill*         0x00000000000215b4        0xc 
 .text          0x00000000000215c0       0xd6 /home/mouse/await-glibc/build/elf/rtld-libc.a(rtld-check_fds.os)
                0x0000000000021660                __libc_check_standard_fds
 .text          0x0000000000021696        0x0 /home/mouse/await-glibc/build/elf/rtld-libc.a(rtld-errno.os)
 *fill*         0x0000000000021696        0xa 
 .text          0x00000000000216a0       0x2a /home/mouse/await-glibc/build/elf/rtld-libc.a(rtld-closedir.os)
                0x00000000000216a0                __closedir
                0x00000000000216a0                closedir
 *fill*         0x00000000000216ca        0x6 
 .text          0x00000000000216d0       0x34 /home/mouse/await-glibc/build/elf/rtld-libc.a(rtld-rewinddir.os)
                0x00000000000216d0                rewinddir
                0x00000000000216d0                __rewinddir
 *fill*         0x0000000000021704        0xc 
 .text          0x0000000000021710       0x90 /home/mouse/await-glibc/build/elf/rtld-libc.a(rtld-readdir64.os)
                0x0000000000021710                readdir
                0x0000000000021710                __readdir64
                0x0000000000021710                __readdir
                0x0000000000021710                readdir64
 .text          0x00000000000217a0       0x8e /home/mouse/await-glibc/build/elf/rtld-libc.a(rtld-fdopendir.os)
                0x00000000000217a0                fdopendir
                0x00000000000217a0                __fdopendir
 *fill*         0x000000000002182e        0x2 
 .text          0x0000000000021830       0x30 /home/mouse/await-glibc/build/elf/rtld-libc.a(rtld-getdents64.os)
                0x0000000000021830                __getdents
                0x0000000000021830                getdents64
                0x0000000000021830                __getdents64
 .text          0x0000000000021860       0x7b /home/mouse/await-glibc/build/elf/rtld-libc.a(rtld-dl-addr-obj.os)
                0x0000000000021860                _dl_addr_inside_object
 *fill*         0x00000000000218db        0x5 
 .text          0x00000000000218e0       0xf7 /home/mouse/await-glibc/build/elf/rtld-libc.a(rtld-profil.os)
                0x0000000000021930                __profil
                0x0000000000021930                profil
 *fill*         0x00000000000219d7        0x9 
 .text          0x00000000000219e0        0xb /home/mouse/await-glibc/build/elf/rtld-libc.a(rtld-prof-freq.os)
                0x00000000000219e0                __profile_frequency
 *fill*         0x00000000000219eb        0x5 
 .text          0x00000000000219f0       0x16 /home/mouse/await-glibc/build/elf/rtld-libc.a(rtld-stat64.os)
                0x00000000000219f0                stat64
                0x00000000000219f0                __stat
                0x00000000000219f0                __stat64
                0x00000000000219f0                stat
                0x00000000000219f0                __GI___stat64
 *fill*         0x0000000000021a06        0xa 
 .text          0x0000000000021a10       0x30 /home/mouse/await-glibc/build/elf/rtld-libc.a(rtld-fstat64.os)
                0x0000000000021a10                __GI___fstat64
                0x0000000000021a10                fstat64
                0x0000000000021a10                fstat
                0x0000000000021a10                __fstat64
                0x0000000000021a10                __fstat
 .text          0x0000000000021a40       0x19 /home/mouse/await-glibc/build/elf/rtld-libc.a(rtld-lstat64.os)
                0x0000000000021a40                __lstat64
                0x0000000000021a40                lstat
                0x0000000000021a40                lstat64
                0x0000000000021a40                __GI___lstat64
                0x0000000000021a40                __lstat
 *fill*         0x0000000000021a59        0x7 
 .text          0x0000000000021a60       0x2e /home/mouse/await-glibc/build/elf/rtld-libc.a(rtld-fstatat64.os)
                0x0000000000021a60                fstatat
                0x0000000000021a60                __fstatat
                0x0000000000021a60                fstatat64
                0x0000000000021a60                __fstatat64
                0x0000000000021a60                __GI___fstatat
                0x0000000000021a60                __GI___fstatat64
 *fill*         0x0000000000021a8e        0x2 
 .text          0x0000000000021a90       0x66 /home/mouse/await-glibc/build/elf/rtld-libc.a(rtld-openat64.os)
                0x0000000000021a90                __openat64
                0x0000000000021a90                __libc_openat64
                0x0000000000021a90                __openat
                0x0000000000021a90                openat
 *fill*         0x0000000000021af6        0xa 
 .text          0x0000000000021b00       0x28 /home/mouse/await-glibc/build/elf/rtld-libc.a(rtld-lseek64.os)
                0x0000000000021b00                __lseek64
                0x0000000000021b00                lseek
                0x0000000000021b00                __libc_lseek64
                0x0000000000021b00                __lseek
                0x0000000000021b00                __libc_lseek
                0x0000000000021b00                lseek64
 *fill*         0x0000000000021b28        0x8 
 .text          0x0000000000021b30       0x26 /home/mouse/await-glibc/build/elf/rtld-libc.a(rtld-access.os)
                0x0000000000021b30                access
                0x0000000000021b30                __access
 *fill*         0x0000000000021b56        0xa 
 .text          0x0000000000021b60       0x26 /home/mouse/await-glibc/build/elf/rtld-libc.a(rtld-close_nocancel.os)
                0x0000000000021b60                __GI___close_nocancel
 *fill*         0x0000000000021b86        0xa 
 .text          0x0000000000021b90       0xde /home/mouse/await-glibc/build/elf/rtld-libc.a(rtld-fcntl_nocancel.os)
                0x0000000000021b90                __fcntl64_nocancel
                0x0000000000021b90                __GI___fcntl64_nocancel
                0x0000000000021c10                __fcntl64_nocancel_adjusted
 *fill*         0x0000000000021c6e        0x2 
 .text          0x0000000000021c70       0x7e /home/mouse/await-glibc/build/elf/rtld-libc.a(rtld-open64_nocancel.os)
                0x0000000000021c70                __GI___open_nocancel
                0x0000000000021c70                __open_nocancel
                0x0000000000021c70                __GI___open64_nocancel
                0x0000000000021c70                __open64_nocancel
 *fill*         0x0000000000021cee        0x2 
 .text          0x0000000000021cf0       0x28 /home/mouse/await-glibc/build/elf/rtld-libc.a(rtld-read_nocancel.os)
                0x0000000000021cf0                __read_nocancel
                0x0000000000021cf0                __GI___read_nocancel
 *fill*         0x0000000000021d18        0x8 
 .text          0x0000000000021d20       0x30 /home/mouse/await-glibc/build/elf/rtld-libc.a(rtld-pread64_nocancel.os)
                0x0000000000021d20                __GI___pread64_nocancel
                0x0000000000021d20                __pread64_nocancel
 .text          0x0000000000021d50       0x28 /home/mouse/await-glibc/build/elf/rtld-libc.a(rtld-write_nocancel.os)
                0x0000000000021d50                __GI___write_nocancel
                0x0000000000021d50                __write_nocancel
 *fill*         0x0000000000021d78        0x8 
 .text          0x0000000000021d80       0xb0 /home/mouse/await-glibc/build/elf/rtld-libc.a(rtld-scratch_buffer_set_array_size.os)
                0x0000000000021d80                __libc_scratch_buffer_set_array_size
 .text          0x0000000000021e30       0x48 /home/mouse/await-glibc/build/elf/rtld-libc.a(rtld-mmap64.os)
                0x0000000000021e30                __mmap
                0x0000000000021e30                mmap
                0x0000000000021e30                __mmap64
                0x0000000000021e30                mmap64
 *fill*         0x0000000000021e78        0x8 
 .text          0x0000000000021e80       0x24 /home/mouse/await-glibc/build/elf/rtld-libc.a(rtld-munmap.os)
                0x0000000000021e80                munmap
                0x0000000000021e80                __GI___munmap
                0x0000000000021e80                __GI_munmap
                0x0000000000021e80                __munmap
 *fill*         0x0000000000021ea4        0xc 
 .text          0x0000000000021eb0       0x24 /home/mouse/await-glibc/build/elf/rtld-libc.a(rtld-mprotect.os)
                0x0000000000021eb0                __mprotect
                0x0000000000021eb0                __GI___mprotect
                0x0000000000021eb0                __GI_mprotect
                0x0000000000021eb0                mprotect
 *fill*         0x0000000000021ed4        0xc 
 .text          0x0000000000021ee0      0x108 /home/mouse/await-glibc/build/elf/rtld-libc.a(rtld-lowlevellock.os)
                0x0000000000021ee0                __lll_lock_wait_private
                0x0000000000021f40                __lll_lock_wait
                0x0000000000021fb0                __lll_lock_wake_private
                0x0000000000021fd0                __lll_lock_wake
 *fill*         0x0000000000021fe8        0x8 
 .text          0x0000000000021ff0       0x24 /home/mouse/await-glibc/build/elf/rtld-libc.a(rtld-uname.os)
                0x0000000000021ff0                uname
                0x0000000000021ff0                __GI_uname
                0x0000000000021ff0                __uname
                0x0000000000021ff0                __GI___uname
 *fill*         0x0000000000022014        0xc 
 .text          0x0000000000022020       0x42 /home/mouse/await-glibc/build/elf/rtld-libc.a(rtld-_exit.os)
                0x0000000000022020                _Exit
                0x0000000000022020                __GI__exit
                0x0000000000022020                _exit
 *fill*         0x0000000000022062        0xe 
 .text          0x0000000000022070        0xc /home/mouse/await-glibc/build/elf/rtld-libc.a(rtld-getpid.os)
                0x0000000000022070                __getpid
                0x0000000000022070                getpid
                0x0000000000022070                __GI_getpid
                0x0000000000022070                __GI___getpid
 .text          0x000000000002207c        0x0 /home/mouse/await-glibc/build/elf/rtld-libc.a(rtld-environ.os)
 *fill*         0x000000000002207c        0x4 
 .text          0x0000000000022080       0x5e /home/mouse/await-glibc/build/elf/rtld-libc.a(rtld-setjmp.os)
                0x0000000000022080                __sigsetjmp
                0x0000000000022080                __GI___sigsetjmp
 *fill*         0x00000000000220de        0x2 
 .text          0x00000000000220e0       0x7c /home/mouse/await-glibc/build/elf/rtld-libc.a(rtld-__longjmp.os)
                0x00000000000220e0                __longjmp
 *fill*         0x000000000002215c        0x4 
 .text          0x0000000000022160       0x30 /home/mouse/await-glibc/build/elf/rtld-libc.a(rtld-sigaction.os)
                0x0000000000022160                sigaction
                0x0000000000022160                __sigaction
 .text          0x0000000000022190      0x1b1 /home/mouse/await-glibc/build/elf/rtld-libc.a(rtld-libc_sigaction.os)
                0x00000000000221b0                __libc_sigaction
 *fill*         0x0000000000022341        0xf 
 .text          0x0000000000022350       0x4a /home/mouse/await-glibc/build/elf/rtld-libc.a(rtld-strdup.os)
                0x0000000000022350                __strdup
                0x0000000000022350                strdup
 *fill*         0x000000000002239a        0x6 
 .text          0x00000000000223a0        0x9 /home/mouse/await-glibc/build/elf/rtld-libc.a(rtld-strerrorname_np.os)
                0x00000000000223a0                strerrorname_np
 *fill*         0x00000000000223a9        0x7 
 .text          0x00000000000223b0     0x1449 /home/mouse/await-glibc/build/elf/rtld-libc.a(rtld-strcmp-sse2.os)
                0x00000000000223b0                strcmp
 *fill*         0x00000000000237f9        0x7 
 .text          0x0000000000023800     0x1859 /home/mouse/await-glibc/build/elf/rtld-libc.a(rtld-strncmp-sse2.os)
                0x0000000000023800                strncmp
 *fill*         0x0000000000025059        0x7 
 .text          0x0000000000025060      0x323 /home/mouse/await-glibc/build/elf/rtld-libc.a(rtld-memchr-sse2.os)
                0x0000000000025060                memchr
                0x0000000000025060                __memchr
 *fill*         0x0000000000025383        0xd 
 .text          0x0000000000025390      0x209 /home/mouse/await-glibc/build/elf/rtld-libc.a(rtld-rawmemchr-sse2.os)
                0x0000000000025390                __rawmemchr
                0x0000000000025390                rawmemchr
 *fill*         0x0000000000025599        0x7 
 .text          0x00000000000255a0      0x400 /home/mouse/await-glibc/build/elf/rtld-libc.a(rtld-memcmp-sse2.os)
                0x00000000000255a0                bcmp
                0x00000000000255a0                memcmp
 .text          0x00000000000259a0      0x22a /home/mouse/await-glibc/build/elf/rtld-libc.a(rtld-strchr-sse2.os)
                0x00000000000259a0                index
                0x00000000000259a0                strchr
 *fill*         0x0000000000025bca        0x6 
 .text          0x0000000000025bd0      0x19c /home/mouse/await-glibc/build/elf/rtld-libc.a(rtld-strlen-sse2.os)
                0x0000000000025bd0                strlen
 *fill*         0x0000000000025d6c        0x4 
 .text          0x0000000000025d70      0x218 /home/mouse/await-glibc/build/elf/rtld-libc.a(rtld-strnlen-sse2.os)
                0x0000000000025d70                __strnlen
                0x0000000000025d70                strnlen
 *fill*         0x0000000000025f88        0x8 
 .text          0x0000000000025f90       0xec /home/mouse/await-glibc/build/elf/rtld-libc.a(rtld-stpcpy-sse2.os)
                0x0000000000025f90                stpcpy
                0x0000000000025f90                __stpcpy
 *fill*         0x000000000002607c        0x4 
 .text          0x0000000000026080       0xa7 /home/mouse/await-glibc/build/elf/rtld-libc.a(rtld-strcspn-sse2.os)
                0x0000000000026080                strcspn
 *fill*         0x0000000000026127        0x9 
 .text          0x0000000000026130      0x1f1 /home/mouse/await-glibc/build/elf/rtld-libc.a(rtld-memmove-sse2-unaligned-erms.os)
                0x0000000000026130                mempcpy
                0x0000000000026130                __mempcpy
                0x0000000000026140                memmove
                0x0000000000026140                memcpy
 *fill*         0x0000000000026321        0xf 
 .text          0x0000000000026330       0xd9 /home/mouse/await-glibc/build/elf/rtld-libc.a(rtld-memset-sse2-unaligned-erms.os)
                0x0000000000026330                memset
 *fill*         0x0000000000026409        0x7 
 .text          0x0000000000026410       0x26 /home/mouse/await-glibc/build/elf/rtld-libc.a(rtld-setitimer.os)
                0x0000000000026410                setitimer
                0x0000000000026410                __setitimer
 *fill*         0x0000000000026436        0xa 
 .text          0x0000000000026440       0x53 /home/mouse/await-glibc/build/elf/rtld-libc.a(rtld-errlist.os)
                0x0000000000026440                __get_errlist
                0x0000000000026460                __get_errname
 *(.gnu.warning)

.text.compat    0x0000000000000000        0x5
 .text.compat   0x0000000000000000        0x5 /home/mouse/await-glibc/build/elf/dl-allobjs.os
                0x0000000000000000                __rtld_version_placeholder_1
                0x0000000000000000                __rtld_version_placeholder@GLIBC_2.34

.fini
 *(SORT_NONE(.fini))

.rodata         0x0000000000000000     0x196c
 *(.rodata)
 .rodata        0x0000000000000000     0x1373 /home/mouse/await-glibc/build/elf/dl-allobjs.os
 *fill*         0x0000000000001373        0x5 
 .rodata        0x0000000000001378       0x40 /home/mouse/await-glibc/build/elf/rtld-libc.a(rtld-strcmp-sse2.os)
 .rodata        0x00000000000013b8       0x40 /home/mouse/await-glibc/build/elf/rtld-libc.a(rtld-strncmp-sse2.os)
 *fill*         0x00000000000013f8        0x8 
 .rodata        0x0000000000001400      0x56c /home/mouse/await-glibc/build/elf/rtld-libc.a(rtld-errlist.os)

.rodata.str1.1  0x0000000000000000     0x21cd
 .rodata.str1.1
                0x0000000000000000     0x1906 /home/mouse/await-glibc/build/elf/dl-allobjs.os
 .rodata.str1.1
                0x0000000000001906       0x14 /home/mouse/await-glibc/build/elf/rtld-libc.a(rtld-check_fds.os)
 .rodata.str1.1
                0x000000000000191a        0x1 /home/mouse/await-glibc/build/elf/rtld-libc.a(rtld-fstat64.os)
 .rodata.str1.1
                0x000000000000191b      0x8b2 /home/mouse/await-glibc/build/elf/rtld-libc.a(rtld-errlist.os)

.rodata.str1.16
                0x0000000000000000      0x585
 .rodata.str1.16
                0x0000000000000000      0x585 /home/mouse/await-glibc/build/elf/dl-allobjs.os
                0x00000000000003f0                _dl_hwcaps_subdirs
                0x0000000000000450                __GI__itoa_lower_digits
                0x0000000000000450                _itoa_lower_digits

.rodata.str1.8  0x0000000000000000     0x33b7
 .rodata.str1.8
                0x0000000000000000     0x2fb9 /home/mouse/await-glibc/build/elf/dl-allobjs.os
 *fill*         0x0000000000002fb9        0x7 
 .rodata.str1.8
                0x0000000000002fc0       0x37 /home/mouse/await-glibc/build/elf/rtld-libc.a(rtld-lowlevellock.os)
 *fill*         0x0000000000002ff7        0x1 
 .rodata.str1.8
                0x0000000000002ff8      0x3bf /home/mouse/await-glibc/build/elf/rtld-libc.a(rtld-errlist.os)

.rodata.str1.32
                0x0000000000000000       0x9b
 .rodata.str1.32
                0x0000000000000000       0x9b /home/mouse/await-glibc/build/elf/dl-allobjs.os

.rodata.cst16   0x0000000000000000       0x10
 .rodata.cst16  0x0000000000000000       0x10 /home/mouse/await-glibc/build/elf/dl-allobjs.os

.rodata.cst4    0x0000000000000000        0x8
 .rodata.cst4   0x0000000000000000        0x8 /home/mouse/await-glibc/build/elf/dl-allobjs.os
                0x0000000000000004                __rseq_flags

.rodata1
 *(.rodata1)

.eh_frame_hdr
 *(.eh_frame_hdr)

.eh_frame       0x0000000000000000     0x4048
 *(.eh_frame)
 .eh_frame      0x0000000000000000     0x34d0 /home/mouse/await-glibc/build/elf/dl-allobjs.os
                                       0x3550 (size before relaxing)
 .eh_frame      0x00000000000034d0       0x68 /home/mouse/await-glibc/build/elf/rtld-libc.a(rtld-check_fds.os)
 .eh_frame      0x0000000000003538       0x38 /home/mouse/await-glibc/build/elf/rtld-libc.a(rtld-closedir.os)
 .eh_frame      0x0000000000003570       0x38 /home/mouse/await-glibc/build/elf/rtld-libc.a(rtld-rewinddir.os)
 .eh_frame      0x00000000000035a8       0x50 /home/mouse/await-glibc/build/elf/rtld-libc.a(rtld-readdir64.os)
 .eh_frame      0x00000000000035f8       0x50 /home/mouse/await-glibc/build/elf/rtld-libc.a(rtld-fdopendir.os)
 .eh_frame      0x0000000000003648       0x30 /home/mouse/await-glibc/build/elf/rtld-libc.a(rtld-getdents64.os)
 .eh_frame      0x0000000000003678       0x30 /home/mouse/await-glibc/build/elf/rtld-libc.a(rtld-dl-addr-obj.os)
 .eh_frame      0x00000000000036a8       0x48 /home/mouse/await-glibc/build/elf/rtld-libc.a(rtld-profil.os)
 .eh_frame      0x00000000000036f0       0x30 /home/mouse/await-glibc/build/elf/rtld-libc.a(rtld-prof-freq.os)
 .eh_frame      0x0000000000003720       0x30 /home/mouse/await-glibc/build/elf/rtld-libc.a(rtld-stat64.os)
 .eh_frame      0x0000000000003750       0x30 /home/mouse/await-glibc/build/elf/rtld-libc.a(rtld-fstat64.os)
 .eh_frame      0x0000000000003780       0x30 /home/mouse/await-glibc/build/elf/rtld-libc.a(rtld-lstat64.os)
 .eh_frame      0x00000000000037b0       0x30 /home/mouse/await-glibc/build/elf/rtld-libc.a(rtld-fstatat64.os)
 .eh_frame      0x00000000000037e0       0x30 /home/mouse/await-glibc/build/elf/rtld-libc.a(rtld-openat64.os)
 .eh_frame      0x0000000000003810       0x30 /home/mouse/await-glibc/build/elf/rtld-libc.a(rtld-lseek64.os)
 .eh_frame      0x0000000000003840       0x30 /home/mouse/await-glibc/build/elf/rtld-libc.a(rtld-access.os)
 .eh_frame      0x0000000000003870       0x30 /home/mouse/await-glibc/build/elf/rtld-libc.a(rtld-close_nocancel.os)
 .eh_frame      0x00000000000038a0       0x40 /home/mouse/await-glibc/build/elf/rtld-libc.a(rtld-fcntl_nocancel.os)
 .eh_frame      0x00000000000038e0       0x30 /home/mouse/await-glibc/build/elf/rtld-libc.a(rtld-open64_nocancel.os)
 .eh_frame      0x0000000000003910       0x30 /home/mouse/await-glibc/build/elf/rtld-libc.a(rtld-read_nocancel.os)
 .eh_frame      0x0000000000003940       0x30 /home/mouse/await-glibc/build/elf/rtld-libc.a(rtld-pread64_nocancel.os)
 .eh_frame      0x0000000000003970       0x30 /home/mouse/await-glibc/build/elf/rtld-libc.a(rtld-write_nocancel.os)
 .eh_frame      0x00000000000039a0       0x60 /home/mouse/await-glibc/build/elf/rtld-libc.a(rtld-scratch_buffer_set_array_size.os)
 .eh_frame      0x0000000000003a00       0x30 /home/mouse/await-glibc/build/elf/rtld-libc.a(rtld-mmap64.os)
 .eh_frame      0x0000000000003a30       0x30 /home/mouse/await-glibc/build/elf/rtld-libc.a(rtld-munmap.os)
 .eh_frame      0x0000000000003a60       0x30 /home/mouse/await-glibc/build/elf/rtld-libc.a(rtld-mprotect.os)
 .eh_frame      0x0000000000003a90       0x70 /home/mouse/await-glibc/build/elf/rtld-libc.a(rtld-lowlevellock.os)
 .eh_frame      0x0000000000003b00       0x30 /home/mouse/await-glibc/build/elf/rtld-libc.a(rtld-uname.os)
 .eh_frame      0x0000000000003b30       0x30 /home/mouse/await-glibc/build/elf/rtld-libc.a(rtld-_exit.os)
 .eh_frame      0x0000000000003b60       0x30 /home/mouse/await-glibc/build/elf/rtld-libc.a(rtld-getpid.os)
 .eh_frame      0x0000000000003b90       0x30 /home/mouse/await-glibc/build/elf/rtld-libc.a(rtld-setjmp.os)
 .eh_frame      0x0000000000003bc0       0x48 /home/mouse/await-glibc/build/elf/rtld-libc.a(rtld-__longjmp.os)
 .eh_frame      0x0000000000003c08       0x30 /home/mouse/await-glibc/build/elf/rtld-libc.a(rtld-sigaction.os)
 .eh_frame      0x0000000000003c38       0xc8 /home/mouse/await-glibc/build/elf/rtld-libc.a(rtld-libc_sigaction.os)
                                         0xd0 (size before relaxing)
 .eh_frame      0x0000000000003d00       0x50 /home/mouse/await-glibc/build/elf/rtld-libc.a(rtld-strdup.os)
 .eh_frame      0x0000000000003d50       0x30 /home/mouse/await-glibc/build/elf/rtld-libc.a(rtld-strerrorname_np.os)
 .eh_frame      0x0000000000003d80       0x30 /home/mouse/await-glibc/build/elf/rtld-libc.a(rtld-strcmp-sse2.os)
 .eh_frame      0x0000000000003db0       0x30 /home/mouse/await-glibc/build/elf/rtld-libc.a(rtld-strncmp-sse2.os)
 .eh_frame      0x0000000000003de0       0x30 /home/mouse/await-glibc/build/elf/rtld-libc.a(rtld-memchr-sse2.os)
 .eh_frame      0x0000000000003e10       0x30 /home/mouse/await-glibc/build/elf/rtld-libc.a(rtld-rawmemchr-sse2.os)
 .eh_frame      0x0000000000003e40       0x30 /home/mouse/await-glibc/build/elf/rtld-libc.a(rtld-memcmp-sse2.os)
 .eh_frame      0x0000000000003e70       0x30 /home/mouse/await-glibc/build/elf/rtld-libc.a(rtld-strchr-sse2.os)
 .eh_frame      0x0000000000003ea0       0x30 /home/mouse/await-glibc/build/elf/rtld-libc.a(rtld-strlen-sse2.os)
 .eh_frame      0x0000000000003ed0       0x30 /home/mouse/await-glibc/build/elf/rtld-libc.a(rtld-strnlen-sse2.os)
 .eh_frame      0x0000000000003f00       0x30 /home/mouse/await-glibc/build/elf/rtld-libc.a(rtld-stpcpy-sse2.os)
 .eh_frame      0x0000000000003f30       0x38 /home/mouse/await-glibc/build/elf/rtld-libc.a(rtld-strcspn-sse2.os)
 .eh_frame      0x0000000000003f68       0x40 /home/mouse/await-glibc/build/elf/rtld-libc.a(rtld-memmove-sse2-unaligned-erms.os)
 .eh_frame      0x0000000000003fa8       0x30 /home/mouse/await-glibc/build/elf/rtld-libc.a(rtld-memset-sse2-unaligned-erms.os)
 .eh_frame      0x0000000000003fd8       0x30 /home/mouse/await-glibc/build/elf/rtld-libc.a(rtld-setitimer.os)
 .eh_frame      0x0000000000004008       0x40 /home/mouse/await-glibc/build/elf/rtld-libc.a(rtld-errlist.os)

.gcc_except_table
 *(.gcc_except_table)

.gnu_extab
 *(.gnu_extab*)

.exception_ranges
 *(.exception_ranges)

.eh_frame
 *(.eh_frame)

.gnu_extab
 *(.gnu_extab)

.gcc_except_table
 *(.gcc_except_table)

.exception_ranges
 *(.exception_ranges)

.tdata
 *(.tdata)

.tbss
 *(.tbss)

.jcr
 *(.jcr)

.dynamic
 *(.dynamic)

.got
 *(.got)

.got.plt
 *(.got.plt)

.data           0x0000000000000000     0x10d0
 *(.data)
 .data          0x0000000000000000     0x10d0 /home/mouse/await-glibc/build/elf/dl-allobjs.os
                0x0000000000000000                _rtld_global
                0x0000000000000000                _rtld_local
 .data          0x00000000000010d0        0x0 /home/mouse/await-glibc/build/elf/rtld-libc.a(rtld-check_fds.os)
 .data          0x00000000000010d0        0x0 /home/mouse/await-glibc/build/elf/rtld-libc.a(rtld-errno.os)
 .data          0x00000000000010d0        0x0 /home/mouse/await-glibc/build/elf/rtld-libc.a(rtld-closedir.os)
 .data          0x00000000000010d0        0x0 /home/mouse/await-glibc/build/elf/rtld-libc.a(rtld-rewinddir.os)
 .data          0x00000000000010d0        0x0 /home/mouse/await-glibc/build/elf/rtld-libc.a(rtld-readdir64.os)
 .data          0x00000000000010d0        0x0 /home/mouse/await-glibc/build/elf/rtld-libc.a(rtld-fdopendir.os)
 .data          0x00000000000010d0        0x0 /home/mouse/await-glibc/build/elf/rtld-libc.a(rtld-getdents64.os)
 .data          0x00000000000010d0        0x0 /home/mouse/await-glibc/build/elf/rtld-libc.a(rtld-dl-addr-obj.os)
 .data          0x00000000000010d0        0x0 /home/mouse/await-glibc/build/elf/rtld-libc.a(rtld-profil.os)
 .data          0x00000000000010d0        0x0 /home/mouse/await-glibc/build/elf/rtld-libc.a(rtld-prof-freq.os)
 .data          0x00000000000010d0        0x0 /home/mouse/await-glibc/build/elf/rtld-libc.a(rtld-stat64.os)
 .data          0x00000000000010d0        0x0 /home/mouse/await-glibc/build/elf/rtld-libc.a(rtld-fstat64.os)
 .data          0x00000000000010d0        0x0 /home/mouse/await-glibc/build/elf/rtld-libc.a(rtld-lstat64.os)
 .data          0x00000000000010d0        0x0 /home/mouse/await-glibc/build/elf/rtld-libc.a(rtld-fstatat64.os)
 .data          0x00000000000010d0        0x0 /home/mouse/await-glibc/build/elf/rtld-libc.a(rtld-openat64.os)
 .data          0x00000000000010d0        0x0 /home/mouse/await-glibc/build/elf/rtld-libc.a(rtld-lseek64.os)
 .data          0x00000000000010d0        0x0 /home/mouse/await-glibc/build/elf/rtld-libc.a(rtld-access.os)
 .data          0x00000000000010d0        0x0 /home/mouse/await-glibc/build/elf/rtld-libc.a(rtld-close_nocancel.os)
 .data          0x00000000000010d0        0x0 /home/mouse/await-glibc/build/elf/rtld-libc.a(rtld-fcntl_nocancel.os)
 .data          0x00000000000010d0        0x0 /home/mouse/await-glibc/build/elf/rtld-libc.a(rtld-open64_nocancel.os)
 .data          0x00000000000010d0        0x0 /home/mouse/await-glibc/build/elf/rtld-libc.a(rtld-read_nocancel.os)
 .data          0x00000000000010d0        0x0 /home/mouse/await-glibc/build/elf/rtld-libc.a(rtld-pread64_nocancel.os)
 .data          0x00000000000010d0        0x0 /home/mouse/await-glibc/build/elf/rtld-libc.a(rtld-write_nocancel.os)
 .data          0x00000000000010d0        0x0 /home/mouse/await-glibc/build/elf/rtld-libc.a(rtld-scratch_buffer_set_array_size.os)
 .data          0x00000000000010d0        0x0 /home/mouse/await-glibc/build/elf/rtld-libc.a(rtld-mmap64.os)
 .data          0x00000000000010d0        0x0 /home/mouse/await-glibc/build/elf/rtld-libc.a(rtld-munmap.os)
 .data          0x00000000000010d0        0x0 /home/mouse/await-glibc/build/elf/rtld-libc.a(rtld-mprotect.os)
 .data          0x00000000000010d0        0x0 /home/mouse/await-glibc/build/elf/rtld-libc.a(rtld-lowlevellock.os)
 .data          0x00000000000010d0        0x0 /home/mouse/await-glibc/build/elf/rtld-libc.a(rtld-uname.os)
 .data          0x00000000000010d0        0x0 /home/mouse/await-glibc/build/elf/rtld-libc.a(rtld-_exit.os)
 .data          0x00000000000010d0        0x0 /home/mouse/await-glibc/build/elf/rtld-libc.a(rtld-getpid.os)
 .data          0x00000000000010d0        0x0 /home/mouse/await-glibc/build/elf/rtld-libc.a(rtld-environ.os)
 .data          0x00000000000010d0        0x0 /home/mouse/await-glibc/build/elf/rtld-libc.a(rtld-setjmp.os)
 .data          0x00000000000010d0        0x0 /home/mouse/await-glibc/build/elf/rtld-libc.a(rtld-__longjmp.os)
 .data          0x00000000000010d0        0x0 /home/mouse/await-glibc/build/elf/rtld-libc.a(rtld-sigaction.os)
 .data          0x00000000000010d0        0x0 /home/mouse/await-glibc/build/elf/rtld-libc.a(rtld-libc_sigaction.os)
 .data          0x00000000000010d0        0x0 /home/mouse/await-glibc/build/elf/rtld-libc.a(rtld-strdup.os)
 .data          0x00000000000010d0        0x0 /home/mouse/await-glibc/build/elf/rtld-libc.a(rtld-strerrorname_np.os)
 .data          0x00000000000010d0        0x0 /home/mouse/await-glibc/build/elf/rtld-libc.a(rtld-strcmp-sse2.os)
 .data          0x00000000000010d0        0x0 /home/mouse/await-glibc/build/elf/rtld-libc.a(rtld-strncmp-sse2.os)
 .data          0x00000000000010d0        0x0 /home/mouse/await-glibc/build/elf/rtld-libc.a(rtld-memchr-sse2.os)
 .data          0x00000000000010d0        0x0 /home/mouse/await-glibc/build/elf/rtld-libc.a(rtld-rawmemchr-sse2.os)
 .data          0x00000000000010d0        0x0 /home/mouse/await-glibc/build/elf/rtld-libc.a(rtld-memcmp-sse2.os)
 .data          0x00000000000010d0        0x0 /home/mouse/await-glibc/build/elf/rtld-libc.a(rtld-strchr-sse2.os)
 .data          0x00000000000010d0        0x0 /home/mouse/await-glibc/build/elf/rtld-libc.a(rtld-strlen-sse2.os)
 .data          0x00000000000010d0        0x0 /home/mouse/await-glibc/build/elf/rtld-libc.a(rtld-strnlen-sse2.os)
 .data          0x00000000000010d0        0x0 /home/mouse/await-glibc/build/elf/rtld-libc.a(rtld-stpcpy-sse2.os)
 .data          0x00000000000010d0        0x0 /home/mouse/await-glibc/build/elf/rtld-libc.a(rtld-strcspn-sse2.os)
 .data          0x00000000000010d0        0x0 /home/mouse/await-glibc/build/elf/rtld-libc.a(rtld-memmove-sse2-unaligned-erms.os)
 .data          0x00000000000010d0        0x0 /home/mouse/await-glibc/build/elf/rtld-libc.a(rtld-memset-sse2-unaligned-erms.os)
 .data          0x00000000000010d0        0x0 /home/mouse/await-glibc/build/elf/rtld-libc.a(rtld-setitimer.os)
 .data          0x00000000000010d0        0x0 /home/mouse/await-glibc/build/elf/rtld-libc.a(rtld-errlist.os)

.data.rel.ro    0x0000000000000000     0x1420
 .data.rel.ro   0x0000000000000000     0x1420 /home/mouse/await-glibc/build/elf/dl-allobjs.os
                0x0000000000000040                __rtld_search_dirs
                0x0000000000000070                __rtld_env_path_list
                0x0000000000000080                __stack_prot
                0x0000000000000088                __rseq_offset
                0x0000000000000090                __rseq_size
                0x0000000000000ff0                __x86_cpu_features_p
                0x0000000000000ff8                __rtld_realloc
                0x0000000000001000                __rtld_malloc
                0x0000000000001008                __rtld_free
                0x0000000000001010                __rtld_calloc
                0x0000000000001018                ___rtld_mutex_unlock
                0x0000000000001020                ___rtld_mutex_lock
                0x0000000000001028                _dl_random
                0x0000000000001030                __libc_stack_end
                0x0000000000001030                __GI___libc_stack_end
                0x0000000000001038                __GI___libc_enable_secure
                0x0000000000001038                __libc_enable_secure
                0x0000000000001050                __pointer_chk_guard_local
                0x0000000000001058                _dl_skip_args
                0x0000000000001060                __GI__dl_argv
                0x0000000000001060                _dl_argv
                0x0000000000001068                _dl_argc
                0x0000000000001080                _rtld_global_ro
                0x0000000000001080                _rtld_local_ro

.data.rel.ro.local
                0x0000000000000000      0x430
 .data.rel.ro.local
                0x0000000000000000      0x430 /home/mouse/await-glibc/build/elf/rtld-libc.a(rtld-errlist.os)
                0x0000000000000000                _sys_errlist_internal

.data1
 *(.data1)

.bss            0x0000000000000000      0x1c8
 *(.bss)
 .bss           0x0000000000000000      0x190 /home/mouse/await-glibc/build/elf/dl-allobjs.os
                0x0000000000000008                _r_debug_extended
                0x0000000000000008                _r_debug
                0x00000000000000c8                __nptl_initial_report_events
                0x00000000000000c8                __GI___nptl_initial_report_events
                0x0000000000000110                _dl_hwcaps_priorities_length
                0x0000000000000118                _dl_hwcaps_priorities
                0x0000000000000188                __curbrk
 .bss           0x0000000000000190        0x0 /home/mouse/await-glibc/build/elf/rtld-libc.a(rtld-check_fds.os)
 .bss           0x0000000000000190        0x4 /home/mouse/await-glibc/build/elf/rtld-libc.a(rtld-errno.os)
                0x0000000000000190                rtld_errno
 .bss           0x0000000000000194        0x0 /home/mouse/await-glibc/build/elf/rtld-libc.a(rtld-closedir.os)
 .bss           0x0000000000000194        0x0 /home/mouse/await-glibc/build/elf/rtld-libc.a(rtld-rewinddir.os)
 .bss           0x0000000000000194        0x0 /home/mouse/await-glibc/build/elf/rtld-libc.a(rtld-readdir64.os)
 .bss           0x0000000000000194        0x0 /home/mouse/await-glibc/build/elf/rtld-libc.a(rtld-fdopendir.os)
 .bss           0x0000000000000194        0x0 /home/mouse/await-glibc/build/elf/rtld-libc.a(rtld-getdents64.os)
 .bss           0x0000000000000194        0x0 /home/mouse/await-glibc/build/elf/rtld-libc.a(rtld-dl-addr-obj.os)
 *fill*         0x0000000000000194        0x4 
 .bss           0x0000000000000198       0x20 /home/mouse/await-glibc/build/elf/rtld-libc.a(rtld-profil.os)
 .bss           0x00000000000001b8        0x0 /home/mouse/await-glibc/build/elf/rtld-libc.a(rtld-prof-freq.os)
 .bss           0x00000000000001b8        0x0 /home/mouse/await-glibc/build/elf/rtld-libc.a(rtld-stat64.os)
 .bss           0x00000000000001b8        0x0 /home/mouse/await-glibc/build/elf/rtld-libc.a(rtld-fstat64.os)
 .bss           0x00000000000001b8        0x0 /home/mouse/await-glibc/build/elf/rtld-libc.a(rtld-lstat64.os)
 .bss           0x00000000000001b8        0x0 /home/mouse/await-glibc/build/elf/rtld-libc.a(rtld-fstatat64.os)
 .bss           0x00000000000001b8        0x0 /home/mouse/await-glibc/build/elf/rtld-libc.a(rtld-openat64.os)
 .bss           0x00000000000001b8        0x0 /home/mouse/await-glibc/build/elf/rtld-libc.a(rtld-lseek64.os)
 .bss           0x00000000000001b8        0x0 /home/mouse/await-glibc/build/elf/rtld-libc.a(rtld-access.os)
 .bss           0x00000000000001b8        0x0 /home/mouse/await-glibc/build/elf/rtld-libc.a(rtld-close_nocancel.os)
 .bss           0x00000000000001b8        0x0 /home/mouse/await-glibc/build/elf/rtld-libc.a(rtld-fcntl_nocancel.os)
 .bss           0x00000000000001b8        0x0 /home/mouse/await-glibc/build/elf/rtld-libc.a(rtld-open64_nocancel.os)
 .bss           0x00000000000001b8        0x0 /home/mouse/await-glibc/build/elf/rtld-libc.a(rtld-read_nocancel.os)
 .bss           0x00000000000001b8        0x0 /home/mouse/await-glibc/build/elf/rtld-libc.a(rtld-pread64_nocancel.os)
 .bss           0x00000000000001b8        0x0 /home/mouse/await-glibc/build/elf/rtld-libc.a(rtld-write_nocancel.os)
 .bss           0x00000000000001b8        0x0 /home/mouse/await-glibc/build/elf/rtld-libc.a(rtld-scratch_buffer_set_array_size.os)
 .bss           0x00000000000001b8        0x0 /home/mouse/await-glibc/build/elf/rtld-libc.a(rtld-mmap64.os)
 .bss           0x00000000000001b8        0x0 /home/mouse/await-glibc/build/elf/rtld-libc.a(rtld-munmap.os)
 .bss           0x00000000000001b8        0x0 /home/mouse/await-glibc/build/elf/rtld-libc.a(rtld-mprotect.os)
 .bss           0x00000000000001b8        0x4 /home/mouse/await-glibc/build/elf/rtld-libc.a(rtld-lowlevellock.os)
                0x00000000000001b8                __pthread_force_elision
 .bss           0x00000000000001bc        0x0 /home/mouse/await-glibc/build/elf/rtld-libc.a(rtld-uname.os)
 .bss           0x00000000000001bc        0x0 /home/mouse/await-glibc/build/elf/rtld-libc.a(rtld-_exit.os)
 .bss           0x00000000000001bc        0x0 /home/mouse/await-glibc/build/elf/rtld-libc.a(rtld-getpid.os)
 *fill*         0x00000000000001bc        0x4 
 .bss           0x00000000000001c0        0x8 /home/mouse/await-glibc/build/elf/rtld-libc.a(rtld-environ.os)
                0x00000000000001c0                _environ
                0x00000000000001c0                __environ
                0x00000000000001c0                environ
 .bss           0x00000000000001c8        0x0 /home/mouse/await-glibc/build/elf/rtld-libc.a(rtld-setjmp.os)
 .bss           0x00000000000001c8        0x0 /home/mouse/await-glibc/build/elf/rtld-libc.a(rtld-__longjmp.os)
 .bss           0x00000000000001c8        0x0 /home/mouse/await-glibc/build/elf/rtld-libc.a(rtld-sigaction.os)
 .bss           0x00000000000001c8        0x0 /home/mouse/await-glibc/build/elf/rtld-libc.a(rtld-libc_sigaction.os)
 .bss           0x00000000000001c8        0x0 /home/mouse/await-glibc/build/elf/rtld-libc.a(rtld-strdup.os)
 .bss           0x00000000000001c8        0x0 /home/mouse/await-glibc/build/elf/rtld-libc.a(rtld-strerrorname_np.os)
 .bss           0x00000000000001c8        0x0 /home/mouse/await-glibc/build/elf/rtld-libc.a(rtld-strcmp-sse2.os)
 .bss           0x00000000000001c8        0x0 /home/mouse/await-glibc/build/elf/rtld-libc.a(rtld-strncmp-sse2.os)
 .bss           0x00000000000001c8        0x0 /home/mouse/await-glibc/build/elf/rtld-libc.a(rtld-memchr-sse2.os)
 .bss           0x00000000000001c8        0x0 /home/mouse/await-glibc/build/elf/rtld-libc.a(rtld-rawmemchr-sse2.os)
 .bss           0x00000000000001c8        0x0 /home/mouse/await-glibc/build/elf/rtld-libc.a(rtld-memcmp-sse2.os)
 .bss           0x00000000000001c8        0x0 /home/mouse/await-glibc/build/elf/rtld-libc.a(rtld-strchr-sse2.os)
 .bss           0x00000000000001c8        0x0 /home/mouse/await-glibc/build/elf/rtld-libc.a(rtld-strlen-sse2.os)
 .bss           0x00000000000001c8        0x0 /home/mouse/await-glibc/build/elf/rtld-libc.a(rtld-strnlen-sse2.os)
 .bss           0x00000000000001c8        0x0 /home/mouse/await-glibc/build/elf/rtld-libc.a(rtld-stpcpy-sse2.os)
 .bss           0x00000000000001c8        0x0 /home/mouse/await-glibc/build/elf/rtld-libc.a(rtld-strcspn-sse2.os)
 .bss           0x00000000000001c8        0x0 /home/mouse/await-glibc/build/elf/rtld-libc.a(rtld-memmove-sse2-unaligned-erms.os)
 .bss           0x00000000000001c8        0x0 /home/mouse/await-glibc/build/elf/rtld-libc.a(rtld-memset-sse2-unaligned-erms.os)
 .bss           0x00000000000001c8        0x0 /home/mouse/await-glibc/build/elf/rtld-libc.a(rtld-setitimer.os)
 .bss           0x00000000000001c8        0x0 /home/mouse/await-glibc/build/elf/rtld-libc.a(rtld-errlist.os)

.lbss
 *(.lbss)

.lrodata
 *(.lrodata)

.ldata
 *(.ldata)

.stab
 *(.stab)

.stabstr
 *(.stabstr)

.stab.excl
 *(.stab.excl)

.stab.exclstr
 *(.stab.exclstr)

.stab.index
 *(.stab.index)

.stab.indexstr
 *(.stab.indexstr)

.comment        0x0000000000000000      0xf78
 *(.comment)
 .comment       0x0000000000000000      0x9a0 /home/mouse/await-glibc/build/elf/dl-allobjs.os
 .comment       0x00000000000009a0       0x2c /home/mouse/await-glibc/build/elf/rtld-libc.a(rtld-check_fds.os)
 .comment       0x00000000000009cc       0x2c /home/mouse/await-glibc/build/elf/rtld-libc.a(rtld-errno.os)
 .comment       0x00000000000009f8       0x2c /home/mouse/await-glibc/build/elf/rtld-libc.a(rtld-closedir.os)
 .comment       0x0000000000000a24       0x2c /home/mouse/await-glibc/build/elf/rtld-libc.a(rtld-rewinddir.os)
 .comment       0x0000000000000a50       0x2c /home/mouse/await-glibc/build/elf/rtld-libc.a(rtld-readdir64.os)
 .comment       0x0000000000000a7c       0x2c /home/mouse/await-glibc/build/elf/rtld-libc.a(rtld-fdopendir.os)
 .comment       0x0000000000000aa8       0x2c /home/mouse/await-glibc/build/elf/rtld-libc.a(rtld-getdents64.os)
 .comment       0x0000000000000ad4       0x2c /home/mouse/await-glibc/build/elf/rtld-libc.a(rtld-dl-addr-obj.os)
 .comment       0x0000000000000b00       0x2c /home/mouse/await-glibc/build/elf/rtld-libc.a(rtld-profil.os)
 .comment       0x0000000000000b2c       0x2c /home/mouse/await-glibc/build/elf/rtld-libc.a(rtld-prof-freq.os)
 .comment       0x0000000000000b58       0x2c /home/mouse/await-glibc/build/elf/rtld-libc.a(rtld-stat64.os)
 .comment       0x0000000000000b84       0x2c /home/mouse/await-glibc/build/elf/rtld-libc.a(rtld-fstat64.os)
 .comment       0x0000000000000bb0       0x2c /home/mouse/await-glibc/build/elf/rtld-libc.a(rtld-lstat64.os)
 .comment       0x0000000000000bdc       0x2c /home/mouse/await-glibc/build/elf/rtld-libc.a(rtld-fstatat64.os)
 .comment       0x0000000000000c08       0x2c /home/mouse/await-glibc/build/elf/rtld-libc.a(rtld-openat64.os)
 .comment       0x0000000000000c34       0x2c /home/mouse/await-glibc/build/elf/rtld-libc.a(rtld-lseek64.os)
 .comment       0x0000000000000c60       0x2c /home/mouse/await-glibc/build/elf/rtld-libc.a(rtld-access.os)
 .comment       0x0000000000000c8c       0x2c /home/mouse/await-glibc/build/elf/rtld-libc.a(rtld-close_nocancel.os)
 .comment       0x0000000000000cb8       0x2c /home/mouse/await-glibc/build/elf/rtld-libc.a(rtld-fcntl_nocancel.os)
 .comment       0x0000000000000ce4       0x2c /home/mouse/await-glibc/build/elf/rtld-libc.a(rtld-open64_nocancel.os)
 .comment       0x0000000000000d10       0x2c /home/mouse/await-glibc/build/elf/rtld-libc.a(rtld-read_nocancel.os)
 .comment       0x0000000000000d3c       0x2c /home/mouse/await-glibc/build/elf/rtld-libc.a(rtld-pread64_nocancel.os)
 .comment       0x0000000000000d68       0x2c /home/mouse/await-glibc/build/elf/rtld-libc.a(rtld-write_nocancel.os)
 .comment       0x0000000000000d94       0x2c /home/mouse/await-glibc/build/elf/rtld-libc.a(rtld-scratch_buffer_set_array_size.os)
 .comment       0x0000000000000dc0       0x2c /home/mouse/await-glibc/build/elf/rtld-libc.a(rtld-mmap64.os)
 .comment       0x0000000000000dec       0x2c /home/mouse/await-glibc/build/elf/rtld-libc.a(rtld-lowlevellock.os)
 .comment       0x0000000000000e18       0x2c /home/mouse/await-glibc/build/elf/rtld-libc.a(rtld-_exit.os)
 .comment       0x0000000000000e44       0x2c /home/mouse/await-glibc/build/elf/rtld-libc.a(rtld-environ.os)
 .comment       0x0000000000000e70       0x2c /home/mouse/await-glibc/build/elf/rtld-libc.a(rtld-sigaction.os)
 .comment       0x0000000000000e9c       0x2c /home/mouse/await-glibc/build/elf/rtld-libc.a(rtld-libc_sigaction.os)
 .comment       0x0000000000000ec8       0x2c /home/mouse/await-glibc/build/elf/rtld-libc.a(rtld-strdup.os)
 .comment       0x0000000000000ef4       0x2c /home/mouse/await-glibc/build/elf/rtld-libc.a(rtld-strerrorname_np.os)
 .comment       0x0000000000000f20       0x2c /home/mouse/await-glibc/build/elf/rtld-libc.a(rtld-setitimer.os)
 .comment       0x0000000000000f4c       0x2c /home/mouse/await-glibc/build/elf/rtld-libc.a(rtld-errlist.os)

.note.GNU-stack
                0x0000000000000000        0x0
 .note.GNU-stack
                0x0000000000000000        0x0 /home/mouse/await-glibc/build/elf/dl-allobjs.os
 .note.GNU-stack
                0x0000000000000000        0x0 /home/mouse/await-glibc/build/elf/rtld-libc.a(rtld-check_fds.os)
 .note.GNU-stack
                0x0000000000000000        0x0 /home/mouse/await-glibc/build/elf/rtld-libc.a(rtld-errno.os)
 .note.GNU-stack
                0x0000000000000000        0x0 /home/mouse/await-glibc/build/elf/rtld-libc.a(rtld-closedir.os)
 .note.GNU-stack
                0x0000000000000000        0x0 /home/mouse/await-glibc/build/elf/rtld-libc.a(rtld-rewinddir.os)
 .note.GNU-stack
                0x0000000000000000        0x0 /home/mouse/await-glibc/build/elf/rtld-libc.a(rtld-readdir64.os)
 .note.GNU-stack
                0x0000000000000000        0x0 /home/mouse/await-glibc/build/elf/rtld-libc.a(rtld-fdopendir.os)
 .note.GNU-stack
                0x0000000000000000        0x0 /home/mouse/await-glibc/build/elf/rtld-libc.a(rtld-getdents64.os)
 .note.GNU-stack
                0x0000000000000000        0x0 /home/mouse/await-glibc/build/elf/rtld-libc.a(rtld-dl-addr-obj.os)
 .note.GNU-stack
                0x0000000000000000        0x0 /home/mouse/await-glibc/build/elf/rtld-libc.a(rtld-profil.os)
 .note.GNU-stack
                0x0000000000000000        0x0 /home/mouse/await-glibc/build/elf/rtld-libc.a(rtld-prof-freq.os)
 .note.GNU-stack
                0x0000000000000000        0x0 /home/mouse/await-glibc/build/elf/rtld-libc.a(rtld-stat64.os)
 .note.GNU-stack
                0x0000000000000000        0x0 /home/mouse/await-glibc/build/elf/rtld-libc.a(rtld-fstat64.os)
 .note.GNU-stack
                0x0000000000000000        0x0 /home/mouse/await-glibc/build/elf/rtld-libc.a(rtld-lstat64.os)
 .note.GNU-stack
                0x0000000000000000        0x0 /home/mouse/await-glibc/build/elf/rtld-libc.a(rtld-fstatat64.os)
 .note.GNU-stack
                0x0000000000000000        0x0 /home/mouse/await-glibc/build/elf/rtld-libc.a(rtld-openat64.os)
 .note.GNU-stack
                0x0000000000000000        0x0 /home/mouse/await-glibc/build/elf/rtld-libc.a(rtld-lseek64.os)
 .note.GNU-stack
                0x0000000000000000        0x0 /home/mouse/await-glibc/build/elf/rtld-libc.a(rtld-access.os)
 .note.GNU-stack
                0x0000000000000000        0x0 /home/mouse/await-glibc/build/elf/rtld-libc.a(rtld-close_nocancel.os)
 .note.GNU-stack
                0x0000000000000000        0x0 /home/mouse/await-glibc/build/elf/rtld-libc.a(rtld-fcntl_nocancel.os)
 .note.GNU-stack
                0x0000000000000000        0x0 /home/mouse/await-glibc/build/elf/rtld-libc.a(rtld-open64_nocancel.os)
 .note.GNU-stack
                0x0000000000000000        0x0 /home/mouse/await-glibc/build/elf/rtld-libc.a(rtld-read_nocancel.os)
 .note.GNU-stack
                0x0000000000000000        0x0 /home/mouse/await-glibc/build/elf/rtld-libc.a(rtld-pread64_nocancel.os)
 .note.GNU-stack
                0x0000000000000000        0x0 /home/mouse/await-glibc/build/elf/rtld-libc.a(rtld-write_nocancel.os)
 .note.GNU-stack
                0x0000000000000000        0x0 /home/mouse/await-glibc/build/elf/rtld-libc.a(rtld-scratch_buffer_set_array_size.os)
 .note.GNU-stack
                0x0000000000000000        0x0 /home/mouse/await-glibc/build/elf/rtld-libc.a(rtld-mmap64.os)
 .note.GNU-stack
                0x0000000000000000        0x0 /home/mouse/await-glibc/build/elf/rtld-libc.a(rtld-munmap.os)
 .note.GNU-stack
                0x0000000000000000        0x0 /home/mouse/await-glibc/build/elf/rtld-libc.a(rtld-mprotect.os)
 .note.GNU-stack
                0x0000000000000000        0x0 /home/mouse/await-glibc/build/elf/rtld-libc.a(rtld-lowlevellock.os)
 .note.GNU-stack
                0x0000000000000000        0x0 /home/mouse/await-glibc/build/elf/rtld-libc.a(rtld-uname.os)
 .note.GNU-stack
                0x0000000000000000        0x0 /home/mouse/await-glibc/build/elf/rtld-libc.a(rtld-_exit.os)
 .note.GNU-stack
                0x0000000000000000        0x0 /home/mouse/await-glibc/build/elf/rtld-libc.a(rtld-getpid.os)
 .note.GNU-stack
                0x0000000000000000        0x0 /home/mouse/await-glibc/build/elf/rtld-libc.a(rtld-environ.os)
 .note.GNU-stack
                0x0000000000000000        0x0 /home/mouse/await-glibc/build/elf/rtld-libc.a(rtld-setjmp.os)
 .note.GNU-stack
                0x0000000000000000        0x0 /home/mouse/await-glibc/build/elf/rtld-libc.a(rtld-__longjmp.os)
 .note.GNU-stack
                0x0000000000000000        0x0 /home/mouse/await-glibc/build/elf/rtld-libc.a(rtld-sigaction.os)
 .note.GNU-stack
                0x0000000000000000        0x0 /home/mouse/await-glibc/build/elf/rtld-libc.a(rtld-libc_sigaction.os)
 .note.GNU-stack
                0x0000000000000000        0x0 /home/mouse/await-glibc/build/elf/rtld-libc.a(rtld-strdup.os)
 .note.GNU-stack
                0x0000000000000000        0x0 /home/mouse/await-glibc/build/elf/rtld-libc.a(rtld-strerrorname_np.os)
 .note.GNU-stack
                0x0000000000000000        0x0 /home/mouse/await-glibc/build/elf/rtld-libc.a(rtld-strcmp-sse2.os)
 .note.GNU-stack
                0x0000000000000000        0x0 /home/mouse/await-glibc/build/elf/rtld-libc.a(rtld-strncmp-sse2.os)
 .note.GNU-stack
                0x0000000000000000        0x0 /home/mouse/await-glibc/build/elf/rtld-libc.a(rtld-memchr-sse2.os)
 .note.GNU-stack
                0x0000000000000000        0x0 /home/mouse/await-glibc/build/elf/rtld-libc.a(rtld-rawmemchr-sse2.os)
 .note.GNU-stack
                0x0000000000000000        0x0 /home/mouse/await-glibc/build/elf/rtld-libc.a(rtld-memcmp-sse2.os)
 .note.GNU-stack
                0x0000000000000000        0x0 /home/mouse/await-glibc/build/elf/rtld-libc.a(rtld-strchr-sse2.os)
 .note.GNU-stack
                0x0000000000000000        0x0 /home/mouse/await-glibc/build/elf/rtld-libc.a(rtld-strlen-sse2.os)
 .note.GNU-stack
                0x0000000000000000        0x0 /home/mouse/await-glibc/build/elf/rtld-libc.a(rtld-strnlen-sse2.os)
 .note.GNU-stack
                0x0000000000000000        0x0 /home/mouse/await-glibc/build/elf/rtld-libc.a(rtld-stpcpy-sse2.os)
 .note.GNU-stack
                0x0000000000000000        0x0 /home/mouse/await-glibc/build/elf/rtld-libc.a(rtld-strcspn-sse2.os)
 .note.GNU-stack
                0x0000000000000000        0x0 /home/mouse/await-glibc/build/elf/rtld-libc.a(rtld-memmove-sse2-unaligned-erms.os)
 .note.GNU-stack
                0x0000000000000000        0x0 /home/mouse/await-glibc/build/elf/rtld-libc.a(rtld-memset-sse2-unaligned-erms.os)
 .note.GNU-stack
                0x0000000000000000        0x0 /home/mouse/await-glibc/build/elf/rtld-libc.a(rtld-setitimer.os)
 .note.GNU-stack
                0x0000000000000000        0x0 /home/mouse/await-glibc/build/elf/rtld-libc.a(rtld-errlist.os)

.gnu.build.attributes
 *(.gnu.build.attributes)

.debug
 *(.debug)

.line
 *(.line)

.debug_srcinfo
 *(.debug_srcinfo)

.debug_sfnames
 *(.debug_sfnames)

.debug_aranges  0x0000000000000000     0x14b0
 *(.debug_aranges)
 .debug_aranges
                0x0000000000000000      0xb10 /home/mouse/await-glibc/build/elf/dl-allobjs.os
 .debug_aranges
                0x0000000000000b10       0x30 /home/mouse/await-glibc/build/elf/rtld-libc.a(rtld-check_fds.os)
 .debug_aranges
                0x0000000000000b40       0x20 /home/mouse/await-glibc/build/elf/rtld-libc.a(rtld-errno.os)
 .debug_aranges
                0x0000000000000b60       0x30 /home/mouse/await-glibc/build/elf/rtld-libc.a(rtld-closedir.os)
 .debug_aranges
                0x0000000000000b90       0x30 /home/mouse/await-glibc/build/elf/rtld-libc.a(rtld-rewinddir.os)
 .debug_aranges
                0x0000000000000bc0       0x30 /home/mouse/await-glibc/build/elf/rtld-libc.a(rtld-readdir64.os)
 .debug_aranges
                0x0000000000000bf0       0x30 /home/mouse/await-glibc/build/elf/rtld-libc.a(rtld-fdopendir.os)
 .debug_aranges
                0x0000000000000c20       0x30 /home/mouse/await-glibc/build/elf/rtld-libc.a(rtld-getdents64.os)
 .debug_aranges
                0x0000000000000c50       0x30 /home/mouse/await-glibc/build/elf/rtld-libc.a(rtld-dl-addr-obj.os)
 .debug_aranges
                0x0000000000000c80       0x30 /home/mouse/await-glibc/build/elf/rtld-libc.a(rtld-profil.os)
 .debug_aranges
                0x0000000000000cb0       0x30 /home/mouse/await-glibc/build/elf/rtld-libc.a(rtld-prof-freq.os)
 .debug_aranges
                0x0000000000000ce0       0x30 /home/mouse/await-glibc/build/elf/rtld-libc.a(rtld-stat64.os)
 .debug_aranges
                0x0000000000000d10       0x30 /home/mouse/await-glibc/build/elf/rtld-libc.a(rtld-fstat64.os)
 .debug_aranges
                0x0000000000000d40       0x30 /home/mouse/await-glibc/build/elf/rtld-libc.a(rtld-lstat64.os)
 .debug_aranges
                0x0000000000000d70       0x30 /home/mouse/await-glibc/build/elf/rtld-libc.a(rtld-fstatat64.os)
 .debug_aranges
                0x0000000000000da0       0x30 /home/mouse/await-glibc/build/elf/rtld-libc.a(rtld-openat64.os)
 .debug_aranges
                0x0000000000000dd0       0x30 /home/mouse/await-glibc/build/elf/rtld-libc.a(rtld-lseek64.os)
 .debug_aranges
                0x0000000000000e00       0x30 /home/mouse/await-glibc/build/elf/rtld-libc.a(rtld-access.os)
 .debug_aranges
                0x0000000000000e30       0x30 /home/mouse/await-glibc/build/elf/rtld-libc.a(rtld-close_nocancel.os)
 .debug_aranges
                0x0000000000000e60       0x30 /home/mouse/await-glibc/build/elf/rtld-libc.a(rtld-fcntl_nocancel.os)
 .debug_aranges
                0x0000000000000e90       0x30 /home/mouse/await-glibc/build/elf/rtld-libc.a(rtld-open64_nocancel.os)
 .debug_aranges
                0x0000000000000ec0       0x30 /home/mouse/await-glibc/build/elf/rtld-libc.a(rtld-read_nocancel.os)
 .debug_aranges
                0x0000000000000ef0       0x30 /home/mouse/await-glibc/build/elf/rtld-libc.a(rtld-pread64_nocancel.os)
 .debug_aranges
                0x0000000000000f20       0x30 /home/mouse/await-glibc/build/elf/rtld-libc.a(rtld-write_nocancel.os)
 .debug_aranges
                0x0000000000000f50       0x30 /home/mouse/await-glibc/build/elf/rtld-libc.a(rtld-scratch_buffer_set_array_size.os)
 .debug_aranges
                0x0000000000000f80       0x30 /home/mouse/await-glibc/build/elf/rtld-libc.a(rtld-mmap64.os)
 .debug_aranges
                0x0000000000000fb0       0x30 /home/mouse/await-glibc/build/elf/rtld-libc.a(rtld-munmap.os)
 .debug_aranges
                0x0000000000000fe0       0x30 /home/mouse/await-glibc/build/elf/rtld-libc.a(rtld-mprotect.os)
 .debug_aranges
                0x0000000000001010       0x30 /home/mouse/await-glibc/build/elf/rtld-libc.a(rtld-lowlevellock.os)
 .debug_aranges
                0x0000000000001040       0x30 /home/mouse/await-glibc/build/elf/rtld-libc.a(rtld-uname.os)
 .debug_aranges
                0x0000000000001070       0x30 /home/mouse/await-glibc/build/elf/rtld-libc.a(rtld-_exit.os)
 .debug_aranges
                0x00000000000010a0       0x30 /home/mouse/await-glibc/build/elf/rtld-libc.a(rtld-getpid.os)
 .debug_aranges
                0x00000000000010d0       0x20 /home/mouse/await-glibc/build/elf/rtld-libc.a(rtld-environ.os)
 .debug_aranges
                0x00000000000010f0       0x30 /home/mouse/await-glibc/build/elf/rtld-libc.a(rtld-setjmp.os)
 .debug_aranges
                0x0000000000001120       0x30 /home/mouse/await-glibc/build/elf/rtld-libc.a(rtld-__longjmp.os)
 .debug_aranges
                0x0000000000001150       0x30 /home/mouse/await-glibc/build/elf/rtld-libc.a(rtld-sigaction.os)
 .debug_aranges
                0x0000000000001180       0x30 /home/mouse/await-glibc/build/elf/rtld-libc.a(rtld-libc_sigaction.os)
 .debug_aranges
                0x00000000000011b0       0x30 /home/mouse/await-glibc/build/elf/rtld-libc.a(rtld-strdup.os)
 .debug_aranges
                0x00000000000011e0       0x30 /home/mouse/await-glibc/build/elf/rtld-libc.a(rtld-strerrorname_np.os)
 .debug_aranges
                0x0000000000001210       0x30 /home/mouse/await-glibc/build/elf/rtld-libc.a(rtld-strcmp-sse2.os)
 .debug_aranges
                0x0000000000001240       0x30 /home/mouse/await-glibc/build/elf/rtld-libc.a(rtld-strncmp-sse2.os)
 .debug_aranges
                0x0000000000001270       0x30 /home/mouse/await-glibc/build/elf/rtld-libc.a(rtld-memchr-sse2.os)
 .debug_aranges
                0x00000000000012a0       0x30 /home/mouse/await-glibc/build/elf/rtld-libc.a(rtld-rawmemchr-sse2.os)
 .debug_aranges
                0x00000000000012d0       0x30 /home/mouse/await-glibc/build/elf/rtld-libc.a(rtld-memcmp-sse2.os)
 .debug_aranges
                0x0000000000001300       0x30 /home/mouse/await-glibc/build/elf/rtld-libc.a(rtld-strchr-sse2.os)
 .debug_aranges
                0x0000000000001330       0x30 /home/mouse/await-glibc/build/elf/rtld-libc.a(rtld-strlen-sse2.os)
 .debug_aranges
                0x0000000000001360       0x30 /home/mouse/await-glibc/build/elf/rtld-libc.a(rtld-strnlen-sse2.os)
 .debug_aranges
                0x0000000000001390       0x30 /home/mouse/await-glibc/build/elf/rtld-libc.a(rtld-stpcpy-sse2.os)
 .debug_aranges
                0x00000000000013c0       0x30 /home/mouse/await-glibc/build/elf/rtld-libc.a(rtld-strcspn-sse2.os)
 .debug_aranges
                0x00000000000013f0       0x30 /home/mouse/await-glibc/build/elf/rtld-libc.a(rtld-memmove-sse2-unaligned-erms.os)
 .debug_aranges
                0x0000000000001420       0x30 /home/mouse/await-glibc/build/elf/rtld-libc.a(rtld-memset-sse2-unaligned-erms.os)
 .debug_aranges
                0x0000000000001450       0x30 /home/mouse/await-glibc/build/elf/rtld-libc.a(rtld-setitimer.os)
 .debug_aranges
                0x0000000000001480       0x30 /home/mouse/await-glibc/build/elf/rtld-libc.a(rtld-errlist.os)

.debug_pubnames
 *(.debug_pubnames)

.debug_info     0x0000000000000000    0xa6ff8
 *(.debug_info)
 .debug_info    0x0000000000000000    0x9880a /home/mouse/await-glibc/build/elf/dl-allobjs.os
 .debug_info    0x000000000009880a      0x811 /home/mouse/await-glibc/build/elf/rtld-libc.a(rtld-check_fds.os)
 .debug_info    0x000000000009901b      0x407 /home/mouse/await-glibc/build/elf/rtld-libc.a(rtld-errno.os)
 .debug_info    0x0000000000099422      0x592 /home/mouse/await-glibc/build/elf/rtld-libc.a(rtld-closedir.os)
 .debug_info    0x00000000000999b4      0x504 /home/mouse/await-glibc/build/elf/rtld-libc.a(rtld-rewinddir.os)
 .debug_info    0x0000000000099eb8      0x616 /home/mouse/await-glibc/build/elf/rtld-libc.a(rtld-readdir64.os)
 .debug_info    0x000000000009a4ce      0x749 /home/mouse/await-glibc/build/elf/rtld-libc.a(rtld-fdopendir.os)
 .debug_info    0x000000000009ac17      0x4de /home/mouse/await-glibc/build/elf/rtld-libc.a(rtld-getdents64.os)
 .debug_info    0x000000000009b0f5      0xe23 /home/mouse/await-glibc/build/elf/rtld-libc.a(rtld-dl-addr-obj.os)
 .debug_info    0x000000000009bf18      0xb68 /home/mouse/await-glibc/build/elf/rtld-libc.a(rtld-profil.os)
 .debug_info    0x000000000009ca80     0x2185 /home/mouse/await-glibc/build/elf/rtld-libc.a(rtld-prof-freq.os)
 .debug_info    0x000000000009ec05      0x298 /home/mouse/await-glibc/build/elf/rtld-libc.a(rtld-stat64.os)
 .debug_info    0x000000000009ee9d      0x2a8 /home/mouse/await-glibc/build/elf/rtld-libc.a(rtld-fstat64.os)
 .debug_info    0x000000000009f145      0x29a /home/mouse/await-glibc/build/elf/rtld-libc.a(rtld-lstat64.os)
 .debug_info    0x000000000009f3df      0x75c /home/mouse/await-glibc/build/elf/rtld-libc.a(rtld-fstatat64.os)
 .debug_info    0x000000000009fb3b      0x61a /home/mouse/await-glibc/build/elf/rtld-libc.a(rtld-openat64.os)
 .debug_info    0x00000000000a0155      0x4ca /home/mouse/await-glibc/build/elf/rtld-libc.a(rtld-lseek64.os)
 .debug_info    0x00000000000a061f      0x493 /home/mouse/await-glibc/build/elf/rtld-libc.a(rtld-access.os)
 .debug_info    0x00000000000a0ab2      0x469 /home/mouse/await-glibc/build/elf/rtld-libc.a(rtld-close_nocancel.os)
 .debug_info    0x00000000000a0f1b      0x8d6 /home/mouse/await-glibc/build/elf/rtld-libc.a(rtld-fcntl_nocancel.os)
 .debug_info    0x00000000000a17f1      0x590 /home/mouse/await-glibc/build/elf/rtld-libc.a(rtld-open64_nocancel.os)
 .debug_info    0x00000000000a1d81      0x4dc /home/mouse/await-glibc/build/elf/rtld-libc.a(rtld-read_nocancel.os)
 .debug_info    0x00000000000a225d      0x518 /home/mouse/await-glibc/build/elf/rtld-libc.a(rtld-pread64_nocancel.os)
 .debug_info    0x00000000000a2775      0x4e0 /home/mouse/await-glibc/build/elf/rtld-libc.a(rtld-write_nocancel.os)
 .debug_info    0x00000000000a2c55      0x3ca /home/mouse/await-glibc/build/elf/rtld-libc.a(rtld-scratch_buffer_set_array_size.os)
 .debug_info    0x00000000000a301f      0x633 /home/mouse/await-glibc/build/elf/rtld-libc.a(rtld-mmap64.os)
 .debug_info    0x00000000000a3652       0x28 /home/mouse/await-glibc/build/elf/rtld-libc.a(rtld-munmap.os)
 .debug_info    0x00000000000a367a       0x28 /home/mouse/await-glibc/build/elf/rtld-libc.a(rtld-mprotect.os)
 .debug_info    0x00000000000a36a2      0x966 /home/mouse/await-glibc/build/elf/rtld-libc.a(rtld-lowlevellock.os)
 .debug_info    0x00000000000a4008       0x28 /home/mouse/await-glibc/build/elf/rtld-libc.a(rtld-uname.os)
 .debug_info    0x00000000000a4030      0x4ad /home/mouse/await-glibc/build/elf/rtld-libc.a(rtld-_exit.os)
 .debug_info    0x00000000000a44dd       0x28 /home/mouse/await-glibc/build/elf/rtld-libc.a(rtld-getpid.os)
 .debug_info    0x00000000000a4505       0xb2 /home/mouse/await-glibc/build/elf/rtld-libc.a(rtld-environ.os)
 .debug_info    0x00000000000a45b7       0x28 /home/mouse/await-glibc/build/elf/rtld-libc.a(rtld-setjmp.os)
 .debug_info    0x00000000000a45df       0x28 /home/mouse/await-glibc/build/elf/rtld-libc.a(rtld-__longjmp.os)
 .debug_info    0x00000000000a4607      0x9a1 /home/mouse/await-glibc/build/elf/rtld-libc.a(rtld-sigaction.os)
 .debug_info    0x00000000000a4fa8      0x94c /home/mouse/await-glibc/build/elf/rtld-libc.a(rtld-libc_sigaction.os)
 .debug_info    0x00000000000a58f4      0x1ec /home/mouse/await-glibc/build/elf/rtld-libc.a(rtld-strdup.os)
 .debug_info    0x00000000000a5ae0       0xd7 /home/mouse/await-glibc/build/elf/rtld-libc.a(rtld-strerrorname_np.os)
 .debug_info    0x00000000000a5bb7       0x29 /home/mouse/await-glibc/build/elf/rtld-libc.a(rtld-strcmp-sse2.os)
 .debug_info    0x00000000000a5be0       0x29 /home/mouse/await-glibc/build/elf/rtld-libc.a(rtld-strncmp-sse2.os)
 .debug_info    0x00000000000a5c09       0x29 /home/mouse/await-glibc/build/elf/rtld-libc.a(rtld-memchr-sse2.os)
 .debug_info    0x00000000000a5c32       0x29 /home/mouse/await-glibc/build/elf/rtld-libc.a(rtld-rawmemchr-sse2.os)
 .debug_info    0x00000000000a5c5b       0x29 /home/mouse/await-glibc/build/elf/rtld-libc.a(rtld-memcmp-sse2.os)
 .debug_info    0x00000000000a5c84       0x29 /home/mouse/await-glibc/build/elf/rtld-libc.a(rtld-strchr-sse2.os)
 .debug_info    0x00000000000a5cad       0x29 /home/mouse/await-glibc/build/elf/rtld-libc.a(rtld-strlen-sse2.os)
 .debug_info    0x00000000000a5cd6       0x29 /home/mouse/await-glibc/build/elf/rtld-libc.a(rtld-strnlen-sse2.os)
 .debug_info    0x00000000000a5cff       0x29 /home/mouse/await-glibc/build/elf/rtld-libc.a(rtld-stpcpy-sse2.os)
 .debug_info    0x00000000000a5d28       0x29 /home/mouse/await-glibc/build/elf/rtld-libc.a(rtld-strcspn-sse2.os)
 .debug_info    0x00000000000a5d51       0x29 /home/mouse/await-glibc/build/elf/rtld-libc.a(rtld-memmove-sse2-unaligned-erms.os)
 .debug_info    0x00000000000a5d7a       0x29 /home/mouse/await-glibc/build/elf/rtld-libc.a(rtld-memset-sse2-unaligned-erms.os)
 .debug_info    0x00000000000a5da3      0x568 /home/mouse/await-glibc/build/elf/rtld-libc.a(rtld-setitimer.os)
 .debug_info    0x00000000000a630b      0xced /home/mouse/await-glibc/build/elf/rtld-libc.a(rtld-errlist.os)

.debug_abbrev   0x0000000000000000    0x150c9
 *(.debug_abbrev)
 .debug_abbrev  0x0000000000000000    0x1171a /home/mouse/await-glibc/build/elf/dl-allobjs.os
 .debug_abbrev  0x000000000001171a      0x20d /home/mouse/await-glibc/build/elf/rtld-libc.a(rtld-check_fds.os)
 .debug_abbrev  0x0000000000011927      0x10d /home/mouse/await-glibc/build/elf/rtld-libc.a(rtld-errno.os)
 .debug_abbrev  0x0000000000011a34      0x20f /home/mouse/await-glibc/build/elf/rtld-libc.a(rtld-closedir.os)
 .debug_abbrev  0x0000000000011c43      0x182 /home/mouse/await-glibc/build/elf/rtld-libc.a(rtld-rewinddir.os)
 .debug_abbrev  0x0000000000011dc5      0x1e1 /home/mouse/await-glibc/build/elf/rtld-libc.a(rtld-readdir64.os)
 .debug_abbrev  0x0000000000011fa6      0x1e6 /home/mouse/await-glibc/build/elf/rtld-libc.a(rtld-fdopendir.os)
 .debug_abbrev  0x000000000001218c      0x168 /home/mouse/await-glibc/build/elf/rtld-libc.a(rtld-getdents64.os)
 .debug_abbrev  0x00000000000122f4      0x218 /home/mouse/await-glibc/build/elf/rtld-libc.a(rtld-dl-addr-obj.os)
 .debug_abbrev  0x000000000001250c      0x2df /home/mouse/await-glibc/build/elf/rtld-libc.a(rtld-profil.os)
 .debug_abbrev  0x00000000000127eb      0x319 /home/mouse/await-glibc/build/elf/rtld-libc.a(rtld-prof-freq.os)
 .debug_abbrev  0x0000000000012b04       0xfa /home/mouse/await-glibc/build/elf/rtld-libc.a(rtld-stat64.os)
 .debug_abbrev  0x0000000000012bfe       0xfb /home/mouse/await-glibc/build/elf/rtld-libc.a(rtld-fstat64.os)
 .debug_abbrev  0x0000000000012cf9       0xfa /home/mouse/await-glibc/build/elf/rtld-libc.a(rtld-lstat64.os)
 .debug_abbrev  0x0000000000012df3      0x1ec /home/mouse/await-glibc/build/elf/rtld-libc.a(rtld-fstatat64.os)
 .debug_abbrev  0x0000000000012fdf      0x1cd /home/mouse/await-glibc/build/elf/rtld-libc.a(rtld-openat64.os)
 .debug_abbrev  0x00000000000131ac      0x15e /home/mouse/await-glibc/build/elf/rtld-libc.a(rtld-lseek64.os)
 .debug_abbrev  0x000000000001330a      0x14d /home/mouse/await-glibc/build/elf/rtld-libc.a(rtld-access.os)
 .debug_abbrev  0x0000000000013457      0x14a /home/mouse/await-glibc/build/elf/rtld-libc.a(rtld-close_nocancel.os)
 .debug_abbrev  0x00000000000135a1      0x266 /home/mouse/await-glibc/build/elf/rtld-libc.a(rtld-fcntl_nocancel.os)
 .debug_abbrev  0x0000000000013807      0x18e /home/mouse/await-glibc/build/elf/rtld-libc.a(rtld-open64_nocancel.os)
 .debug_abbrev  0x0000000000013995      0x167 /home/mouse/await-glibc/build/elf/rtld-libc.a(rtld-read_nocancel.os)
 .debug_abbrev  0x0000000000013afc      0x172 /home/mouse/await-glibc/build/elf/rtld-libc.a(rtld-pread64_nocancel.os)
 .debug_abbrev  0x0000000000013c6e      0x165 /home/mouse/await-glibc/build/elf/rtld-libc.a(rtld-write_nocancel.os)
 .debug_abbrev  0x0000000000013dd3      0x236 /home/mouse/await-glibc/build/elf/rtld-libc.a(rtld-scratch_buffer_set_array_size.os)
 .debug_abbrev  0x0000000000014009      0x1ae /home/mouse/await-glibc/build/elf/rtld-libc.a(rtld-mmap64.os)
 .debug_abbrev  0x00000000000141b7       0x14 /home/mouse/await-glibc/build/elf/rtld-libc.a(rtld-munmap.os)
 .debug_abbrev  0x00000000000141cb       0x14 /home/mouse/await-glibc/build/elf/rtld-libc.a(rtld-mprotect.os)
 .debug_abbrev  0x00000000000141df      0x294 /home/mouse/await-glibc/build/elf/rtld-libc.a(rtld-lowlevellock.os)
 .debug_abbrev  0x0000000000014473       0x14 /home/mouse/await-glibc/build/elf/rtld-libc.a(rtld-uname.os)
 .debug_abbrev  0x0000000000014487      0x14c /home/mouse/await-glibc/build/elf/rtld-libc.a(rtld-_exit.os)
 .debug_abbrev  0x00000000000145d3       0x14 /home/mouse/await-glibc/build/elf/rtld-libc.a(rtld-getpid.os)
 .debug_abbrev  0x00000000000145e7       0x72 /home/mouse/await-glibc/build/elf/rtld-libc.a(rtld-environ.os)
 .debug_abbrev  0x0000000000014659       0x14 /home/mouse/await-glibc/build/elf/rtld-libc.a(rtld-setjmp.os)
 .debug_abbrev  0x000000000001466d       0x14 /home/mouse/await-glibc/build/elf/rtld-libc.a(rtld-__longjmp.os)
 .debug_abbrev  0x0000000000014681      0x1fc /home/mouse/await-glibc/build/elf/rtld-libc.a(rtld-sigaction.os)
 .debug_abbrev  0x000000000001487d      0x1fa /home/mouse/await-glibc/build/elf/rtld-libc.a(rtld-libc_sigaction.os)
 .debug_abbrev  0x0000000000014a77      0x15c /home/mouse/await-glibc/build/elf/rtld-libc.a(rtld-strdup.os)
 .debug_abbrev  0x0000000000014bd3       0x9c /home/mouse/await-glibc/build/elf/rtld-libc.a(rtld-strerrorname_np.os)
 .debug_abbrev  0x0000000000014c6f       0x14 /home/mouse/await-glibc/build/elf/rtld-libc.a(rtld-strcmp-sse2.os)
 .debug_abbrev  0x0000000000014c83       0x14 /home/mouse/await-glibc/build/elf/rtld-libc.a(rtld-strncmp-sse2.os)
 .debug_abbrev  0x0000000000014c97       0x14 /home/mouse/await-glibc/build/elf/rtld-libc.a(rtld-memchr-sse2.os)
 .debug_abbrev  0x0000000000014cab       0x14 /home/mouse/await-glibc/build/elf/rtld-libc.a(rtld-rawmemchr-sse2.os)
 .debug_abbrev  0x0000000000014cbf       0x14 /home/mouse/await-glibc/build/elf/rtld-libc.a(rtld-memcmp-sse2.os)
 .debug_abbrev  0x0000000000014cd3       0x14 /home/mouse/await-glibc/build/elf/rtld-libc.a(rtld-strchr-sse2.os)
 .debug_abbrev  0x0000000000014ce7       0x14 /home/mouse/await-glibc/build/elf/rtld-libc.a(rtld-strlen-sse2.os)
 .debug_abbrev  0x0000000000014cfb       0x14 /home/mouse/await-glibc/build/elf/rtld-libc.a(rtld-strnlen-sse2.os)
 .debug_abbrev  0x0000000000014d0f       0x14 /home/mouse/await-glibc/build/elf/rtld-libc.a(rtld-stpcpy-sse2.os)
 .debug_abbrev  0x0000000000014d23       0x14 /home/mouse/await-glibc/build/elf/rtld-libc.a(rtld-strcspn-sse2.os)
 .debug_abbrev  0x0000000000014d37       0x14 /home/mouse/await-glibc/build/elf/rtld-libc.a(rtld-memmove-sse2-unaligned-erms.os)
 .debug_abbrev  0x0000000000014d4b       0x14 /home/mouse/await-glibc/build/elf/rtld-libc.a(rtld-memset-sse2-unaligned-erms.os)
 .debug_abbrev  0x0000000000014d5f      0x16c /home/mouse/await-glibc/build/elf/rtld-libc.a(rtld-setitimer.os)
 .debug_abbrev  0x0000000000014ecb      0x1fe /home/mouse/await-glibc/build/elf/rtld-libc.a(rtld-errlist.os)

.debug_line     0x0000000000000000    0x2163d
 *(.debug_line)
 .debug_line    0x0000000000000000    0x1e1d5 /home/mouse/await-glibc/build/elf/dl-allobjs.os
 .debug_line    0x000000000001e1d5      0x136 /home/mouse/await-glibc/build/elf/rtld-libc.a(rtld-check_fds.os)
 .debug_line    0x000000000001e30b       0x71 /home/mouse/await-glibc/build/elf/rtld-libc.a(rtld-errno.os)
 .debug_line    0x000000000001e37c       0xfb /home/mouse/await-glibc/build/elf/rtld-libc.a(rtld-closedir.os)
 .debug_line    0x000000000001e477       0xdd /home/mouse/await-glibc/build/elf/rtld-libc.a(rtld-rewinddir.os)
 .debug_line    0x000000000001e554      0x168 /home/mouse/await-glibc/build/elf/rtld-libc.a(rtld-readdir64.os)
 .debug_line    0x000000000001e6bc      0x133 /home/mouse/await-glibc/build/elf/rtld-libc.a(rtld-fdopendir.os)
 .debug_line    0x000000000001e7ef       0xca /home/mouse/await-glibc/build/elf/rtld-libc.a(rtld-getdents64.os)
 .debug_line    0x000000000001e8b9      0x10c /home/mouse/await-glibc/build/elf/rtld-libc.a(rtld-dl-addr-obj.os)
 .debug_line    0x000000000001e9c5      0x20f /home/mouse/await-glibc/build/elf/rtld-libc.a(rtld-profil.os)
 .debug_line    0x000000000001ebd4      0x122 /home/mouse/await-glibc/build/elf/rtld-libc.a(rtld-prof-freq.os)
 .debug_line    0x000000000001ecf6       0x81 /home/mouse/await-glibc/build/elf/rtld-libc.a(rtld-stat64.os)
 .debug_line    0x000000000001ed77       0x9b /home/mouse/await-glibc/build/elf/rtld-libc.a(rtld-fstat64.os)
 .debug_line    0x000000000001ee12       0x81 /home/mouse/await-glibc/build/elf/rtld-libc.a(rtld-lstat64.os)
 .debug_line    0x000000000001ee93       0xec /home/mouse/await-glibc/build/elf/rtld-libc.a(rtld-fstatat64.os)
 .debug_line    0x000000000001ef7f      0x154 /home/mouse/await-glibc/build/elf/rtld-libc.a(rtld-openat64.os)
 .debug_line    0x000000000001f0d3       0xc0 /home/mouse/await-glibc/build/elf/rtld-libc.a(rtld-lseek64.os)
 .debug_line    0x000000000001f193       0xb5 /home/mouse/await-glibc/build/elf/rtld-libc.a(rtld-access.os)
 .debug_line    0x000000000001f248       0xb3 /home/mouse/await-glibc/build/elf/rtld-libc.a(rtld-close_nocancel.os)
 .debug_line    0x000000000001f2fb      0x172 /home/mouse/await-glibc/build/elf/rtld-libc.a(rtld-fcntl_nocancel.os)
 .debug_line    0x000000000001f46d       0xf1 /home/mouse/await-glibc/build/elf/rtld-libc.a(rtld-open64_nocancel.os)
 .debug_line    0x000000000001f55e       0xc9 /home/mouse/await-glibc/build/elf/rtld-libc.a(rtld-read_nocancel.os)
 .debug_line    0x000000000001f627       0xd2 /home/mouse/await-glibc/build/elf/rtld-libc.a(rtld-pread64_nocancel.os)
 .debug_line    0x000000000001f6f9       0xc9 /home/mouse/await-glibc/build/elf/rtld-libc.a(rtld-write_nocancel.os)
 .debug_line    0x000000000001f7c2      0x18e /home/mouse/await-glibc/build/elf/rtld-libc.a(rtld-scratch_buffer_set_array_size.os)
 .debug_line    0x000000000001f950       0xe2 /home/mouse/await-glibc/build/elf/rtld-libc.a(rtld-mmap64.os)
 .debug_line    0x000000000001fa32       0x51 /home/mouse/await-glibc/build/elf/rtld-libc.a(rtld-munmap.os)
 .debug_line    0x000000000001fa83       0x51 /home/mouse/await-glibc/build/elf/rtld-libc.a(rtld-mprotect.os)
 .debug_line    0x000000000001fad4      0x1d8 /home/mouse/await-glibc/build/elf/rtld-libc.a(rtld-lowlevellock.os)
 .debug_line    0x000000000001fcac       0x51 /home/mouse/await-glibc/build/elf/rtld-libc.a(rtld-uname.os)
 .debug_line    0x000000000001fcfd      0x106 /home/mouse/await-glibc/build/elf/rtld-libc.a(rtld-_exit.os)
 .debug_line    0x000000000001fe03       0x4f /home/mouse/await-glibc/build/elf/rtld-libc.a(rtld-getpid.os)
 .debug_line    0x000000000001fe52       0x3f /home/mouse/await-glibc/build/elf/rtld-libc.a(rtld-environ.os)
 .debug_line    0x000000000001fe91       0x62 /home/mouse/await-glibc/build/elf/rtld-libc.a(rtld-setjmp.os)
 .debug_line    0x000000000001fef3       0x6d /home/mouse/await-glibc/build/elf/rtld-libc.a(rtld-__longjmp.os)
 .debug_line    0x000000000001ff60       0xe9 /home/mouse/await-glibc/build/elf/rtld-libc.a(rtld-sigaction.os)
 .debug_line    0x0000000000020049      0x1da /home/mouse/await-glibc/build/elf/rtld-libc.a(rtld-libc_sigaction.os)
 .debug_line    0x0000000000020223       0xae /home/mouse/await-glibc/build/elf/rtld-libc.a(rtld-strdup.os)
 .debug_line    0x00000000000202d1       0x5d /home/mouse/await-glibc/build/elf/rtld-libc.a(rtld-strerrorname_np.os)
 .debug_line    0x000000000002032e      0x491 /home/mouse/await-glibc/build/elf/rtld-libc.a(rtld-strcmp-sse2.os)
 .debug_line    0x00000000000207bf      0x527 /home/mouse/await-glibc/build/elf/rtld-libc.a(rtld-strncmp-sse2.os)
 .debug_line    0x0000000000020ce6      0x119 /home/mouse/await-glibc/build/elf/rtld-libc.a(rtld-memchr-sse2.os)
 .debug_line    0x0000000000020dff       0xc4 /home/mouse/await-glibc/build/elf/rtld-libc.a(rtld-rawmemchr-sse2.os)
 .debug_line    0x0000000000020ec3      0x14e /home/mouse/await-glibc/build/elf/rtld-libc.a(rtld-memcmp-sse2.os)
 .debug_line    0x0000000000021011       0xd2 /home/mouse/await-glibc/build/elf/rtld-libc.a(rtld-strchr-sse2.os)
 .debug_line    0x00000000000210e3       0x98 /home/mouse/await-glibc/build/elf/rtld-libc.a(rtld-strlen-sse2.os)
 .debug_line    0x000000000002117b       0x9c /home/mouse/await-glibc/build/elf/rtld-libc.a(rtld-strnlen-sse2.os)
 .debug_line    0x0000000000021217       0x96 /home/mouse/await-glibc/build/elf/rtld-libc.a(rtld-stpcpy-sse2.os)
 .debug_line    0x00000000000212ad       0x80 /home/mouse/await-glibc/build/elf/rtld-libc.a(rtld-strcspn-sse2.os)
 .debug_line    0x000000000002132d       0xdc /home/mouse/await-glibc/build/elf/rtld-libc.a(rtld-memmove-sse2-unaligned-erms.os)
 .debug_line    0x0000000000021409       0x91 /home/mouse/await-glibc/build/elf/rtld-libc.a(rtld-memset-sse2-unaligned-erms.os)
 .debug_line    0x000000000002149a       0xcf /home/mouse/await-glibc/build/elf/rtld-libc.a(rtld-setitimer.os)
 .debug_line    0x0000000000021569       0xd4 /home/mouse/await-glibc/build/elf/rtld-libc.a(rtld-errlist.os)

.debug_frame
 *(.debug_frame)

.debug_str      0x0000000000000000    0x63770
 *(.debug_str)
 .debug_str     0x0000000000000000    0x58f0a /home/mouse/await-glibc/build/elf/dl-allobjs.os
 .debug_str     0x0000000000058f0a      0x546 /home/mouse/await-glibc/build/elf/rtld-libc.a(rtld-check_fds.os)
 .debug_str     0x0000000000059450      0x3eb /home/mouse/await-glibc/build/elf/rtld-libc.a(rtld-errno.os)
 .debug_str     0x000000000005983b      0x40d /home/mouse/await-glibc/build/elf/rtld-libc.a(rtld-closedir.os)
 .debug_str     0x0000000000059c48      0x3d3 /home/mouse/await-glibc/build/elf/rtld-libc.a(rtld-rewinddir.os)
 .debug_str     0x000000000005a01b      0x456 /home/mouse/await-glibc/build/elf/rtld-libc.a(rtld-readdir64.os)
 .debug_str     0x000000000005a471      0x539 /home/mouse/await-glibc/build/elf/rtld-libc.a(rtld-fdopendir.os)
 .debug_str     0x000000000005a9aa      0x3b8 /home/mouse/await-glibc/build/elf/rtld-libc.a(rtld-getdents64.os)
 .debug_str     0x000000000005ad62      0xaa5 /home/mouse/await-glibc/build/elf/rtld-libc.a(rtld-dl-addr-obj.os)
 .debug_str     0x000000000005b807      0x6df /home/mouse/await-glibc/build/elf/rtld-libc.a(rtld-profil.os)
 .debug_str     0x000000000005bee6     0x15f1 /home/mouse/await-glibc/build/elf/rtld-libc.a(rtld-prof-freq.os)
 .debug_str     0x000000000005d4d7      0x2ba /home/mouse/await-glibc/build/elf/rtld-libc.a(rtld-stat64.os)
 .debug_str     0x000000000005d791      0x2c2 /home/mouse/await-glibc/build/elf/rtld-libc.a(rtld-fstat64.os)
 .debug_str     0x000000000005da53      0x2bc /home/mouse/await-glibc/build/elf/rtld-libc.a(rtld-lstat64.os)
 .debug_str     0x000000000005dd0f      0x4da /home/mouse/await-glibc/build/elf/rtld-libc.a(rtld-fstatat64.os)
 .debug_str     0x000000000005e1e9      0x43f /home/mouse/await-glibc/build/elf/rtld-libc.a(rtld-openat64.os)
 .debug_str     0x000000000005e628      0x3b5 /home/mouse/await-glibc/build/elf/rtld-libc.a(rtld-lseek64.os)
 .debug_str     0x000000000005e9dd      0x397 /home/mouse/await-glibc/build/elf/rtld-libc.a(rtld-access.os)
 .debug_str     0x000000000005ed74      0x3a4 /home/mouse/await-glibc/build/elf/rtld-libc.a(rtld-close_nocancel.os)
 .debug_str     0x000000000005f118      0x491 /home/mouse/await-glibc/build/elf/rtld-libc.a(rtld-fcntl_nocancel.os)
 .debug_str     0x000000000005f5a9      0x436 /home/mouse/await-glibc/build/elf/rtld-libc.a(rtld-open64_nocancel.os)
 .debug_str     0x000000000005f9df      0x3d0 /home/mouse/await-glibc/build/elf/rtld-libc.a(rtld-read_nocancel.os)
 .debug_str     0x000000000005fdaf      0x3f5 /home/mouse/await-glibc/build/elf/rtld-libc.a(rtld-pread64_nocancel.os)
 .debug_str     0x00000000000601a4      0x3d2 /home/mouse/await-glibc/build/elf/rtld-libc.a(rtld-write_nocancel.os)
 .debug_str     0x0000000000060576      0x2a5 /home/mouse/await-glibc/build/elf/rtld-libc.a(rtld-scratch_buffer_set_array_size.os)
 .debug_str     0x000000000006081b      0x3d9 /home/mouse/await-glibc/build/elf/rtld-libc.a(rtld-mmap64.os)
 .debug_str     0x0000000000060bf4       0x57 /home/mouse/await-glibc/build/elf/rtld-libc.a(rtld-munmap.os)
 .debug_str     0x0000000000060c4b       0x57 /home/mouse/await-glibc/build/elf/rtld-libc.a(rtld-mprotect.os)
 .debug_str     0x0000000000060ca2      0x4d2 /home/mouse/await-glibc/build/elf/rtld-libc.a(rtld-lowlevellock.os)
 .debug_str     0x0000000000061174       0x58 /home/mouse/await-glibc/build/elf/rtld-libc.a(rtld-uname.os)
 .debug_str     0x00000000000611cc      0x395 /home/mouse/await-glibc/build/elf/rtld-libc.a(rtld-_exit.os)
 .debug_str     0x0000000000061561       0x58 /home/mouse/await-glibc/build/elf/rtld-libc.a(rtld-getpid.os)